../Drivers/STM32F4xx_HAL_Driver/Src/stm32f4xx_ll_adc.c:289:13:LL_ADC_CommonDeInit	0	static
../Drivers/STM32F4xx_HAL_Driver/Src/stm32f4xx_ll_adc.c:319:13:LL_ADC_CommonInit	12	static
../Drivers/STM32F4xx_HAL_Driver/Src/stm32f4xx_ll_adc.c:401:6:LL_ADC_CommonStructInit	0	static
../Drivers/STM32F4xx_HAL_Driver/Src/stm32f4xx_ll_adc.c:426:13:LL_ADC_DeInit	0	static
../Drivers/STM32F4xx_HAL_Driver/Src/stm32f4xx_ll_adc.c:585:13:LL_ADC_Init	12	static
../Drivers/STM32F4xx_HAL_Driver/Src/stm32f4xx_ll_adc.c:633:6:LL_ADC_StructInit	0	static
../Drivers/STM32F4xx_HAL_Driver/Src/stm32f4xx_ll_adc.c:680:13:LL_ADC_REG_Init	8	static
../Drivers/STM32F4xx_HAL_Driver/Src/stm32f4xx_ll_adc.c:769:6:LL_ADC_REG_StructInit	0	static
../Drivers/STM32F4xx_HAL_Driver/Src/stm32f4xx_ll_adc.c:815:13:LL_ADC_INJ_Init	8	static
../Drivers/STM32F4xx_HAL_Driver/Src/stm32f4xx_ll_adc.c:893:6:LL_ADC_INJ_StructInit	0	static
