../MyDRV/device_drv/H3LIS331DL/h3lis331dl.c:11:13:H3LIS331DL_Write	16	static
../MyDRV/device_drv/H3LIS331DL/h3lis331dl.c:16:13:H3LIS331DL_Read	32	static
../MyDRV/device_drv/H3LIS331DL/h3lis331dl.c:26:14:H3LIS331DL_Init	24	static
../MyDRV/device_drv/H3LIS331DL/h3lis331dl.c:50:14:H3LIS331DL_Read_ID	16	static
../MyDRV/device_drv/H3LIS331DL/h3lis331dl.c:56:14:H3LIS331DL_Set_FS	24	static
../MyDRV/device_drv/H3LIS331DL/h3lis331dl.c:76:17:H3LIS331DL_Get_FS	24	static
../MyDRV/device_drv/H3LIS331DL/h3lis331dl.c:91:14:H3LIS331DL_Get_Accel	24	static
../MyDRV/device_drv/H3LIS331DL/h3lis331dl.c:123:14:H3LIS331DL_Get_Accel_IT_Start	24	static
../MyDRV/device_drv/H3LIS331DL/h3lis331dl.c:133:6:H3LIS331DL_Get_Accel_IT_Complete	24	static
../MyDRV/device_drv/H3LIS331DL/h3lis331dl.c:163:14:H3LIS331DL_Set_Interrupt_Threshold	32	static
../MyDRV/device_drv/H3LIS331DL/h3lis331dl.c:180:14:H3LIS331DL_Get_Interrupt_Threshold	24	static
../MyDRV/device_drv/H3LIS331DL/h3lis331dl.c:202:14:H3LIS331DL_Enable_INT1_All	24	static
