Archive member included to satisfy reference by file (symbol)

C:/ST/STM32CubeIDE_2.0.0/STM32CubeIDE/plugins/com.st.stm32cube.ide.mcu.externaltools.gnu-tools-for-stm32.13.3.rel1.win32_1.0.100.202509120712/tools/bin/../lib/gcc/arm-none-eabi/13.3.1/../../../../arm-none-eabi/lib/thumb/v7e-m+fp/hard\libc_nano.a(libc_a-atoi.o)
                              ./App/cmd_line_task/cli_command.o (atoi)
C:/ST/STM32CubeIDE_2.0.0/STM32CubeIDE/plugins/com.st.stm32cube.ide.mcu.externaltools.gnu-tools-for-stm32.13.3.rel1.win32_1.0.100.202509120712/tools/bin/../lib/gcc/arm-none-eabi/13.3.1/../../../../arm-none-eabi/lib/thumb/v7e-m+fp/hard\libc_nano.a(libc_a-exit.o)
                              C:/ST/STM32CubeIDE_2.0.0/STM32CubeIDE/plugins/com.st.stm32cube.ide.mcu.externaltools.gnu-tools-for-stm32.13.3.rel1.win32_1.0.100.202509120712/tools/bin/../lib/gcc/arm-none-eabi/13.3.1/../../../../arm-none-eabi/lib/thumb/v7e-m+fp/hard/crt0.o (exit)
C:/ST/STM32CubeIDE_2.0.0/STM32CubeIDE/plugins/com.st.stm32cube.ide.mcu.externaltools.gnu-tools-for-stm32.13.3.rel1.win32_1.0.100.202509120712/tools/bin/../lib/gcc/arm-none-eabi/13.3.1/../../../../arm-none-eabi/lib/thumb/v7e-m+fp/hard\libc_nano.a(libc_a-strtol.o)
                              C:/ST/STM32CubeIDE_2.0.0/STM32CubeIDE/plugins/com.st.stm32cube.ide.mcu.externaltools.gnu-tools-for-stm32.13.3.rel1.win32_1.0.100.202509120712/tools/bin/../lib/gcc/arm-none-eabi/13.3.1/../../../../arm-none-eabi/lib/thumb/v7e-m+fp/hard\libc_nano.a(libc_a-atoi.o) (_strtol_r)
C:/ST/STM32CubeIDE_2.0.0/STM32CubeIDE/plugins/com.st.stm32cube.ide.mcu.externaltools.gnu-tools-for-stm32.13.3.rel1.win32_1.0.100.202509120712/tools/bin/../lib/gcc/arm-none-eabi/13.3.1/../../../../arm-none-eabi/lib/thumb/v7e-m+fp/hard\libc_nano.a(libc_a-ctype_.o)
                              C:/ST/STM32CubeIDE_2.0.0/STM32CubeIDE/plugins/com.st.stm32cube.ide.mcu.externaltools.gnu-tools-for-stm32.13.3.rel1.win32_1.0.100.202509120712/tools/bin/../lib/gcc/arm-none-eabi/13.3.1/../../../../arm-none-eabi/lib/thumb/v7e-m+fp/hard\libc_nano.a(libc_a-strtol.o) (_ctype_)
C:/ST/STM32CubeIDE_2.0.0/STM32CubeIDE/plugins/com.st.stm32cube.ide.mcu.externaltools.gnu-tools-for-stm32.13.3.rel1.win32_1.0.100.202509120712/tools/bin/../lib/gcc/arm-none-eabi/13.3.1/../../../../arm-none-eabi/lib/thumb/v7e-m+fp/hard\libc_nano.a(libc_a-findfp.o)
                              C:/ST/STM32CubeIDE_2.0.0/STM32CubeIDE/plugins/com.st.stm32cube.ide.mcu.externaltools.gnu-tools-for-stm32.13.3.rel1.win32_1.0.100.202509120712/tools/bin/../lib/gcc/arm-none-eabi/13.3.1/../../../../arm-none-eabi/lib/thumb/v7e-m+fp/hard\libc_nano.a(libc_a-exit.o) (__stdio_exit_handler)
C:/ST/STM32CubeIDE_2.0.0/STM32CubeIDE/plugins/com.st.stm32cube.ide.mcu.externaltools.gnu-tools-for-stm32.13.3.rel1.win32_1.0.100.202509120712/tools/bin/../lib/gcc/arm-none-eabi/13.3.1/../../../../arm-none-eabi/lib/thumb/v7e-m+fp/hard\libc_nano.a(libc_a-fwalk.o)
                              C:/ST/STM32CubeIDE_2.0.0/STM32CubeIDE/plugins/com.st.stm32cube.ide.mcu.externaltools.gnu-tools-for-stm32.13.3.rel1.win32_1.0.100.202509120712/tools/bin/../lib/gcc/arm-none-eabi/13.3.1/../../../../arm-none-eabi/lib/thumb/v7e-m+fp/hard\libc_nano.a(libc_a-findfp.o) (_fwalk_sglue)
C:/ST/STM32CubeIDE_2.0.0/STM32CubeIDE/plugins/com.st.stm32cube.ide.mcu.externaltools.gnu-tools-for-stm32.13.3.rel1.win32_1.0.100.202509120712/tools/bin/../lib/gcc/arm-none-eabi/13.3.1/../../../../arm-none-eabi/lib/thumb/v7e-m+fp/hard\libc_nano.a(libc_a-snprintf.o)
                              ./App/cmd_line_task/cli_command.o (snprintf)
C:/ST/STM32CubeIDE_2.0.0/STM32CubeIDE/plugins/com.st.stm32cube.ide.mcu.externaltools.gnu-tools-for-stm32.13.3.rel1.win32_1.0.100.202509120712/tools/bin/../lib/gcc/arm-none-eabi/13.3.1/../../../../arm-none-eabi/lib/thumb/v7e-m+fp/hard\libc_nano.a(libc_a-sprintf.o)
                              ./App/cap_controller_task/cap_calib_task.o (sprintf)
C:/ST/STM32CubeIDE_2.0.0/STM32CubeIDE/plugins/com.st.stm32cube.ide.mcu.externaltools.gnu-tools-for-stm32.13.3.rel1.win32_1.0.100.202509120712/tools/bin/../lib/gcc/arm-none-eabi/13.3.1/../../../../arm-none-eabi/lib/thumb/v7e-m+fp/hard\libc_nano.a(libc_a-stdio.o)
                              C:/ST/STM32CubeIDE_2.0.0/STM32CubeIDE/plugins/com.st.stm32cube.ide.mcu.externaltools.gnu-tools-for-stm32.13.3.rel1.win32_1.0.100.202509120712/tools/bin/../lib/gcc/arm-none-eabi/13.3.1/../../../../arm-none-eabi/lib/thumb/v7e-m+fp/hard\libc_nano.a(libc_a-findfp.o) (__sread)
C:/ST/STM32CubeIDE_2.0.0/STM32CubeIDE/plugins/com.st.stm32cube.ide.mcu.externaltools.gnu-tools-for-stm32.13.3.rel1.win32_1.0.100.202509120712/tools/bin/../lib/gcc/arm-none-eabi/13.3.1/../../../../arm-none-eabi/lib/thumb/v7e-m+fp/hard\libc_nano.a(libc_a-memmove.o)
                              ./MyDRV/cli/CLI_Src/embedded_cli.o (memmove)
[...]
Memory Configuration

Name             Origin             Length             Attributes
CCMRAM           0x10000000         0x00010000         xrw
RAM              0x20000000         0x00020000         xrw
FLASH            0x08000000         0x00100000         xr
*default*        0x00000000         0xffffffff

Linker script and memory map

LOAD C:/ST/STM32CubeIDE_2.0.0/STM32CubeIDE/plugins/com.st.stm32cube.ide.mcu.externaltools.gnu-tools-for-stm32.13.3.rel1.win32_1.0.100.202509120712/tools/bin/../lib/gcc/arm-none-eabi/13.3.1/thumb/v7e-m+fp/hard/crti.o
LOAD C:/ST/STM32CubeIDE_2.0.0/STM32CubeIDE/plugins/com.st.stm32cube.ide.mcu.externaltools.gnu-tools-for-stm32.13.3.rel1.win32_1.0.100.202509120712/tools/bin/../lib/gcc/arm-none-eabi/13.3.1/thumb/v7e-m+fp/hard/crtbegin.o
LOAD C:/ST/STM32CubeIDE_2.0.0/STM32CubeIDE/plugins/com.st.stm32cube.ide.mcu.externaltools.gnu-tools-for-stm32.13.3.rel1.win32_1.0.100.202509120712/tools/bin/../lib/gcc/arm-none-eabi/13.3.1/../../../../arm-none-eabi/lib/thumb/v7e-m+fp/hard/crt0.o
LOAD ./App/app.o
LOAD ./App/cap_controller_task/cap_calib_task.o
LOAD ./App/cap_controller_task/cap_controller_task.o
LOAD ./App/cmd_line_task/cli_command.o
LOAD ./App/cmd_line_task/debug_cmd_task.o
LOAD ./Core/Src/main.o
LOAD ./Core/Src/stm32f4xx_it.o
LOAD ./Core/Src/syscalls.o
LOAD ./Core/Src/sysmem.o
LOAD ./Core/Src/system_stm32f4xx.o
LOAD ./Core/Startup/startup_stm32f405rgtx.o
LOAD ./Drivers/STM32F4xx_HAL_Driver/Src/stm32f4xx_ll_adc.o
LOAD ./Drivers/STM32F4xx_HAL_Driver/Src/stm32f4xx_ll_dma.o
LOAD ./Drivers/STM32F4xx_HAL_Driver/Src/stm32f4xx_ll_exti.o
LOAD ./Drivers/STM32F4xx_HAL_Driver/Src/stm32f4xx_ll_gpio.o
LOAD ./Drivers/STM32F4xx_HAL_Driver/Src/stm32f4xx_ll_rcc.o
LOAD ./Drivers/STM32F4xx_HAL_Driver/Src/stm32f4xx_ll_tim.o
LOAD ./Drivers/STM32F4xx_HAL_Driver/Src/stm32f4xx_ll_usart.o
LOAD ./Drivers/STM32F4xx_HAL_Driver/Src/stm32f4xx_ll_utils.o
LOAD ./MyDRV/cli/CLI_Setup/cli_setup.o
LOAD ./MyDRV/cli/CLI_Src/embedded_cli.o
LOAD ./MyDRV/pid/pid.o
LOAD ./MyDRV/pwm/pwm.o
LOAD ./MyDRV/scheduler/scheduler.o
LOAD ./MyDRV/uart/ring_buffer.o
LOAD ./MyDRV/uart/uart_driver.o
START GROUP
LOAD C:/ST/STM32CubeIDE_2.0.0/STM32CubeIDE/plugins/com.st.stm32cube.ide.mcu.externaltools.gnu-tools-for-stm32.13.3.rel1.win32_1.0.100.202509120712/tools/bin/../lib/gcc/arm-none-eabi/13.3.1/../../../../arm-none-eabi/lib/thumb/v7e-m+fp/hard\libc_nano.a
LOAD C:/ST/STM32CubeIDE_2.0.0/STM32CubeIDE/plugins/com.st.stm32cube.ide.mcu.externaltools.gnu-tools-for-stm32.13.3.rel1.win32_1.0.100.202509120712/tools/bin/../lib/gcc/arm-none-eabi/13.3.1/../../../../arm-none-eabi/lib/thumb/v7e-m+fp/hard\libm.a
END GROUP
START GROUP
LOAD C:/ST/STM32CubeIDE_2.0.0/STM32CubeIDE/plugins/com.st.stm32cube.ide.mcu.externaltools.gnu-tools-for-stm32.13.3.rel1.win32_1.0.100.202509120712/tools/bin/../lib/gcc/arm-none-eabi/13.3.1/thumb/v7e-m+fp/hard\libgcc.a
LOAD C:/ST/STM32CubeIDE_2.0.0/STM32CubeIDE/plugins/com.st.stm32cube.ide.mcu.externaltools.gnu-tools-for-stm32.13.3.rel1.win32_1.0.100.202509120712/tools/bin/../lib/gcc/arm-none-eabi/13.3.1/../../../../arm-none-eabi/lib/thumb/v7e-m+fp/hard\libc_nano.a
END GROUP
START GROUP
LOAD C:/ST/STM32CubeIDE_2.0.0/STM32CubeIDE/plugins/com.st.stm32cube.ide.mcu.externaltools.gnu-tools-for-stm32.13.3.rel1.win32_1.0.100.202509120712/tools/bin/../lib/gcc/arm-none-eabi/13.3.1/thumb/v7e-m+fp/hard\libgcc.a
LOAD C:/ST/STM32CubeIDE_2.0.0/STM32CubeIDE/plugins/com.st.stm32cube.ide.mcu.externaltools.gnu-tools-for-stm32.13.3.rel1.win32_1.0.100.202509120712/tools/bin/../lib/gcc/arm-none-eabi/13.3.1/../../../../arm-none-eabi/lib/thumb/v7e-m+fp/hard\libc_nano.a
LOAD C:/ST/STM32CubeIDE_2.0.0/STM32CubeIDE/plugins/com.st.stm32cube.ide.mcu.externaltools.gnu-tools-for-stm32.13.3.rel1.win32_1.0.100.202509120712/tools/bin/../lib/gcc/arm-none-eabi/13.3.1/../../../../arm-none-eabi/lib/thumb/v7e-m+fp/hard\libnosys.a
END GROUP
START GROUP
LOAD C:/ST/STM32CubeIDE_2.0.0/STM32CubeIDE/plugins/com.st.stm32cube.ide.mcu.externaltools.gnu-tools-for-stm32.13.3.rel1.win32_1.0.100.202509120712/tools/bin/../lib/gcc/arm-none-eabi/13.3.1/thumb/v7e-m+fp/hard\libgcc.a
LOAD C:/ST/STM32CubeIDE_2.0.0/STM32CubeIDE/plugins/com.st.stm32cube.ide.mcu.externaltools.gnu-tools-for-stm32.13.3.rel1.win32_1.0.100.202509120712/tools/bin/../lib/gcc/arm-none-eabi/13.3.1/../../../../arm-none-eabi/lib/thumb/v7e-m+fp/hard\libc_nano.a
LOAD C:/ST/STM32CubeIDE_2.0.0/STM32CubeIDE/plugins/com.st.stm32cube.ide.mcu.externaltools.gnu-tools-for-stm32.13.3.rel1.win32_1.0.100.202509120712/tools/bin/../lib/gcc/arm-none-eabi/13.3.1/../../../../arm-none-eabi/lib/thumb/v7e-m+fp/hard\libnosys.a
END GROUP
LOAD C:/ST/STM32CubeIDE_2.0.0/STM32CubeIDE/plugins/com.st.stm32cube.ide.mcu.externaltools.gnu-tools-for-stm32.13.3.rel1.win32_1.0.100.202509120712/tools/bin/../lib/gcc/arm-none-eabi/13.3.1/thumb/v7e-m+fp/hard/crtend.o
LOAD C:/ST/STM32CubeIDE_2.0.0/STM32CubeIDE/plugins/com.st.stm32cube.ide.mcu.externaltools.gnu-tools-for-stm32.13.3.rel1.win32_1.0.100.202509120712/tools/bin/../lib/gcc/arm-none-eabi/13.3.1/thumb/v7e-m+fp/hard/crtn.o
                0x20020000                        _estack = (ORIGIN (RAM) + LENGTH (RAM))
                0x00000200                        _Min_Heap_Size = 0x200
                0x00000400                        _Min_Stack_Size = 0x400

.isr_vector     0x08000000      0x188
                0x08000000                        . = ALIGN (0x4)
 *(.isr_vector)
 .isr_vector    0x08000000      0x188 ./Core/Startup/startup_stm32f405rgtx.o
                0x08000000                g_pfnVectors
                0x08000188                        . = ALIGN (0x4)

.text           0x08000190     0x86f8
                0x08000190                        . = ALIGN (0x4)
 *(.text)
 .text          0x08000190       0x40 C:/ST/STM32CubeIDE_2.0.0/STM32CubeIDE/plugins/com.st.stm32cube.ide.mcu.externaltools.gnu-tools-for-stm32.13.3.rel1.win32_1.0.100.202509120712/tools/bin/../lib/gcc/arm-none-eabi/13.3.1/thumb/v7e-m+fp/hard/crtbegin.o
 .text          0x080001d0       0x14 C:/ST/STM32CubeIDE_2.0.0/STM32CubeIDE/plugins/com.st.stm32cube.ide.mcu.externaltools.gnu-tools-for-stm32.13.3.rel1.win32_1.0.100.202509120712/tools/bin/../lib/gcc/arm-none-eabi/13.3.1/../../../../arm-none-eabi/lib/thumb/v7e-m+fp/hard\libc_nano.a(libc_a-strcmp.o)
                0x080001d0                strcmp
 .text          0x080001e4       0x10 C:/ST/STM32CubeIDE_2.0.0/STM32CubeIDE/plugins/com.st.stm32cube.ide.mcu.externaltools.gnu-tools-for-stm32.13.3.rel1.win32_1.0.100.202509120712/tools/bin/../lib/gcc/arm-none-eabi/13.3.1/../../../../arm-none-eabi/lib/thumb/v7e-m+fp/hard\libc_nano.a(libc_a-strlen.o)
                0x080001e4                strlen
 *fill*         0x080001f4        0xc 
 .text          0x08000200       0xa0 C:/ST/STM32CubeIDE_2.0.0/STM32CubeIDE/plugins/com.st.stm32cube.ide.mcu.externaltools.gnu-tools-for-stm32.13.3.rel1.win32_1.0.100.202509120712/tools/bin/../lib/gcc/arm-none-eabi/13.3.1/../../../../arm-none-eabi/lib/thumb/v7e-m+fp/hard\libc_nano.a(libc_a-memchr.o)
                0x08000200                memchr
 .text          0x080002a0      0x378 C:/ST/STM32CubeIDE_2.0.0/STM32CubeIDE/plugins/com.st.stm32cube.ide.mcu.externaltools.gnu-tools-for-stm32.13.3.rel1.win32_1.0.100.202509120712/tools/bin/../lib/gcc/arm-none-eabi/13.3.1/thumb/v7e-m+fp/hard\libgcc.a(_arm_addsubdf3.o)
                0x080002a0                __aeabi_drsub
                0x080002a8                __aeabi_dsub
                0x080002a8                __subdf3
                0x080002ac                __aeabi_dadd
                0x080002ac                __adddf3
                0x08000524                __floatunsidf
                0x08000524                __aeabi_ui2d
                0x08000544                __floatsidf
                0x08000544                __aeabi_i2d
                0x08000568                __aeabi_f2d
                0x08000568                __extendsfdf2
                0x080005ac                __floatundidf
                0x080005ac                __aeabi_ul2d
                0x080005bc                __floatdidf
                0x080005bc                __aeabi_l2d
 .text          0x08000618      0x424 C:/ST/STM32CubeIDE_2.0.0/STM32CubeIDE/plugins/com.st.stm32cube.ide.mcu.externaltools.gnu-tools-for-stm32.13.3.rel1.win32_1.0.100.202509120712/tools/bin/../lib/gcc/arm-none-eabi/13.3.1/thumb/v7e-m+fp/hard\libgcc.a(_arm_muldivdf3.o)
                0x08000618                __aeabi_dmul
                0x08000618                __muldf3
                0x0800086c                __divdf3
                0x0800086c                __aeabi_ddiv
 .text          0x08000a3c      0x110 C:/ST/STM32CubeIDE_2.0.0/STM32CubeIDE/plugins/com.st.stm32cube.ide.mcu.externaltools.gnu-tools-for-stm32.13.3.rel1.win32_1.0.100.202509120712/tools/bin/../lib/gcc/arm-none-eabi/13.3.1/thumb/v7e-m+fp/hard\libgcc.a(_arm_cmpdf2.o)
                0x08000a3c                __gtdf2
                0x08000a3c                __gedf2
                0x08000a44                __ltdf2
                0x08000a44                __ledf2
                0x08000a4c                __nedf2
                0x08000a4c                __eqdf2
                0x08000a4c                __cmpdf2
                0x08000ac8                __aeabi_cdrcmple
                0x08000ad8                __aeabi_cdcmpeq
                0x08000ad8                __aeabi_cdcmple
                0x08000ae8                __aeabi_dcmpeq
                0x08000afc                __aeabi_dcmplt
                0x08000b10                __aeabi_dcmple
                0x08000b24                __aeabi_dcmpge
                0x08000b38                __aeabi_dcmpgt
 .text          0x08000b4c       0x40 C:/ST/STM32CubeIDE_2.0.0/STM32CubeIDE/plugins/com.st.stm32cube.ide.mcu.externaltools.gnu-tools-for-stm32.13.3.rel1.win32_1.0.100.202509120712/tools/bin/../lib/gcc/arm-none-eabi/13.3.1/thumb/v7e-m+fp/hard\libgcc.a(_arm_fixunsdfsi.o)
                0x08000b4c                __aeabi_d2uiz
                0x08000b4c                __fixunsdfsi
 .text          0x08000b8c       0xa0 C:/ST/STM32CubeIDE_2.0.0/STM32CubeIDE/plugins/com.st.stm32cube.ide.mcu.externaltools.gnu-tools-for-stm32.13.3.rel1.win32_1.0.100.202509120712/tools/bin/../lib/gcc/arm-none-eabi/13.3.1/thumb/v7e-m+fp/hard\libgcc.a(_arm_truncdfsf2.o)
                0x08000b8c                __truncdfsf2
                0x08000b8c                __aeabi_d2f
 .text          0x08000c2c       0x30 C:/ST/STM32CubeIDE_2.0.0/STM32CubeIDE/plugins/com.st.stm32cube.ide.mcu.externaltools.gnu-tools-for-stm32.13.3.rel1.win32_1.0.100.202509120712/tools/bin/../lib/gcc/arm-none-eabi/13.3.1/thumb/v7e-m+fp/hard\libgcc.a(_aeabi_uldivmod.o)
                0x08000c2c                __aeabi_uldivmod
 .text          0x08000c5c      0x2f8 C:/ST/STM32CubeIDE_2.0.0/STM32CubeIDE/plugins/com.st.stm32cube.ide.mcu.externaltools.gnu-tools-for-stm32.13.3.rel1.win32_1.0.100.202509120712/tools/bin/../lib/gcc/arm-none-eabi/13.3.1/thumb/v7e-m+fp/hard\libgcc.a(_udivmoddi4.o)
                0x08000c5c                __udivmoddi4
 .text          0x08000f54        0x4 C:/ST/STM32CubeIDE_2.0.0/STM32CubeIDE/plugins/com.st.stm32cube.ide.mcu.externaltools.gnu-tools-for-stm32.13.3.rel1.win32_1.0.100.202509120712/tools/bin/../lib/gcc/arm-none-eabi/13.3.1/thumb/v7e-m+fp/hard\libgcc.a(_dvmd_tls.o)
                0x08000f54                __aeabi_idiv0
                0x08000f54                __aeabi_ldiv0
 *(.text*)
 .text.App_Main
                0x08000f58       0x1a ./App/app.o
                0x08000f58                App_Main
 .text.Status_Led
                0x08000f72       0x14 ./App/app.o
 *fill*         0x08000f86        0x2 
 .text.Calib_Task_Init
                0x08000f88       0x84 ./App/cap_controller_task/cap_calib_task.o
                0x08000f88                Calib_Task_Init
 *fill*         0x0800100c        0x4 
 .text.Calib_Task
                0x08001010      0x440 ./App/cap_controller_task/cap_calib_task.o
                0x08001010                Calib_Task
 .text.Charge_Cap_Procedure
                0x08001450       0x2a ./App/cap_controller_task/cap_calib_task.o
 .text.LL_ADC_SetSequencersScanMode
                0x0800147a       0x26 ./App/cap_controller_task/cap_controller_task.o
 .text.LL_ADC_REG_SetTriggerSource
                0x080014a0       0x2a ./App/cap_controller_task/cap_controller_task.o
 .text.LL_ADC_REG_SetSequencerLength
                0x080014ca       0x26 ./App/cap_controller_task/cap_controller_task.o
 .text.LL_ADC_REG_SetSequencerRanks
                0x080014f0       0x7a ./App/cap_controller_task/cap_controller_task.o
 .text.LL_ADC_REG_SetContinuousMode
                0x0800156a       0x26 ./App/cap_controller_task/cap_controller_task.o
 .text.LL_ADC_REG_SetFlagEndOfConversion
                0x08001590       0x26 ./App/cap_controller_task/cap_controller_task.o
 .text.LL_ADC_SetChannelSamplingTime
                0x080015b6       0xc2 ./App/cap_controller_task/cap_controller_task.o
 .text.LL_ADC_Enable
                0x08001678       0x20 ./App/cap_controller_task/cap_controller_task.o
 .text.LL_ADC_Disable
                0x08001698       0x20 ./App/cap_controller_task/cap_controller_task.o
 .text.LL_ADC_REG_StartConversionSWStart
                0x080016b8       0x20 ./App/cap_controller_task/cap_controller_task.o
 .text.LL_ADC_REG_ReadConversionData12
                0x080016d8       0x1a ./App/cap_controller_task/cap_controller_task.o
 .text.LL_ADC_IsActiveFlag_EOCS
                0x080016f2       0x26 ./App/cap_controller_task/cap_controller_task.o
 .text.LL_ADC_IsActiveFlag_OVR
                0x08001718       0x26 ./App/cap_controller_task/cap_controller_task.o
 .text.LL_ADC_ClearFlag_EOCS
                0x0800173e       0x1c ./App/cap_controller_task/cap_controller_task.o
 .text.LL_ADC_ClearFlag_OVR
                0x0800175a       0x1c ./App/cap_controller_task/cap_controller_task.o
 .text.LL_ADC_EnableIT_EOCS
                0x08001776       0x20 ./App/cap_controller_task/cap_controller_task.o
 .text.LL_ADC_EnableIT_OVR
                0x08001796       0x20 ./App/cap_controller_task/cap_controller_task.o
 .text.LL_GPIO_IsInputPinSet
                0x080017b6       0x2a ./App/cap_controller_task/cap_controller_task.o
 .text.LL_GPIO_SetOutputPin
                0x080017e0       0x1c ./App/cap_controller_task/cap_controller_task.o
 .text.LL_GPIO_ResetOutputPin
                0x080017fc       0x1e ./App/cap_controller_task/cap_controller_task.o
 .text.LL_TIM_EnableCounter
                0x0800181a       0x20 ./App/cap_controller_task/cap_controller_task.o
 .text.LL_TIM_EnableUpdateEvent
                0x0800183a       0x20 ./App/cap_controller_task/cap_controller_task.o
 .text.LL_TIM_DisableUpdateEvent
                0x0800185a       0x20 ./App/cap_controller_task/cap_controller_task.o
 .text.LL_TIM_EnableARRPreload
                0x0800187a       0x20 ./App/cap_controller_task/cap_controller_task.o
 .text.LL_TIM_SetPrescaler
                0x0800189a       0x1c ./App/cap_controller_task/cap_controller_task.o
 .text.LL_TIM_GetPrescaler
                0x080018b6       0x18 ./App/cap_controller_task/cap_controller_task.o
 .text.LL_TIM_SetAutoReload
                0x080018ce       0x1c ./App/cap_controller_task/cap_controller_task.o
 .text.LL_TIM_CC_EnableChannel
                0x080018ea       0x22 ./App/cap_controller_task/cap_controller_task.o
 .text.LL_TIM_OC_SetMode
                0x0800190c       0x9c ./App/cap_controller_task/cap_controller_task.o
 .text.LL_TIM_OC_SetPolarity
                0x080019a8       0x88 ./App/cap_controller_task/cap_controller_task.o
 .text.LL_TIM_OC_EnablePreload
                0x08001a30       0x88 ./App/cap_controller_task/cap_controller_task.o
 .text.LL_TIM_OC_SetCompareCH1
                0x08001ab8       0x1c ./App/cap_controller_task/cap_controller_task.o
 .text.LL_TIM_OC_SetCompareCH2
                0x08001ad4       0x1c ./App/cap_controller_task/cap_controller_task.o
 .text.LL_TIM_OC_SetCompareCH3
                0x08001af0       0x1c ./App/cap_controller_task/cap_controller_task.o
 .text.LL_TIM_OC_SetCompareCH4
                0x08001b0c       0x1c ./App/cap_controller_task/cap_controller_task.o
 .text.LL_TIM_SetOffStates
                0x08001b28       0x2c ./App/cap_controller_task/cap_controller_task.o
 .text.LL_TIM_DisableAutomaticOutput
                0x08001b54       0x20 ./App/cap_controller_task/cap_controller_task.o
 .text.LL_TIM_EnableAllOutputs
                0x08001b74       0x20 ./App/cap_controller_task/cap_controller_task.o
 .text.LL_TIM_DisableIT_UPDATE
                0x08001b94       0x20 ./App/cap_controller_task/cap_controller_task.o
 .text.LL_RCC_GetAPB1Prescaler
                0x08001bb4       0x1c ./App/cap_controller_task/cap_controller_task.o
 .text.Cap_Controller_Init
                0x08001bd0      0x1bc ./App/cap_controller_task/cap_controller_task.o
                0x08001bd0                Cap_Controller_Init
 *fill*         0x08001d8c        0x4 
 .text.Cap_Controller_Charge_Task
                0x08001d90      0x23c ./App/cap_controller_task/cap_controller_task.o
                0x08001d90                Cap_Controller_Charge_Task
 .text.Cap_Controller_Monitor_Task
                0x08001fcc       0x20 ./App/cap_controller_task/cap_controller_task.o
                0x08001fcc                Cap_Controller_Monitor_Task
 .text.Cap_Set_Volt
                0x08001fec       0x2a ./App/cap_controller_task/cap_controller_task.o
                0x08001fec                Cap_Set_Volt
 *fill*         0x08002016        0x2 
 .text.Cap_Set_Volt_All
                0x08002018       0x4c ./App/cap_controller_task/cap_controller_task.o
                0x08002018                Cap_Set_Volt_All
 .text.Cap_Set_Charge
                0x08002064       0x50 ./App/cap_controller_task/cap_controller_task.o
                0x08002064                Cap_Set_Charge
 .text.Cap_Set_Charge_All
                0x080020b4       0x98 ./App/cap_controller_task/cap_controller_task.o
                0x080020b4                Cap_Set_Charge_All
 .text.Cap_Set_Discharge
                0x0800214c       0x44 ./App/cap_controller_task/cap_controller_task.o
                0x0800214c                Cap_Set_Discharge
 .text.Cap_Set_Discharge_All
                0x08002190       0x80 ./App/cap_controller_task/cap_controller_task.o
                0x08002190                Cap_Set_Discharge_All
 .text.Cap_Get_Set_Volt
                0x08002210       0x18 ./App/cap_controller_task/cap_controller_task.o
                0x08002210                Cap_Get_Set_Volt
 .text.Cap_Get_is_Charge
                0x08002228       0x18 ./App/cap_controller_task/cap_controller_task.o
                0x08002228                Cap_Get_is_Charge
 .text.Cap_Get_is_Discharge
                0x08002240       0x18 ./App/cap_controller_task/cap_controller_task.o
                0x08002240                Cap_Get_is_Discharge
 .text.Cap_Measure_Volt
                0x08002258       0x50 ./App/cap_controller_task/cap_controller_task.o
                0x08002258                Cap_Measure_Volt
 .text.Cap_Controller_ADC_IRQHandler
                0x080022a8       0x98 ./App/cap_controller_task/cap_controller_task.o
                0x080022a8                Cap_Controller_ADC_IRQHandler
 .text.Cap_ADC_Init
                0x08002340       0x94 ./App/cap_controller_task/cap_controller_task.o
 .text.Cap_PWM_Init
                0x080023d4      0x190 ./App/cap_controller_task/cap_controller_task.o
 .text.Cap_Discharge_Init
                0x08002564       0x24 ./App/cap_controller_task/cap_controller_task.o
 .text.FlyBack_PID_Compute
                0x08002588       0xe4 ./App/cap_controller_task/cap_controller_task.o
 .text.Flyback_Set_Freq
                0x0800266c       0xa8 ./App/cap_controller_task/cap_controller_task.o
 .text.Flyback_Set_Duty
                0x08002714       0xc8 ./App/cap_controller_task/cap_controller_task.o
 .text.Cap_Controller_Charge_Monitor_300V
                0x080027dc      0x194 ./App/cap_controller_task/cap_controller_task.o
 .text.Cap_Controller_Discharge_Monitor_300V
                0x08002970       0x68 ./App/cap_controller_task/cap_controller_task.o
 .text.Cap_Controller_Charge_Monitor_50V
                0x080029d8      0x260 ./App/cap_controller_task/cap_controller_task.o
 .text.Cap_Controller_Discharge_Monitor_50V
                0x08002c38       0x68 ./App/cap_controller_task/cap_controller_task.o
 .text.Cap_Calib_Calculate
                0x08002ca0       0x36 ./App/cap_controller_task/cap_controller_task.o
 .text.Cap_ADC_to_Volt
                0x08002cd6       0x36 ./App/cap_controller_task/cap_controller_task.o
 .text.Cap_Set_Volt_Internal
                0x08002d0c       0x26 ./App/cap_controller_task/cap_controller_task.o
 *fill*         0x08002d32        0x2 
 .text.__NVIC_SystemReset
                0x08002d34       0x2c ./App/cmd_line_task/cli_command.o
 .text.CMD_ClearCLI
                0x08002d60       0x34 ./App/cmd_line_task/cli_command.o
 .text.CMD_Reset
                0x08002d94       0x10 ./App/cmd_line_task/cli_command.o
 .text.CMD_SET_CAP_VOLT_ALL
                0x08002da4      0x108 ./App/cmd_line_task/cli_command.o
 .text.CMD_SET_CAP_VOLT_HV
                0x08002eac       0xbc ./App/cmd_line_task/cli_command.o
 .text.CMD_SET_CAP_VOLT_LV
                0x08002f68       0xb8 ./App/cmd_line_task/cli_command.o
 .text.CMD_SET_CAP_CONTROL
                0x08003020      0x15c ./App/cmd_line_task/cli_command.o
 .text.CMD_SET_CAP_RELEASE
                0x0800317c       0xcc ./App/cmd_line_task/cli_command.o
 .text.CMD_GET_CAP_VOLT
                0x08003248       0x74 ./App/cmd_line_task/cli_command.o
 .text.CMD_GET_CAP_CONTROL
                0x080032bc       0x84 ./App/cmd_line_task/cli_command.o
 .text.CMD_GET_CAP_RELEASE
                0x08003340       0x84 ./App/cmd_line_task/cli_command.o
 .text.CMD_GET_CAP_ALL
                0x080033c4      0x10c ./App/cmd_line_task/cli_command.o
 .text.getCliStaticBindings
                0x080034d0       0x14 ./App/cmd_line_task/cli_command.o
                0x080034d0                getCliStaticBindings
 .text.getCliStaticBindingCount
                0x080034e4       0x10 ./App/cmd_line_task/cli_command.o
                0x080034e4                getCliStaticBindingCount
 .text.CMD_Line_Task_Init
                0x080034f4       0x70 ./App/cmd_line_task/debug_cmd_task.o
                0x080034f4                CMD_Line_Task_Init
 .text.Debug_CMD_Line_Task
                0x08003564       0x48 ./App/cmd_line_task/debug_cmd_task.o
                0x08003564                Debug_CMD_Line_Task
 .text.__NVIC_SetPriorityGrouping
                0x080035ac       0x48 ./Core/Src/main.o
 .text.__NVIC_GetPriorityGrouping
                0x080035f4       0x1c ./Core/Src/main.o
 .text.__NVIC_EnableIRQ
                0x08003610       0x3c ./Core/Src/main.o
 .text.__NVIC_SetPriority
                0x0800364c       0x54 ./Core/Src/main.o
 .text.NVIC_EncodePriority
                0x080036a0       0x66 ./Core/Src/main.o
 .text.LL_ADC_REG_SetSequencerRanks
                0x08003706       0x7a ./Core/Src/main.o
 .text.LL_ADC_REG_SetFlagEndOfConversion
                0x08003780       0x26 ./Core/Src/main.o
 .text.LL_ADC_SetChannelSamplingTime
                0x080037a6       0xc2 ./Core/Src/main.o
 .text.LL_RCC_HSE_Enable
                0x08003868       0x20 ./Core/Src/main.o
 .text.LL_RCC_HSE_IsReady
                0x08003888       0x28 ./Core/Src/main.o
 .text.LL_RCC_SetSysClkSource
                0x080038b0       0x28 ./Core/Src/main.o
 .text.LL_RCC_GetSysClkSource
                0x080038d8       0x1c ./Core/Src/main.o
 .text.LL_RCC_SetAHBPrescaler
                0x080038f4       0x28 ./Core/Src/main.o
 .text.LL_RCC_SetAPB1Prescaler
                0x0800391c       0x28 ./Core/Src/main.o
 .text.LL_RCC_SetAPB2Prescaler
                0x08003944       0x28 ./Core/Src/main.o
 .text.LL_RCC_PLL_Enable
                0x0800396c       0x20 ./Core/Src/main.o
 .text.LL_RCC_PLL_IsReady
                0x0800398c       0x28 ./Core/Src/main.o
 .text.LL_RCC_PLL_ConfigDomain_SYS
                0x080039b4       0x4c ./Core/Src/main.o
 .text.LL_AHB1_GRP1_EnableClock
                0x08003a00       0x30 ./Core/Src/main.o
 .text.LL_APB1_GRP1_EnableClock
                0x08003a30       0x30 ./Core/Src/main.o
 .text.LL_APB2_GRP1_EnableClock
                0x08003a60       0x30 ./Core/Src/main.o
 .text.LL_FLASH_SetLatency
                0x08003a90       0x28 ./Core/Src/main.o
 .text.LL_FLASH_GetLatency
                0x08003ab8       0x1c ./Core/Src/main.o
 .text.LL_PWR_SetRegulVoltageScaling
                0x08003ad4       0x28 ./Core/Src/main.o
 .text.LL_PWR_IsActiveFlag_VOS
                0x08003afc       0x28 ./Core/Src/main.o
 .text.LL_TIM_DisableARRPreload
                0x08003b24       0x20 ./Core/Src/main.o
 .text.LL_TIM_OC_DisableFast
                0x08003b44       0x8c ./Core/Src/main.o
 .text.LL_TIM_OC_EnablePreload
                0x08003bd0       0x88 ./Core/Src/main.o
 .text.LL_TIM_SetTriggerOutput
                0x08003c58       0x26 ./Core/Src/main.o
 .text.LL_TIM_DisableMasterSlaveMode
                0x08003c7e       0x20 ./Core/Src/main.o
 .text.LL_USART_Enable
                0x08003c9e       0x20 ./Core/Src/main.o
 .text.LL_USART_ConfigAsyncMode
                0x08003cbe       0x2c ./Core/Src/main.o
 .text.LL_GPIO_ResetOutputPin
                0x08003cea       0x1e ./Core/Src/main.o
 .text.main     0x08003d08       0x56 ./Core/Src/main.o
                0x08003d08                main
 *fill*         0x08003d5e        0x2 
 .text.SystemClock_Config
                0x08003d60       0x90 ./Core/Src/main.o
                0x08003d60                SystemClock_Config
 .text.MX_ADC1_Init
                0x08003df0      0x108 ./Core/Src/main.o
 .text.MX_TIM1_Init
                0x08003ef8      0x12c ./Core/Src/main.o
 .text.MX_TIM3_Init
                0x08004024       0xd8 ./Core/Src/main.o
 .text.MX_USART6_UART_Init
                0x080040fc       0xc0 ./Core/Src/main.o
 .text.MX_GPIO_Init
                0x080041bc       0xfc ./Core/Src/main.o
 .text.NMI_Handler
                0x080042b8        0x8 ./Core/Src/stm32f4xx_it.o
                0x080042b8                NMI_Handler
 .text.HardFault_Handler
                0x080042c0        0x8 ./Core/Src/stm32f4xx_it.o
                0x080042c0                HardFault_Handler
 .text.MemManage_Handler
                0x080042c8        0x8 ./Core/Src/stm32f4xx_it.o
                0x080042c8                MemManage_Handler
 .text.BusFault_Handler
                0x080042d0        0x8 ./Core/Src/stm32f4xx_it.o
                0x080042d0                BusFault_Handler
 .text.UsageFault_Handler
                0x080042d8        0x8 ./Core/Src/stm32f4xx_it.o
                0x080042d8                UsageFault_Handler
 .text.SVC_Handler
                0x080042e0        0xe ./Core/Src/stm32f4xx_it.o
                0x080042e0                SVC_Handler
 .text.DebugMon_Handler
                0x080042ee        0xe ./Core/Src/stm32f4xx_it.o
                0x080042ee                DebugMon_Handler
 .text.PendSV_Handler
                0x080042fc        0xe ./Core/Src/stm32f4xx_it.o
                0x080042fc                PendSV_Handler
 .text.SysTick_Handler
                0x0800430a        0xc ./Core/Src/stm32f4xx_it.o
                0x0800430a                SysTick_Handler
 .text.ADC_IRQHandler
                0x08004316        0xc ./Core/Src/stm32f4xx_it.o
                0x08004316                ADC_IRQHandler
 *fill*         0x08004322        0x2 
 .text.USART6_IRQHandler
                0x08004324       0x14 ./Core/Src/stm32f4xx_it.o
                0x08004324                USART6_IRQHandler
 .text._sbrk    0x08004338       0x6c ./Core/Src/sysmem.o
                0x08004338                _sbrk
 .text.SystemInit
                0x080043a4       0x24 ./Core/Src/system_stm32f4xx.o
                0x080043a4                SystemInit
 .text.Reset_Handler
                0x080043c8       0x50 ./Core/Startup/startup_stm32f405rgtx.o
                0x080043c8                Reset_Handler
 .text.Default_Handler
                0x08004418        0x2 ./Core/Startup/startup_stm32f405rgtx.o
                0x08004418                RTC_Alarm_IRQHandler
                0x08004418                HASH_RNG_IRQHandler
                0x08004418                EXTI2_IRQHandler
                0x08004418                TIM8_CC_IRQHandler
                0x08004418                TIM1_CC_IRQHandler
                0x08004418                DMA2_Stream5_IRQHandler
                0x08004418                DMA1_Stream5_IRQHandler
                0x08004418                PVD_IRQHandler
                0x08004418                SDIO_IRQHandler
                0x08004418                TAMP_STAMP_IRQHandler
                0x08004418                CAN2_RX1_IRQHandler
                0x08004418                EXTI3_IRQHandler
                0x08004418                TIM8_TRG_COM_TIM14_IRQHandler
                0x08004418                TIM1_UP_TIM10_IRQHandler
                0x08004418                TIM8_UP_TIM13_IRQHandler
                0x08004418                I2C3_ER_IRQHandler
                0x08004418                EXTI0_IRQHandler
                0x08004418                I2C2_EV_IRQHandler
                0x08004418                DMA1_Stream2_IRQHandler
                0x08004418                CAN1_RX0_IRQHandler
                0x08004418                FPU_IRQHandler
                0x08004418                OTG_HS_WKUP_IRQHandler
                0x08004418                CAN2_SCE_IRQHandler
                0x08004418                DMA2_Stream2_IRQHandler
                0x08004418                SPI1_IRQHandler
                0x08004418                TIM6_DAC_IRQHandler
                0x08004418                TIM1_BRK_TIM9_IRQHandler
                0x08004418                CAN2_RX0_IRQHandler
                0x08004418                DMA2_Stream3_IRQHandler
                0x08004418                USART3_IRQHandler
                0x08004418                CAN1_RX1_IRQHandler
                0x08004418                UART5_IRQHandler
                0x08004418                DMA2_Stream0_IRQHandler
                0x08004418                TIM4_IRQHandler
                0x08004418                I2C1_EV_IRQHandler
                0x08004418                DMA1_Stream6_IRQHandler
                0x08004418                DMA1_Stream1_IRQHandler
                0x08004418                UART4_IRQHandler
                0x08004418                TIM3_IRQHandler
                0x08004418                RCC_IRQHandler
                0x08004418                TIM8_BRK_TIM12_IRQHandler
                0x08004418                Default_Handler
                0x08004418                EXTI15_10_IRQHandler
                0x08004418                DMA1_Stream7_IRQHandler
                0x08004418                TIM7_IRQHandler
                0x08004418                CAN2_TX_IRQHandler
                0x08004418                TIM5_IRQHandler
                0x08004418                DMA2_Stream7_IRQHandler
                0x08004418                I2C3_EV_IRQHandler
                0x08004418                EXTI9_5_IRQHandler
                0x08004418                RTC_WKUP_IRQHandler
                0x08004418                SPI2_IRQHandler
                0x08004418                OTG_HS_EP1_IN_IRQHandler
                0x08004418                DMA1_Stream0_IRQHandler
                0x08004418                CAN1_TX_IRQHandler
                0x08004418                EXTI4_IRQHandler
                0x08004418                FSMC_IRQHandler
                0x08004418                OTG_HS_EP1_OUT_IRQHandler
                0x08004418                WWDG_IRQHandler
                0x08004418                TIM2_IRQHandler
                0x08004418                OTG_FS_WKUP_IRQHandler
                0x08004418                TIM1_TRG_COM_TIM11_IRQHandler
                0x08004418                OTG_HS_IRQHandler
                0x08004418                EXTI1_IRQHandler
                0x08004418                USART2_IRQHandler
                0x08004418                I2C2_ER_IRQHandler
                0x08004418                DMA2_Stream1_IRQHandler
                0x08004418                CAN1_SCE_IRQHandler
                0x08004418                FLASH_IRQHandler
                0x08004418                DMA2_Stream4_IRQHandler
                0x08004418                USART1_IRQHandler
                0x08004418                OTG_FS_IRQHandler
                0x08004418                SPI3_IRQHandler
                0x08004418                DMA1_Stream4_IRQHandler
                0x08004418                I2C1_ER_IRQHandler
                0x08004418                DMA2_Stream6_IRQHandler
                0x08004418                DMA1_Stream3_IRQHandler
 .text.LL_ADC_REG_SetSequencerLength
                0x0800441a       0x26 ./Drivers/STM32F4xx_HAL_Driver/Src/stm32f4xx_ll_adc.o
 .text.LL_ADC_IsEnabled
                0x08004440       0x26 ./Drivers/STM32F4xx_HAL_Driver/Src/stm32f4xx_ll_adc.o
 *fill*         0x08004466        0x2 
 .text.LL_ADC_CommonInit
                0x08004468       0x90 ./Drivers/STM32F4xx_HAL_Driver/Src/stm32f4xx_ll_adc.o
                0x08004468                LL_ADC_CommonInit
 .text.LL_ADC_Init
                0x080044f8       0x58 ./Drivers/STM32F4xx_HAL_Driver/Src/stm32f4xx_ll_adc.o
                0x080044f8                LL_ADC_Init
 .text.LL_ADC_REG_Init
                0x08004550       0x84 ./Drivers/STM32F4xx_HAL_Driver/Src/stm32f4xx_ll_adc.o
                0x08004550                LL_ADC_REG_Init
 .text.LL_GPIO_SetPinMode
                0x080045d4       0x7a ./Drivers/STM32F4xx_HAL_Driver/Src/stm32f4xx_ll_gpio.o
 .text.LL_GPIO_SetPinOutputType
                0x0800464e       0x30 ./Drivers/STM32F4xx_HAL_Driver/Src/stm32f4xx_ll_gpio.o
 .text.LL_GPIO_SetPinSpeed
                0x0800467e       0x7a ./Drivers/STM32F4xx_HAL_Driver/Src/stm32f4xx_ll_gpio.o
 .text.LL_GPIO_SetPinPull
                0x080046f8       0x7a ./Drivers/STM32F4xx_HAL_Driver/Src/stm32f4xx_ll_gpio.o
 .text.LL_GPIO_SetAFPin_0_7
                0x08004772       0x7a ./Drivers/STM32F4xx_HAL_Driver/Src/stm32f4xx_ll_gpio.o
 .text.LL_GPIO_SetAFPin_8_15
                0x080047ec       0x7e ./Drivers/STM32F4xx_HAL_Driver/Src/stm32f4xx_ll_gpio.o
 .text.LL_GPIO_Init
                0x0800486a      0x102 ./Drivers/STM32F4xx_HAL_Driver/Src/stm32f4xx_ll_gpio.o
                0x0800486a                LL_GPIO_Init
 .text.LL_RCC_GetSysClkSource
                0x0800496c       0x1c ./Drivers/STM32F4xx_HAL_Driver/Src/stm32f4xx_ll_rcc.o
 .text.LL_RCC_GetAHBPrescaler
                0x08004988       0x1c ./Drivers/STM32F4xx_HAL_Driver/Src/stm32f4xx_ll_rcc.o
 .text.LL_RCC_GetAPB1Prescaler
                0x080049a4       0x1c ./Drivers/STM32F4xx_HAL_Driver/Src/stm32f4xx_ll_rcc.o
 .text.LL_RCC_GetAPB2Prescaler
                0x080049c0       0x1c ./Drivers/STM32F4xx_HAL_Driver/Src/stm32f4xx_ll_rcc.o
 .text.LL_RCC_PLL_GetMainSource
                0x080049dc       0x1c ./Drivers/STM32F4xx_HAL_Driver/Src/stm32f4xx_ll_rcc.o
 .text.LL_RCC_PLL_GetN
                0x080049f8       0x1c ./Drivers/STM32F4xx_HAL_Driver/Src/stm32f4xx_ll_rcc.o
 .text.LL_RCC_PLL_GetP
                0x08004a14       0x1c ./Drivers/STM32F4xx_HAL_Driver/Src/stm32f4xx_ll_rcc.o
 .text.LL_RCC_PLL_GetDivider
                0x08004a30       0x1c ./Drivers/STM32F4xx_HAL_Driver/Src/stm32f4xx_ll_rcc.o
 .text.LL_RCC_GetSystemClocksFreq
                0x08004a4c       0x4a ./Drivers/STM32F4xx_HAL_Driver/Src/stm32f4xx_ll_rcc.o
                0x08004a4c                LL_RCC_GetSystemClocksFreq
 *fill*         0x08004a96        0x2 
 .text.RCC_GetSystemClockFreq
                0x08004a98       0x50 ./Drivers/STM32F4xx_HAL_Driver/Src/stm32f4xx_ll_rcc.o
                0x08004a98                RCC_GetSystemClockFreq
 .text.RCC_GetHCLKClockFreq
                0x08004ae8       0x2c ./Drivers/STM32F4xx_HAL_Driver/Src/stm32f4xx_ll_rcc.o
                0x08004ae8                RCC_GetHCLKClockFreq
 .text.RCC_GetPCLK1ClockFreq
                0x08004b14       0x28 ./Drivers/STM32F4xx_HAL_Driver/Src/stm32f4xx_ll_rcc.o
                0x08004b14                RCC_GetPCLK1ClockFreq
 .text.RCC_GetPCLK2ClockFreq
                0x08004b3c       0x28 ./Drivers/STM32F4xx_HAL_Driver/Src/stm32f4xx_ll_rcc.o
                0x08004b3c                RCC_GetPCLK2ClockFreq
 .text.RCC_PLL_GetFreqDomain_SYS
                0x08004b64       0x7c ./Drivers/STM32F4xx_HAL_Driver/Src/stm32f4xx_ll_rcc.o
                0x08004b64                RCC_PLL_GetFreqDomain_SYS
 .text.LL_TIM_SetPrescaler
                0x08004be0       0x1c ./Drivers/STM32F4xx_HAL_Driver/Src/stm32f4xx_ll_tim.o
 .text.LL_TIM_SetAutoReload
                0x08004bfc       0x1c ./Drivers/STM32F4xx_HAL_Driver/Src/stm32f4xx_ll_tim.o
 .text.LL_TIM_SetRepetitionCounter
                0x08004c18       0x1c ./Drivers/STM32F4xx_HAL_Driver/Src/stm32f4xx_ll_tim.o
 .text.LL_TIM_OC_SetCompareCH1
                0x08004c34       0x1c ./Drivers/STM32F4xx_HAL_Driver/Src/stm32f4xx_ll_tim.o
 .text.LL_TIM_OC_SetCompareCH2
                0x08004c50       0x1c ./Drivers/STM32F4xx_HAL_Driver/Src/stm32f4xx_ll_tim.o
 .text.LL_TIM_OC_SetCompareCH3
                0x08004c6c       0x1c ./Drivers/STM32F4xx_HAL_Driver/Src/stm32f4xx_ll_tim.o
 .text.LL_TIM_OC_SetCompareCH4
                0x08004c88       0x1c ./Drivers/STM32F4xx_HAL_Driver/Src/stm32f4xx_ll_tim.o
 .text.LL_TIM_GenerateEvent_UPDATE
                0x08004ca4       0x20 ./Drivers/STM32F4xx_HAL_Driver/Src/stm32f4xx_ll_tim.o
 .text.LL_TIM_Init
                0x08004cc4      0x134 ./Drivers/STM32F4xx_HAL_Driver/Src/stm32f4xx_ll_tim.o
                0x08004cc4                LL_TIM_Init
 .text.LL_TIM_OC_Init
                0x08004df8       0x82 ./Drivers/STM32F4xx_HAL_Driver/Src/stm32f4xx_ll_tim.o
                0x08004df8                LL_TIM_OC_Init
 .text.LL_TIM_BDTR_Init
                0x08004e7a       0x84 ./Drivers/STM32F4xx_HAL_Driver/Src/stm32f4xx_ll_tim.o
                0x08004e7a                LL_TIM_BDTR_Init
 *fill*         0x08004efe        0x2 
 .text.OC1Config
                0x08004f00       0xd8 ./Drivers/STM32F4xx_HAL_Driver/Src/stm32f4xx_ll_tim.o
 .text.OC2Config
                0x08004fd8       0xe0 ./Drivers/STM32F4xx_HAL_Driver/Src/stm32f4xx_ll_tim.o
 .text.OC3Config
                0x080050b8       0xe0 ./Drivers/STM32F4xx_HAL_Driver/Src/stm32f4xx_ll_tim.o
 .text.OC4Config
                0x08005198       0xb0 ./Drivers/STM32F4xx_HAL_Driver/Src/stm32f4xx_ll_tim.o
 .text.LL_USART_IsEnabled
                0x08005248       0x28 ./Drivers/STM32F4xx_HAL_Driver/Src/stm32f4xx_ll_usart.o
 .text.LL_USART_SetStopBitsLength
                0x08005270       0x26 ./Drivers/STM32F4xx_HAL_Driver/Src/stm32f4xx_ll_usart.o
 .text.LL_USART_SetHWFlowCtrl
                0x08005296       0x26 ./Drivers/STM32F4xx_HAL_Driver/Src/stm32f4xx_ll_usart.o
 .text.LL_USART_SetBaudRate
                0x080052bc      0x45c ./Drivers/STM32F4xx_HAL_Driver/Src/stm32f4xx_ll_usart.o
 .text.LL_USART_Init
                0x08005718      0x100 ./Drivers/STM32F4xx_HAL_Driver/Src/stm32f4xx_ll_usart.o
                0x08005718                LL_USART_Init
 .text.LL_InitTick
                0x08005818       0x34 ./Drivers/STM32F4xx_HAL_Driver/Src/stm32f4xx_ll_utils.o
 .text.LL_Init1msTick
                0x0800584c       0x1a ./Drivers/STM32F4xx_HAL_Driver/Src/stm32f4xx_ll_utils.o
                0x0800584c                LL_Init1msTick
 *fill*         0x08005866        0x2 
 .text.LL_SetSystemCoreClock
                0x08005868       0x20 ./Drivers/STM32F4xx_HAL_Driver/Src/stm32f4xx_ll_utils.o
                0x08005868                LL_SetSystemCoreClock
 .text.writeCharToUart_Common
                0x08005888       0x28 ./MyDRV/cli/CLI_Setup/cli_setup.o
 .text.SystemCLI_Init
                0x080058b0       0x98 ./MyDRV/cli/CLI_Setup/cli_setup.o
                0x080058b0                SystemCLI_Init
 .text.embeddedCliDefaultConfig
                0x08005948       0x54 ./MyDRV/cli/CLI_Src/embedded_cli.o
                0x08005948                embeddedCliDefaultConfig
 .text.embeddedCliRequiredSize
                0x0800599c       0x62 ./MyDRV/cli/CLI_Src/embedded_cli.o
                0x0800599c                embeddedCliRequiredSize
 .text.embeddedCliNew
                0x080059fe      0x11e ./MyDRV/cli/CLI_Src/embedded_cli.o
                0x080059fe                embeddedCliNew
 .text.embeddedCliReceiveChar
                0x08005b1c       0x46 ./MyDRV/cli/CLI_Src/embedded_cli.o
                0x08005b1c                embeddedCliReceiveChar
 .text.embeddedCliProcess
                0x08005b62      0x120 ./MyDRV/cli/CLI_Src/embedded_cli.o
                0x08005b62                embeddedCliProcess
 *fill*         0x08005c82        0x2 
 .text.embeddedCliPrint
                0x08005c84       0x9c ./MyDRV/cli/CLI_Src/embedded_cli.o
                0x08005c84                embeddedCliPrint
 .text.embeddedCliTokenizeArgs
                0x08005d20      0x100 ./MyDRV/cli/CLI_Src/embedded_cli.o
                0x08005d20                embeddedCliTokenizeArgs
 .text.embeddedCliGetToken
                0x08005e20       0x36 ./MyDRV/cli/CLI_Src/embedded_cli.o
                0x08005e20                embeddedCliGetToken
 .text.embeddedCliGetTokenVariable
                0x08005e56       0x36 ./MyDRV/cli/CLI_Src/embedded_cli.o
                0x08005e56                embeddedCliGetTokenVariable
 .text.embeddedCliGetTokenCount
                0x08005e8c       0x5a ./MyDRV/cli/CLI_Src/embedded_cli.o
                0x08005e8c                embeddedCliGetTokenCount
 *fill*         0x08005ee6        0x2 
 .text.navigateHistory
                0x08005ee8       0xe8 ./MyDRV/cli/CLI_Src/embedded_cli.o
 .text.onEscapedInput
                0x08005fd0       0xbc ./MyDRV/cli/CLI_Src/embedded_cli.o
 .text.onCharInput
                0x0800608c       0xa4 ./MyDRV/cli/CLI_Src/embedded_cli.o
 .text.onControlInput
                0x08006130      0x128 ./MyDRV/cli/CLI_Src/embedded_cli.o
 .text.parseCommand
                0x08006258      0x254 ./MyDRV/cli/CLI_Src/embedded_cli.o
 .text.printBindingHelp
                0x080064ac       0x40 ./MyDRV/cli/CLI_Src/embedded_cli.o
 .text.getAutocompletedCommand
                0x080064ec      0x17a ./MyDRV/cli/CLI_Src/embedded_cli.o
 *fill*         0x08006666        0x2 
 .text.printLiveAutocompletion
                0x08006668       0xc4 ./MyDRV/cli/CLI_Src/embedded_cli.o
 .text.onAutocompleteRequest
                0x0800672c      0x124 ./MyDRV/cli/CLI_Src/embedded_cli.o
 .text.clearCurrentLine
                0x08006850       0x6a ./MyDRV/cli/CLI_Src/embedded_cli.o
 .text.writeToOutput
                0x080068ba       0x42 ./MyDRV/cli/CLI_Src/embedded_cli.o
 .text.moveCursor
                0x080068fc       0x6c ./MyDRV/cli/CLI_Src/embedded_cli.o
 .text.isControlChar
                0x08006968       0x40 ./MyDRV/cli/CLI_Src/embedded_cli.o
 .text.isDisplayableChar
                0x080069a8       0x2e ./MyDRV/cli/CLI_Src/embedded_cli.o
 .text.fifoBufAvailable
                0x080069d6       0x42 ./MyDRV/cli/CLI_Src/embedded_cli.o
 .text.fifoBufPop
                0x08006a18       0x50 ./MyDRV/cli/CLI_Src/embedded_cli.o
 .text.fifoBufPush
                0x08006a68       0x54 ./MyDRV/cli/CLI_Src/embedded_cli.o
 .text.historyPut
                0x08006abc       0xc8 ./MyDRV/cli/CLI_Src/embedded_cli.o
 .text.historyGet
                0x08006b84       0x38 ./MyDRV/cli/CLI_Src/embedded_cli.o
 .text.historyRemove
                0x08006bbc       0xba ./MyDRV/cli/CLI_Src/embedded_cli.o
 .text.getTokenPosition
                0x08006c76       0x7c ./MyDRV/cli/CLI_Src/embedded_cli.o
 .text.findCategoryIndex
                0x08006cf2       0x48 ./MyDRV/cli/CLI_Src/embedded_cli.o
 *fill*         0x08006d3a        0x2 
 .text.printAlignedColumn
                0x08006d3c       0x4c ./MyDRV/cli/CLI_Src/embedded_cli.o
 .text.CMD_Help
                0x08006d88      0x3cc ./MyDRV/cli/CLI_Src/embedded_cli.o
                0x08006d88                CMD_Help
 .text.onUnknownCommand
                0x08007154       0x44 ./MyDRV/cli/CLI_Src/embedded_cli.o
 .text.PID_Init
                0x08007198       0xac ./MyDRV/pid/pid.o
                0x08007198                PID_Init
 .text.PID_Compute
                0x08007244      0x196 ./MyDRV/pid/pid.o
                0x08007244                PID_Compute
 .text.PID_SetOutputLimits
                0x080073da       0xb6 ./MyDRV/pid/pid.o
                0x080073da                PID_SetOutputLimits
 .text.PID_SetTunings2
                0x08007490       0xbc ./MyDRV/pid/pid.o
                0x08007490                PID_SetTunings2
 .text.PID_SetControllerDirection
                0x0800754c       0x70 ./MyDRV/pid/pid.o
                0x0800754c                PID_SetControllerDirection
 .text.SchedulerSysTickIntHandler
                0x080075bc       0x1c ./MyDRV/scheduler/scheduler.o
                0x080075bc                SchedulerSysTickIntHandler
 .text.SchedulerInit
                0x080075d8       0x44 ./MyDRV/scheduler/scheduler.o
                0x080075d8                SchedulerInit
 .text.SchedulerRun
                0x0800761c       0x74 ./MyDRV/scheduler/scheduler.o
                0x0800761c                SchedulerRun
 .text.SchedulerTaskDisable
                0x08007690       0x3c ./MyDRV/scheduler/scheduler.o
                0x08007690                SchedulerTaskDisable
 .text.SchedulerElapsedTicksGet
                0x080076cc       0x24 ./MyDRV/scheduler/scheduler.o
                0x080076cc                SchedulerElapsedTicksGet
 .text.SchedulerElapsedTicksCalc
                0x080076f0       0x1c ./MyDRV/scheduler/scheduler.o
                0x080076f0                SchedulerElapsedTicksCalc
 .text.RingBuffer_Create
                0x0800770c       0x66 ./MyDRV/uart/ring_buffer.o
                0x0800770c                RingBuffer_Create
 .text.RingBuffer_Put
                0x08007772       0x8c ./MyDRV/uart/ring_buffer.o
                0x08007772                RingBuffer_Put
 .text.RingBuffer_Get
                0x080077fe       0x82 ./MyDRV/uart/ring_buffer.o
                0x080077fe                RingBuffer_Get
 .text.RingBuffer_IsDataAvailable
                0x08007880       0x4a ./MyDRV/uart/ring_buffer.o
                0x08007880                RingBuffer_IsDataAvailable
 .text.LL_USART_IsActiveFlag_FE
                0x080078ca       0x26 ./MyDRV/uart/uart_driver.o
 .text.LL_USART_IsActiveFlag_NE
                0x080078f0       0x26 ./MyDRV/uart/uart_driver.o
 .text.LL_USART_IsActiveFlag_ORE
                0x08007916       0x26 ./MyDRV/uart/uart_driver.o
 .text.LL_USART_IsActiveFlag_RXNE
                0x0800793c       0x26 ./MyDRV/uart/uart_driver.o
 .text.LL_USART_IsActiveFlag_TXE
                0x08007962       0x26 ./MyDRV/uart/uart_driver.o
 .text.LL_USART_ClearFlag_FE
                0x08007988       0x24 ./MyDRV/uart/uart_driver.o
 .text.LL_USART_ClearFlag_NE
                0x080079ac       0x24 ./MyDRV/uart/uart_driver.o
 .text.LL_USART_ClearFlag_ORE
                0x080079d0       0x24 ./MyDRV/uart/uart_driver.o
 .text.LL_USART_EnableIT_RXNE
                0x080079f4       0x46 ./MyDRV/uart/uart_driver.o
 .text.LL_USART_EnableIT_TXE
                0x08007a3a       0x46 ./MyDRV/uart/uart_driver.o
 .text.LL_USART_DisableIT_TXE
                0x08007a80       0x46 ./MyDRV/uart/uart_driver.o
 .text.LL_USART_IsEnabledIT_RXNE
                0x08007ac6       0x26 ./MyDRV/uart/uart_driver.o
 .text.LL_USART_IsEnabledIT_TXE
                0x08007aec       0x26 ./MyDRV/uart/uart_driver.o
 .text.LL_USART_ReceiveData8
                0x08007b12       0x1a ./MyDRV/uart/uart_driver.o
 .text.LL_USART_TransmitData8
                0x08007b2c       0x1e ./MyDRV/uart/uart_driver.o
 .text.UART_Driver_Init
                0x08007b4a       0x8a ./MyDRV/uart/uart_driver.o
                0x08007b4a                UART_Driver_Init
 .text.UART_Driver_Read
                0x08007bd4       0x2e ./MyDRV/uart/uart_driver.o
                0x08007bd4                UART_Driver_Read
 .text.UART_Driver_Write
                0x08007c02       0x3a ./MyDRV/uart/uart_driver.o
                0x08007c02                UART_Driver_Write
 .text.UART_Driver_SendString
                0x08007c3c       0x30 ./MyDRV/uart/uart_driver.o
                0x08007c3c                UART_Driver_SendString
 .text.UART_Driver_IsDataAvailable
                0x08007c6c       0x1c ./MyDRV/uart/uart_driver.o
                0x08007c6c                UART_Driver_IsDataAvailable
 .text.UART_Driver_ISR
                0x08007c88       0xea ./MyDRV/uart/uart_driver.o
                0x08007c88                UART_Driver_ISR
 .text.atoi     0x08007d72        0x8 C:/ST/STM32CubeIDE_2.0.0/STM32CubeIDE/plugins/com.st.stm32cube.ide.mcu.externaltools.gnu-tools-for-stm32.13.3.rel1.win32_1.0.100.202509120712/tools/bin/../lib/gcc/arm-none-eabi/13.3.1/../../../../arm-none-eabi/lib/thumb/v7e-m+fp/hard\libc_nano.a(libc_a-atoi.o)
                0x08007d72                atoi
 *fill*         0x08007d7a        0x2 
 .text._strtol_l.isra.0
                0x08007d7c       0xf4 C:/ST/STM32CubeIDE_2.0.0/STM32CubeIDE/plugins/com.st.stm32cube.ide.mcu.externaltools.gnu-tools-for-stm32.13.3.rel1.win32_1.0.100.202509120712/tools/bin/../lib/gcc/arm-none-eabi/13.3.1/../../../../arm-none-eabi/lib/thumb/v7e-m+fp/hard\libc_nano.a(libc_a-strtol.o)
 .text.strtol   0x08007e70       0x14 C:/ST/STM32CubeIDE_2.0.0/STM32CubeIDE/plugins/com.st.stm32cube.ide.mcu.externaltools.gnu-tools-for-stm32.13.3.rel1.win32_1.0.100.202509120712/tools/bin/../lib/gcc/arm-none-eabi/13.3.1/../../../../arm-none-eabi/lib/thumb/v7e-m+fp/hard\libc_nano.a(libc_a-strtol.o)
                0x08007e70                strtol
 .text.snprintf
                0x08007e84       0x6c C:/ST/STM32CubeIDE_2.0.0/STM32CubeIDE/plugins/com.st.stm32cube.ide.mcu.externaltools.gnu-tools-for-stm32.13.3.rel1.win32_1.0.100.202509120712/tools/bin/../lib/gcc/arm-none-eabi/13.3.1/../../../../arm-none-eabi/lib/thumb/v7e-m+fp/hard\libc_nano.a(libc_a-snprintf.o)
                0x08007e84                sniprintf
                0x08007e84                snprintf
 .text.sprintf  0x08007ef0       0x44 C:/ST/STM32CubeIDE_2.0.0/STM32CubeIDE/plugins/com.st.stm32cube.ide.mcu.externaltools.gnu-tools-for-stm32.13.3.rel1.win32_1.0.100.202509120712/tools/bin/../lib/gcc/arm-none-eabi/13.3.1/../../../../arm-none-eabi/lib/thumb/v7e-m+fp/hard\libc_nano.a(libc_a-sprintf.o)
                0x08007ef0                siprintf
                0x08007ef0                sprintf
 .text.memmove  0x08007f34       0x34 C:/ST/STM32CubeIDE_2.0.0/STM32CubeIDE/plugins/com.st.stm32cube.ide.mcu.externaltools.gnu-tools-for-stm32.13.3.rel1.win32_1.0.100.202509120712/tools/bin/../lib/gcc/arm-none-eabi/13.3.1/../../../../arm-none-eabi/lib/thumb/v7e-m+fp/hard\libc_nano.a(libc_a-memmove.o)
                0x08007f34                memmove
 .text.memset   0x08007f68       0x10 C:/ST/STM32CubeIDE_2.0.0/STM32CubeIDE/plugins/com.st.stm32cube.ide.mcu.externaltools.gnu-tools-for-stm32.13.3.rel1.win32_1.0.100.202509120712/tools/bin/../lib/gcc/arm-none-eabi/13.3.1/../../../../arm-none-eabi/lib/thumb/v7e-m+fp/hard\libc_nano.a(libc_a-memset.o)
                0x08007f68                memset
 .text.strchr   0x08007f78       0x1a C:/ST/STM32CubeIDE_2.0.0/STM32CubeIDE/plugins/com.st.stm32cube.ide.mcu.externaltools.gnu-tools-for-stm32.13.3.rel1.win32_1.0.100.202509120712/tools/bin/../lib/gcc/arm-none-eabi/13.3.1/../../../../arm-none-eabi/lib/thumb/v7e-m+fp/hard\libc_nano.a(libc_a-strchr.o)
                0x08007f78                strchr
 .text.strncpy  0x08007f92       0x26 C:/ST/STM32CubeIDE_2.0.0/STM32CubeIDE/plugins/com.st.stm32cube.ide.mcu.externaltools.gnu-tools-for-stm32.13.3.rel1.win32_1.0.100.202509120712/tools/bin/../lib/gcc/arm-none-eabi/13.3.1/../../../../arm-none-eabi/lib/thumb/v7e-m+fp/hard\libc_nano.a(libc_a-strncpy.o)
                0x08007f92                strncpy
 .text.__errno  0x08007fb8        0xc C:/ST/STM32CubeIDE_2.0.0/STM32CubeIDE/plugins/com.st.stm32cube.ide.mcu.externaltools.gnu-tools-for-stm32.13.3.rel1.win32_1.0.100.202509120712/tools/bin/../lib/gcc/arm-none-eabi/13.3.1/../../../../arm-none-eabi/lib/thumb/v7e-m+fp/hard\libc_nano.a(libc_a-errno.o)
                0x08007fb8                __errno
 .text.__libc_init_array
                0x08007fc4       0x48 C:/ST/STM32CubeIDE_2.0.0/STM32CubeIDE/plugins/com.st.stm32cube.ide.mcu.externaltools.gnu-tools-for-stm32.13.3.rel1.win32_1.0.100.202509120712/tools/bin/../lib/gcc/arm-none-eabi/13.3.1/../../../../arm-none-eabi/lib/thumb/v7e-m+fp/hard\libc_nano.a(libc_a-init.o)
                0x08007fc4                __libc_init_array
 .text.__retarget_lock_acquire_recursive
                0x0800800c        0x2 C:/ST/STM32CubeIDE_2.0.0/STM32CubeIDE/plugins/com.st.stm32cube.ide.mcu.externaltools.gnu-tools-for-stm32.13.3.rel1.win32_1.0.100.202509120712/tools/bin/../lib/gcc/arm-none-eabi/13.3.1/../../../../arm-none-eabi/lib/thumb/v7e-m+fp/hard\libc_nano.a(libc_a-lock.o)
                0x0800800c                __retarget_lock_acquire_recursive
 .text.__retarget_lock_release_recursive
                0x0800800e        0x2 C:/ST/STM32CubeIDE_2.0.0/STM32CubeIDE/plugins/com.st.stm32cube.ide.mcu.externaltools.gnu-tools-for-stm32.13.3.rel1.win32_1.0.100.202509120712/tools/bin/../lib/gcc/arm-none-eabi/13.3.1/../../../../arm-none-eabi/lib/thumb/v7e-m+fp/hard\libc_nano.a(libc_a-lock.o)
                0x0800800e                __retarget_lock_release_recursive
 .text.memcpy   0x08008010       0x1c C:/ST/STM32CubeIDE_2.0.0/STM32CubeIDE/plugins/com.st.stm32cube.ide.mcu.externaltools.gnu-tools-for-stm32.13.3.rel1.win32_1.0.100.202509120712/tools/bin/../lib/gcc/arm-none-eabi/13.3.1/../../../../arm-none-eabi/lib/thumb/v7e-m+fp/hard\libc_nano.a(libc_a-memcpy-stub.o)
                0x08008010                memcpy
 .text._free_r  0x0800802c       0x94 C:/ST/STM32CubeIDE_2.0.0/STM32CubeIDE/plugins/com.st.stm32cube.ide.mcu.externaltools.gnu-tools-for-stm32.13.3.rel1.win32_1.0.100.202509120712/tools/bin/../lib/gcc/arm-none-eabi/13.3.1/../../../../arm-none-eabi/lib/thumb/v7e-m+fp/hard\libc_nano.a(libc_a-freer.o)
                0x0800802c                _free_r
 .text.sbrk_aligned
                0x080080c0       0x44 C:/ST/STM32CubeIDE_2.0.0/STM32CubeIDE/plugins/com.st.stm32cube.ide.mcu.externaltools.gnu-tools-for-stm32.13.3.rel1.win32_1.0.100.202509120712/tools/bin/../lib/gcc/arm-none-eabi/13.3.1/../../../../arm-none-eabi/lib/thumb/v7e-m+fp/hard\libc_nano.a(libc_a-mallocr.o)
 .text._malloc_r
                0x08008104      0x100 C:/ST/STM32CubeIDE_2.0.0/STM32CubeIDE/plugins/com.st.stm32cube.ide.mcu.externaltools.gnu-tools-for-stm32.13.3.rel1.win32_1.0.100.202509120712/tools/bin/../lib/gcc/arm-none-eabi/13.3.1/../../../../arm-none-eabi/lib/thumb/v7e-m+fp/hard\libc_nano.a(libc_a-mallocr.o)
                0x08008104                _malloc_r
 .text.__malloc_lock
                0x08008204        0xc C:/ST/STM32CubeIDE_2.0.0/STM32CubeIDE/plugins/com.st.stm32cube.ide.mcu.externaltools.gnu-tools-for-stm32.13.3.rel1.win32_1.0.100.202509120712/tools/bin/../lib/gcc/arm-none-eabi/13.3.1/../../../../arm-none-eabi/lib/thumb/v7e-m+fp/hard\libc_nano.a(libc_a-mlock.o)
                0x08008204                __malloc_lock
 .text.__malloc_unlock
                0x08008210        0xc C:/ST/STM32CubeIDE_2.0.0/STM32CubeIDE/plugins/com.st.stm32cube.ide.mcu.externaltools.gnu-tools-for-stm32.13.3.rel1.win32_1.0.100.202509120712/tools/bin/../lib/gcc/arm-none-eabi/13.3.1/../../../../arm-none-eabi/lib/thumb/v7e-m+fp/hard\libc_nano.a(libc_a-mlock.o)
                0x08008210                __malloc_unlock
 .text.__ssputs_r
                0x0800821c       0xb6 C:/ST/STM32CubeIDE_2.0.0/STM32CubeIDE/plugins/com.st.stm32cube.ide.mcu.externaltools.gnu-tools-for-stm32.13.3.rel1.win32_1.0.100.202509120712/tools/bin/../lib/gcc/arm-none-eabi/13.3.1/../../../../arm-none-eabi/lib/thumb/v7e-m+fp/hard\libc_nano.a(libc_a-nano-svfprintf.o)
                0x0800821c                __ssputs_r
 *fill*         0x080082d2        0x2 
 .text._svfprintf_r
                0x080082d4      0x1f8 C:/ST/STM32CubeIDE_2.0.0/STM32CubeIDE/plugins/com.st.stm32cube.ide.mcu.externaltools.gnu-tools-for-stm32.13.3.rel1.win32_1.0.100.202509120712/tools/bin/../lib/gcc/arm-none-eabi/13.3.1/../../../../arm-none-eabi/lib/thumb/v7e-m+fp/hard\libc_nano.a(libc_a-nano-svfprintf.o)
                0x080082d4                _svfiprintf_r
                0x080082d4                _svfprintf_r
 .text._printf_common
                0x080084cc       0xda C:/ST/STM32CubeIDE_2.0.0/STM32CubeIDE/plugins/com.st.stm32cube.ide.mcu.externaltools.gnu-tools-for-stm32.13.3.rel1.win32_1.0.100.202509120712/tools/bin/../lib/gcc/arm-none-eabi/13.3.1/../../../../arm-none-eabi/lib/thumb/v7e-m+fp/hard\libc_nano.a(libc_a-nano-vfprintf_i.o)
                0x080084cc                _printf_common
 *fill*         0x080085a6        0x2 
 .text._printf_i
                0x080085a8      0x23c C:/ST/STM32CubeIDE_2.0.0/STM32CubeIDE/plugins/com.st.stm32cube.ide.mcu.externaltools.gnu-tools-for-stm32.13.3.rel1.win32_1.0.100.202509120712/tools/bin/../lib/gcc/arm-none-eabi/13.3.1/../../../../arm-none-eabi/lib/thumb/v7e-m+fp/hard\libc_nano.a(libc_a-nano-vfprintf_i.o)
                0x080085a8                _printf_i
 .text._sbrk_r  0x080087e4       0x20 C:/ST/STM32CubeIDE_2.0.0/STM32CubeIDE/plugins/com.st.stm32cube.ide.mcu.externaltools.gnu-tools-for-stm32.13.3.rel1.win32_1.0.100.202509120712/tools/bin/../lib/gcc/arm-none-eabi/13.3.1/../../../../arm-none-eabi/lib/thumb/v7e-m+fp/hard\libc_nano.a(libc_a-sbrkr.o)
                0x080087e4                _sbrk_r
 .text._realloc_r
                0x08008804       0x5c C:/ST/STM32CubeIDE_2.0.0/STM32CubeIDE/plugins/com.st.stm32cube.ide.mcu.externaltools.gnu-tools-for-stm32.13.3.rel1.win32_1.0.100.202509120712/tools/bin/../lib/gcc/arm-none-eabi/13.3.1/../../../../arm-none-eabi/lib/thumb/v7e-m+fp/hard\libc_nano.a(libc_a-reallocr.o)
                0x08008804                _realloc_r
 .text._malloc_usable_size_r
                0x08008860       0x10 C:/ST/STM32CubeIDE_2.0.0/STM32CubeIDE/plugins/com.st.stm32cube.ide.mcu.externaltools.gnu-tools-for-stm32.13.3.rel1.win32_1.0.100.202509120712/tools/bin/../lib/gcc/arm-none-eabi/13.3.1/../../../../arm-none-eabi/lib/thumb/v7e-m+fp/hard\libc_nano.a(libc_a-msizer.o)
                0x08008860                _malloc_usable_size_r
 *(.glue_7)
 .glue_7        0x08008870        0x0 linker stubs
 *(.glue_7t)
 .glue_7t       0x08008870        0x0 linker stubs
 *(.eh_frame)
 .eh_frame      0x08008870        0x0 C:/ST/STM32CubeIDE_2.0.0/STM32CubeIDE/plugins/com.st.stm32cube.ide.mcu.externaltools.gnu-tools-for-stm32.13.3.rel1.win32_1.0.100.202509120712/tools/bin/../lib/gcc/arm-none-eabi/13.3.1/thumb/v7e-m+fp/hard/crtbegin.o
 *(.init)
 .init          0x08008870        0x4 C:/ST/STM32CubeIDE_2.0.0/STM32CubeIDE/plugins/com.st.stm32cube.ide.mcu.externaltools.gnu-tools-for-stm32.13.3.rel1.win32_1.0.100.202509120712/tools/bin/../lib/gcc/arm-none-eabi/13.3.1/thumb/v7e-m+fp/hard/crti.o
                0x08008870                _init
 .init          0x08008874        0x8 C:/ST/STM32CubeIDE_2.0.0/STM32CubeIDE/plugins/com.st.stm32cube.ide.mcu.externaltools.gnu-tools-for-stm32.13.3.rel1.win32_1.0.100.202509120712/tools/bin/../lib/gcc/arm-none-eabi/13.3.1/thumb/v7e-m+fp/hard/crtn.o
 *(.fini)
 .fini          0x0800887c        0x4 C:/ST/STM32CubeIDE_2.0.0/STM32CubeIDE/plugins/com.st.stm32cube.ide.mcu.externaltools.gnu-tools-for-stm32.13.3.rel1.win32_1.0.100.202509120712/tools/bin/../lib/gcc/arm-none-eabi/13.3.1/thumb/v7e-m+fp/hard/crti.o
                0x0800887c                _fini
 .fini          0x08008880        0x8 C:/ST/STM32CubeIDE_2.0.0/STM32CubeIDE/plugins/com.st.stm32cube.ide.mcu.externaltools.gnu-tools-for-stm32.13.3.rel1.win32_1.0.100.202509120712/tools/bin/../lib/gcc/arm-none-eabi/13.3.1/thumb/v7e-m+fp/hard/crtn.o
                0x08008888                        . = ALIGN (0x4)
                0x08008888                        _etext = .

.vfp11_veneer   0x08008888        0x0
 .vfp11_veneer  0x08008888        0x0 linker stubs

.v4_bx          0x08008888        0x0
 .v4_bx         0x08008888        0x0 linker stubs

.iplt           0x08008888        0x0
 .iplt          0x08008888        0x0 C:/ST/STM32CubeIDE_2.0.0/STM32CubeIDE/plugins/com.st.stm32cube.ide.mcu.externaltools.gnu-tools-for-stm32.13.3.rel1.win32_1.0.100.202509120712/tools/bin/../lib/gcc/arm-none-eabi/13.3.1/thumb/v7e-m+fp/hard/crtbegin.o

.rodata         0x08008888      0x9b0
                0x08008888                        . = ALIGN (0x4)
 *(.rodata)
 .rodata        0x08008888       0x7b ./App/cap_controller_task/cap_calib_task.o
 *fill*         0x08008903        0x1 
 .rodata        0x08008904       0xc6 ./App/cap_controller_task/cap_controller_task.o
 *fill*         0x080089ca        0x2 
 .rodata        0x080089cc      0x4cc ./App/cmd_line_task/cli_command.o
 .rodata        0x08008e98       0x14 ./App/cmd_line_task/debug_cmd_task.o
 .rodata        0x08008eac        0x3 ./MyDRV/cli/CLI_Setup/cli_setup.o
 *fill*         0x08008eaf        0x1 
 .rodata        0x08008eb0       0xf2 ./MyDRV/cli/CLI_Src/embedded_cli.o
 *(.rodata*)
 *fill*         0x08008fa2        0x2 
 .rodata.OFFSET_TAB_CCMRx
                0x08008fa4        0x7 ./App/cap_controller_task/cap_controller_task.o
 *fill*         0x08008fab        0x1 
 .rodata.SHIFT_TAB_OCxx
                0x08008fac        0x7 ./App/cap_controller_task/cap_controller_task.o
 *fill*         0x08008fb3        0x1 
 .rodata.SHIFT_TAB_CCxP
                0x08008fb4        0x7 ./App/cap_controller_task/cap_controller_task.o
 *fill*         0x08008fbb        0x1 
 .rodata.cliStaticBindings_internal
                0x08008fbc      0x120 ./App/cmd_line_task/cli_command.o
 .rodata.OFFSET_TAB_CCMRx
                0x080090dc        0x7 ./Core/Src/main.o
 *fill*         0x080090e3        0x1 
 .rodata.SHIFT_TAB_OCxx
                0x080090e4        0x7 ./Core/Src/main.o
 *fill*         0x080090eb        0x1 
 .rodata.AHBPrescTable
                0x080090ec       0x10 ./Core/Src/system_stm32f4xx.o
                0x080090ec                AHBPrescTable
 .rodata.APBPrescTable
                0x080090fc        0x8 ./Core/Src/system_stm32f4xx.o
                0x080090fc                APBPrescTable
 .rodata._ctype_
                0x08009104      0x101 C:/ST/STM32CubeIDE_2.0.0/STM32CubeIDE/plugins/com.st.stm32cube.ide.mcu.externaltools.gnu-tools-for-stm32.13.3.rel1.win32_1.0.100.202509120712/tools/bin/../lib/gcc/arm-none-eabi/13.3.1/../../../../arm-none-eabi/lib/thumb/v7e-m+fp/hard\libc_nano.a(libc_a-ctype_.o)
                0x08009104                _ctype_
 .rodata._svfprintf_r.str1.1
                0x08009205       0x33 C:/ST/STM32CubeIDE_2.0.0/STM32CubeIDE/plugins/com.st.stm32cube.ide.mcu.externaltools.gnu-tools-for-stm32.13.3.rel1.win32_1.0.100.202509120712/tools/bin/../lib/gcc/arm-none-eabi/13.3.1/../../../../arm-none-eabi/lib/thumb/v7e-m+fp/hard\libc_nano.a(libc_a-nano-svfprintf.o)
                                 0x11 (size before relaxing)
 .rodata._printf_i.str1.1
                0x08009238        0x0 C:/ST/STM32CubeIDE_2.0.0/STM32CubeIDE/plugins/com.st.stm32cube.ide.mcu.externaltools.gnu-tools-for-stm32.13.3.rel1.win32_1.0.100.202509120712/tools/bin/../lib/gcc/arm-none-eabi/13.3.1/../../../../arm-none-eabi/lib/thumb/v7e-m+fp/hard\libc_nano.a(libc_a-nano-vfprintf_i.o)
                                 0x22 (size before relaxing)
                0x08009238                        . = ALIGN (0x4)

.ARM.extab      0x08009238        0x0
                0x08009238                        . = ALIGN (0x4)
 *(.ARM.extab* .gnu.linkonce.armextab.*)
                0x08009238                        . = ALIGN (0x4)

.ARM            0x08009238        0x8
                0x08009238                        . = ALIGN (0x4)
                0x08009238                        __exidx_start = .
 *(.ARM.exidx*)
 .ARM.exidx     0x08009238        0x8 C:/ST/STM32CubeIDE_2.0.0/STM32CubeIDE/plugins/com.st.stm32cube.ide.mcu.externaltools.gnu-tools-for-stm32.13.3.rel1.win32_1.0.100.202509120712/tools/bin/../lib/gcc/arm-none-eabi/13.3.1/../../../../arm-none-eabi/lib/thumb/v7e-m+fp/hard\libc_nano.a(libc_a-strcmp.o)
 .ARM.exidx     0x08009240        0x0 C:/ST/STM32CubeIDE_2.0.0/STM32CubeIDE/plugins/com.st.stm32cube.ide.mcu.externaltools.gnu-tools-for-stm32.13.3.rel1.win32_1.0.100.202509120712/tools/bin/../lib/gcc/arm-none-eabi/13.3.1/../../../../arm-none-eabi/lib/thumb/v7e-m+fp/hard\libc_nano.a(libc_a-strlen.o)
                                  0x8 (size before relaxing)
 .ARM.exidx     0x08009240        0x0 C:/ST/STM32CubeIDE_2.0.0/STM32CubeIDE/plugins/com.st.stm32cube.ide.mcu.externaltools.gnu-tools-for-stm32.13.3.rel1.win32_1.0.100.202509120712/tools/bin/../lib/gcc/arm-none-eabi/13.3.1/../../../../arm-none-eabi/lib/thumb/v7e-m+fp/hard\libc_nano.a(libc_a-memchr.o)
                                  0x8 (size before relaxing)
 .ARM.exidx     0x08009240        0x0 C:/ST/STM32CubeIDE_2.0.0/STM32CubeIDE/plugins/com.st.stm32cube.ide.mcu.externaltools.gnu-tools-for-stm32.13.3.rel1.win32_1.0.100.202509120712/tools/bin/../lib/gcc/arm-none-eabi/13.3.1/thumb/v7e-m+fp/hard\libgcc.a(_udivmoddi4.o)
                                  0x8 (size before relaxing)
                0x08009240                        __exidx_end = .
                0x08009240                        . = ALIGN (0x4)

.preinit_array  0x08009240        0x0
                0x08009240                        . = ALIGN (0x4)
                0x08009240                        PROVIDE (__preinit_array_start = .)
 *(.preinit_array*)
                0x08009240                        PROVIDE (__preinit_array_end = .)
                0x08009240                        . = ALIGN (0x4)

.init_array     0x08009240        0x4
                0x08009240                        . = ALIGN (0x4)
                0x08009240                        PROVIDE (__init_array_start = .)
 *(SORT_BY_NAME(.init_array.*))
 *(.init_array*)
 .init_array    0x08009240        0x4 C:/ST/STM32CubeIDE_2.0.0/STM32CubeIDE/plugins/com.st.stm32cube.ide.mcu.externaltools.gnu-tools-for-stm32.13.3.rel1.win32_1.0.100.202509120712/tools/bin/../lib/gcc/arm-none-eabi/13.3.1/thumb/v7e-m+fp/hard/crtbegin.o
                0x08009244                        PROVIDE (__init_array_end = .)
                0x08009244                        . = ALIGN (0x4)

.fini_array     0x08009244        0x4
                0x08009244                        . = ALIGN (0x4)
                [!provide]                        PROVIDE (__fini_array_start = .)
 *(SORT_BY_NAME(.fini_array.*))
 *(.fini_array*)
 .fini_array    0x08009244        0x4 C:/ST/STM32CubeIDE_2.0.0/STM32CubeIDE/plugins/com.st.stm32cube.ide.mcu.externaltools.gnu-tools-for-stm32.13.3.rel1.win32_1.0.100.202509120712/tools/bin/../lib/gcc/arm-none-eabi/13.3.1/thumb/v7e-m+fp/hard/crtbegin.o
                [!provide]                        PROVIDE (__fini_array_end = .)
                0x08009248                        . = ALIGN (0x4)
                0x08009248                        _sidata = LOADADDR (.data)

.rel.dyn        0x08009248        0x0
 .rel.iplt      0x08009248        0x0 C:/ST/STM32CubeIDE_2.0.0/STM32CubeIDE/plugins/com.st.stm32cube.ide.mcu.externaltools.gnu-tools-for-stm32.13.3.rel1.win32_1.0.100.202509120712/tools/bin/../lib/gcc/arm-none-eabi/13.3.1/thumb/v7e-m+fp/hard/crtbegin.o

.data           0x20000000      0x1cc load address 0x08009248
                0x20000000                        . = ALIGN (0x4)
                0x20000000                        _sdata = .
 *(.data)
 *(.data*)
 .data.g_ui32SchedulerNumTasks
                0x20000000        0x4 ./App/app.o
                0x20000000                g_ui32SchedulerNumTasks
 .data.g_psSchedulerTable
                0x20000004       0x64 ./App/app.o
                0x20000004                g_psSchedulerTable
 .data.Cap_300V_charge_range
                0x20000068       0x36 ./App/cap_controller_task/cap_controller_task.o
                0x20000068                Cap_300V_charge_range
 *fill*         0x2000009e        0x2 
 .data.Cap_50V_charge_range
                0x200000a0       0x1e ./App/cap_controller_task/cap_controller_task.o
                0x200000a0                Cap_50V_charge_range
 *fill*         0x200000be        0x2 
 .data.Cap_array
                0x200000c0        0x8 ./App/cap_controller_task/cap_controller_task.o
 .data.g_Cap_300V
                0x200000c8       0x48 ./App/cap_controller_task/cap_controller_task.o
                0x200000c8                g_Cap_300V
 .data.g_Cap_50V
                0x20000110       0x48 ./App/cap_controller_task/cap_controller_task.o
                0x20000110                g_Cap_50V
 .data.SystemCoreClock
                0x20000158        0x4 ./Core/Src/system_stm32f4xx.o
                0x20000158                SystemCoreClock
 .data.lineBreak
                0x2000015c        0x4 ./MyDRV/cli/CLI_Src/embedded_cli.o
 .data.escSeqCursorRight
                0x20000160        0x4 ./MyDRV/cli/CLI_Src/embedded_cli.o
 .data.escSeqCursorLeft
                0x20000164        0x4 ./MyDRV/cli/CLI_Src/embedded_cli.o
 .data.escSeqCursorSave
                0x20000168        0x4 ./MyDRV/cli/CLI_Src/embedded_cli.o
 .data.escSeqCursorRestore
                0x2000016c        0x4 ./MyDRV/cli/CLI_Src/embedded_cli.o
 .data.escSeqInsertChar
                0x20000170        0x4 ./MyDRV/cli/CLI_Src/embedded_cli.o
 .data.escSeqDeleteChar
                0x20000174        0x4 ./MyDRV/cli/CLI_Src/embedded_cli.o
 .data.SchedulerTickPerSecond
                0x20000178        0x4 ./MyDRV/scheduler/scheduler.o
 .data._impure_ptr
                0x2000017c        0x4 C:/ST/STM32CubeIDE_2.0.0/STM32CubeIDE/plugins/com.st.stm32cube.ide.mcu.externaltools.gnu-tools-for-stm32.13.3.rel1.win32_1.0.100.202509120712/tools/bin/../lib/gcc/arm-none-eabi/13.3.1/../../../../arm-none-eabi/lib/thumb/v7e-m+fp/hard\libc_nano.a(libc_a-impure.o)
                0x2000017c                _impure_ptr
 .data._impure_data
                0x20000180       0x4c C:/ST/STM32CubeIDE_2.0.0/STM32CubeIDE/plugins/com.st.stm32cube.ide.mcu.externaltools.gnu-tools-for-stm32.13.3.rel1.win32_1.0.100.202509120712/tools/bin/../lib/gcc/arm-none-eabi/13.3.1/../../../../arm-none-eabi/lib/thumb/v7e-m+fp/hard\libc_nano.a(libc_a-impure.o)
                0x20000180                _impure_data
 *(.RamFunc)
 *(.RamFunc*)
                0x200001cc                        . = ALIGN (0x4)
                0x200001cc                        _edata = .
                0x08009414                        _siccmram = LOADADDR (.ccmram)

.igot.plt       0x200001cc        0x0 load address 0x08009414
 .igot.plt      0x200001cc        0x0 C:/ST/STM32CubeIDE_2.0.0/STM32CubeIDE/plugins/com.st.stm32cube.ide.mcu.externaltools.gnu-tools-for-stm32.13.3.rel1.win32_1.0.100.202509120712/tools/bin/../lib/gcc/arm-none-eabi/13.3.1/thumb/v7e-m+fp/hard/crtbegin.o

.ccmram         0x10000000        0x0 load address 0x08009414
                0x10000000                        . = ALIGN (0x4)
                0x10000000                        _sccmram = .
 *(.ccmram)
 *(.ccmram*)
                0x10000000                        . = ALIGN (0x4)
                0x10000000                        _eccmram = .
                0x10000000                        . = ALIGN (0x4)

.bss            0x200001cc      0xf40
                0x200001cc                        _sbss = .
                0x200001cc                        __bss_start__ = _sbss
 *(.bss)
 .bss           0x200001cc       0x1c C:/ST/STM32CubeIDE_2.0.0/STM32CubeIDE/plugins/com.st.stm32cube.ide.mcu.externaltools.gnu-tools-for-stm32.13.3.rel1.win32_1.0.100.202509120712/tools/bin/../lib/gcc/arm-none-eabi/13.3.1/thumb/v7e-m+fp/hard/crtbegin.o
 *(.bss*)
 .bss.Calib_State
                0x200001e8        0x1 ./App/cap_controller_task/cap_calib_task.o
 .bss.Calib_Stage_Count
                0x200001e9        0x1 ./App/cap_controller_task/cap_calib_task.o
 *fill*         0x200001ea        0x2 
 .bss.p_current_cap
                0x200001ec        0x4 ./App/cap_controller_task/cap_calib_task.o
 .bss.g_HV_Measure_mv
                0x200001f0        0x4 ./App/cap_controller_task/cap_calib_task.o
                0x200001f0                g_HV_Measure_mv
 .bss.g_is_calib_running
                0x200001f4        0x1 ./App/cap_controller_task/cap_calib_task.o
                0x200001f4                g_is_calib_running
 *fill*         0x200001f5        0x3 
 .bss.s_Cap_300V
                0x200001f8       0x94 ./App/cap_controller_task/cap_controller_task.o
 .bss.s_Cap_50V
                0x2000028c       0x94 ./App/cap_controller_task/cap_controller_task.o
 .bss.Cap_array_index
                0x20000320        0x1 ./App/cap_controller_task/cap_controller_task.o
 *fill*         0x20000321        0x3 
 .bss.g_Feedback_Voltage
                0x20000324        0x4 ./App/cap_controller_task/cap_controller_task.o
                0x20000324                g_Feedback_Voltage
 .bss.pin       0x20000328        0x1 ./App/cap_controller_task/cap_controller_task.o
                0x20000328                pin
 *fill*         0x20000329        0x3 
 .bss.CMD_line_handle
                0x2000032c        0x4 ./App/cmd_line_task/debug_cmd_task.o
                0x2000032c                CMD_line_handle
 .bss.DEBUG_UART
                0x20000330       0x6c ./App/cmd_line_task/debug_cmd_task.o
                0x20000330                DEBUG_UART
 .bss.g_DEBUG_UART_TX_buffer
                0x2000039c      0x200 ./App/cmd_line_task/debug_cmd_task.o
                0x2000039c                g_DEBUG_UART_TX_buffer
 .bss.g_DEBUG_UART_RX_buffer
                0x2000059c      0x200 ./App/cmd_line_task/debug_cmd_task.o
                0x2000059c                g_DEBUG_UART_RX_buffer
 .bss.g_DEBUG_CMD_line_buffer
                0x2000079c      0x800 ./App/cmd_line_task/debug_cmd_task.o
                0x2000079c                g_DEBUG_CMD_line_buffer
 .bss.p_DEBUG_CLI
                0x20000f9c        0x4 ./App/cmd_line_task/debug_cmd_task.o
                0x20000f9c                p_DEBUG_CLI
 .bss.__sbrk_heap_end
                0x20000fa0        0x4 ./Core/Src/sysmem.o
 .bss.defaultConfig
                0x20000fa4       0x1c ./MyDRV/cli/CLI_Src/embedded_cli.o
 .bss.g_ui32SchedulerTickCount
                0x20000fc0        0x4 ./MyDRV/scheduler/scheduler.o
 .bss.__sf      0x20000fc4      0x138 C:/ST/STM32CubeIDE_2.0.0/STM32CubeIDE/plugins/com.st.stm32cube.ide.mcu.externaltools.gnu-tools-for-stm32.13.3.rel1.win32_1.0.100.202509120712/tools/bin/../lib/gcc/arm-none-eabi/13.3.1/../../../../arm-none-eabi/lib/thumb/v7e-m+fp/hard\libc_nano.a(libc_a-findfp.o)
                0x20000fc4                __sf
 .bss.errno     0x200010fc        0x4 C:/ST/STM32CubeIDE_2.0.0/STM32CubeIDE/plugins/com.st.stm32cube.ide.mcu.externaltools.gnu-tools-for-stm32.13.3.rel1.win32_1.0.100.202509120712/tools/bin/../lib/gcc/arm-none-eabi/13.3.1/../../../../arm-none-eabi/lib/thumb/v7e-m+fp/hard\libc_nano.a(libc_a-reent.o)
                0x200010fc                errno
 .bss.__lock___malloc_recursive_mutex
                0x20001100        0x1 C:/ST/STM32CubeIDE_2.0.0/STM32CubeIDE/plugins/com.st.stm32cube.ide.mcu.externaltools.gnu-tools-for-stm32.13.3.rel1.win32_1.0.100.202509120712/tools/bin/../lib/gcc/arm-none-eabi/13.3.1/../../../../arm-none-eabi/lib/thumb/v7e-m+fp/hard\libc_nano.a(libc_a-lock.o)
                0x20001100                __lock___malloc_recursive_mutex
 *fill*         0x20001101        0x3 
 .bss.__malloc_sbrk_start
                0x20001104        0x4 C:/ST/STM32CubeIDE_2.0.0/STM32CubeIDE/plugins/com.st.stm32cube.ide.mcu.externaltools.gnu-tools-for-stm32.13.3.rel1.win32_1.0.100.202509120712/tools/bin/../lib/gcc/arm-none-eabi/13.3.1/../../../../arm-none-eabi/lib/thumb/v7e-m+fp/hard\libc_nano.a(libc_a-mallocr.o)
                0x20001104                __malloc_sbrk_start
 .bss.__malloc_free_list
                0x20001108        0x4 C:/ST/STM32CubeIDE_2.0.0/STM32CubeIDE/plugins/com.st.stm32cube.ide.mcu.externaltools.gnu-tools-for-stm32.13.3.rel1.win32_1.0.100.202509120712/tools/bin/../lib/gcc/arm-none-eabi/13.3.1/../../../../arm-none-eabi/lib/thumb/v7e-m+fp/hard\libc_nano.a(libc_a-mallocr.o)
                0x20001108                __malloc_free_list
 *(COMMON)
                0x2000110c                        . = ALIGN (0x4)
                0x2000110c                        _ebss = .
                0x2000110c                        __bss_end__ = _ebss

._user_heap_stack
                0x2000110c      0x604
                0x20001110                        . = ALIGN (0x8)
 *fill*         0x2000110c        0x4 
                [!provide]                        PROVIDE (end = .)
                0x20001110                        PROVIDE (_end = .)
                0x20001310                        . = (. + _Min_Heap_Size)
 *fill*         0x20001110      0x200 
                0x20001710                        . = (. + _Min_Stack_Size)
 *fill*         0x20001310      0x400 
                0x20001710                        . = ALIGN (0x8)

/DISCARD/
 libc.a(*)
 libm.a(*)
 libgcc.a(*)

.ARM.attributes
                0x00000000       0x30
 *(.ARM.attributes)
 .ARM.attributes
                0x00000000       0x22 C:/ST/STM32CubeIDE_2.0.0/STM32CubeIDE/plugins/com.st.stm32cube.ide.mcu.externaltools.gnu-tools-for-stm32.13.3.rel1.win32_1.0.100.202509120712/tools/bin/../lib/gcc/arm-none-eabi/13.3.1/thumb/v7e-m+fp/hard/crti.o
 .ARM.attributes
                0x00000022       0x34 C:/ST/STM32CubeIDE_2.0.0/STM32CubeIDE/plugins/com.st.stm32cube.ide.mcu.externaltools.gnu-tools-for-stm32.13.3.rel1.win32_1.0.100.202509120712/tools/bin/../lib/gcc/arm-none-eabi/13.3.1/thumb/v7e-m+fp/hard/crtbegin.o
 .ARM.attributes
                0x00000056       0x34 ./App/app.o
 .ARM.attributes
                0x0000008a       0x34 ./App/cap_controller_task/cap_calib_task.o
 .ARM.attributes
                0x000000be       0x34 ./App/cap_controller_task/cap_controller_task.o
 .ARM.attributes
                0x000000f2       0x34 ./App/cmd_line_task/cli_command.o
 .ARM.attributes
                0x00000126       0x34 ./App/cmd_line_task/debug_cmd_task.o
 .ARM.attributes
                0x0000015a       0x34 ./Core/Src/main.o
 .ARM.attributes
                0x0000018e       0x34 ./Core/Src/stm32f4xx_it.o
 .ARM.attributes
                0x000001c2       0x34 ./Core/Src/sysmem.o
 .ARM.attributes
                0x000001f6       0x34 ./Core/Src/system_stm32f4xx.o
 .ARM.attributes
                0x0000022a       0x21 ./Core/Startup/startup_stm32f405rgtx.o
 .ARM.attributes
                0x0000024b       0x34 ./Drivers/STM32F4xx_HAL_Driver/Src/stm32f4xx_ll_adc.o
 .ARM.attributes
                0x0000027f       0x34 ./Drivers/STM32F4xx_HAL_Driver/Src/stm32f4xx_ll_gpio.o
 .ARM.attributes
                0x000002b3       0x34 ./Drivers/STM32F4xx_HAL_Driver/Src/stm32f4xx_ll_rcc.o
 .ARM.attributes
                0x000002e7       0x34 ./Drivers/STM32F4xx_HAL_Driver/Src/stm32f4xx_ll_tim.o
 .ARM.attributes
                0x0000031b       0x34 ./Drivers/STM32F4xx_HAL_Driver/Src/stm32f4xx_ll_usart.o
 .ARM.attributes
                0x0000034f       0x34 ./Drivers/STM32F4xx_HAL_Driver/Src/stm32f4xx_ll_utils.o
 .ARM.attributes
                0x00000383       0x34 ./MyDRV/cli/CLI_Setup/cli_setup.o
 .ARM.attributes
                0x000003b7       0x34 ./MyDRV/cli/CLI_Src/embedded_cli.o
 .ARM.attributes
                0x000003eb       0x34 ./MyDRV/pid/pid.o
 .ARM.attributes
                0x0000041f       0x34 ./MyDRV/scheduler/scheduler.o
 .ARM.attributes
                0x00000453       0x34 ./MyDRV/uart/ring_buffer.o
 .ARM.attributes
                0x00000487       0x34 ./MyDRV/uart/uart_driver.o
 .ARM.attributes
                0x000004bb       0x34 C:/ST/STM32CubeIDE_2.0.0/STM32CubeIDE/plugins/com.st.stm32cube.ide.mcu.externaltools.gnu-tools-for-stm32.13.3.rel1.win32_1.0.100.202509120712/tools/bin/../lib/gcc/arm-none-eabi/13.3.1/../../../../arm-none-eabi/lib/thumb/v7e-m+fp/hard\libc_nano.a(libc_a-atoi.o)
 .ARM.attributes
                0x000004ef       0x34 C:/ST/STM32CubeIDE_2.0.0/STM32CubeIDE/plugins/com.st.stm32cube.ide.mcu.externaltools.gnu-tools-for-stm32.13.3.rel1.win32_1.0.100.202509120712/tools/bin/../lib/gcc/arm-none-eabi/13.3.1/../../../../arm-none-eabi/lib/thumb/v7e-m+fp/hard\libc_nano.a(libc_a-strtol.o)
 .ARM.attributes
                0x00000523       0x34 C:/ST/STM32CubeIDE_2.0.0/STM32CubeIDE/plugins/com.st.stm32cube.ide.mcu.externaltools.gnu-tools-for-stm32.13.3.rel1.win32_1.0.100.202509120712/tools/bin/../lib/gcc/arm-none-eabi/13.3.1/../../../../arm-none-eabi/lib/thumb/v7e-m+fp/hard\libc_nano.a(libc_a-ctype_.o)
 .ARM.attributes
                0x00000557       0x34 C:/ST/STM32CubeIDE_2.0.0/STM32CubeIDE/plugins/com.st.stm32cube.ide.mcu.externaltools.gnu-tools-for-stm32.13.3.rel1.win32_1.0.100.202509120712/tools/bin/../lib/gcc/arm-none-eabi/13.3.1/../../../../arm-none-eabi/lib/thumb/v7e-m+fp/hard\libc_nano.a(libc_a-findfp.o)
 .ARM.attributes
                0x0000058b       0x34 C:/ST/STM32CubeIDE_2.0.0/STM32CubeIDE/plugins/com.st.stm32cube.ide.mcu.externaltools.gnu-tools-for-stm32.13.3.rel1.win32_1.0.100.202509120712/tools/bin/../lib/gcc/arm-none-eabi/13.3.1/../../../../arm-none-eabi/lib/thumb/v7e-m+fp/hard\libc_nano.a(libc_a-snprintf.o)
 .ARM.attributes
                0x000005bf       0x34 C:/ST/STM32CubeIDE_2.0.0/STM32CubeIDE/plugins/com.st.stm32cube.ide.mcu.externaltools.gnu-tools-for-stm32.13.3.rel1.win32_1.0.100.202509120712/tools/bin/../lib/gcc/arm-none-eabi/13.3.1/../../../../arm-none-eabi/lib/thumb/v7e-m+fp/hard\libc_nano.a(libc_a-sprintf.o)
 .ARM.attributes
                0x000005f3       0x34 C:/ST/STM32CubeIDE_2.0.0/STM32CubeIDE/plugins/com.st.stm32cube.ide.mcu.externaltools.gnu-tools-for-stm32.13.3.rel1.win32_1.0.100.202509120712/tools/bin/../lib/gcc/arm-none-eabi/13.3.1/../../../../arm-none-eabi/lib/thumb/v7e-m+fp/hard\libc_nano.a(libc_a-memmove.o)
 .ARM.attributes
                0x00000627       0x34 C:/ST/STM32CubeIDE_2.0.0/STM32CubeIDE/plugins/com.st.stm32cube.ide.mcu.externaltools.gnu-tools-for-stm32.13.3.rel1.win32_1.0.100.202509120712/tools/bin/../lib/gcc/arm-none-eabi/13.3.1/../../../../arm-none-eabi/lib/thumb/v7e-m+fp/hard\libc_nano.a(libc_a-memset.o)
 .ARM.attributes
                0x0000065b       0x34 C:/ST/STM32CubeIDE_2.0.0/STM32CubeIDE/plugins/com.st.stm32cube.ide.mcu.externaltools.gnu-tools-for-stm32.13.3.rel1.win32_1.0.100.202509120712/tools/bin/../lib/gcc/arm-none-eabi/13.3.1/../../../../arm-none-eabi/lib/thumb/v7e-m+fp/hard\libc_nano.a(libc_a-strchr.o)
 .ARM.attributes
                0x0000068f       0x34 C:/ST/STM32CubeIDE_2.0.0/STM32CubeIDE/plugins/com.st.stm32cube.ide.mcu.externaltools.gnu-tools-for-stm32.13.3.rel1.win32_1.0.100.202509120712/tools/bin/../lib/gcc/arm-none-eabi/13.3.1/../../../../arm-none-eabi/lib/thumb/v7e-m+fp/hard\libc_nano.a(libc_a-strncpy.o)
 .ARM.attributes
                0x000006c3       0x34 C:/ST/STM32CubeIDE_2.0.0/STM32CubeIDE/plugins/com.st.stm32cube.ide.mcu.externaltools.gnu-tools-for-stm32.13.3.rel1.win32_1.0.100.202509120712/tools/bin/../lib/gcc/arm-none-eabi/13.3.1/../../../../arm-none-eabi/lib/thumb/v7e-m+fp/hard\libc_nano.a(libc_a-reent.o)
 .ARM.attributes
                0x000006f7       0x34 C:/ST/STM32CubeIDE_2.0.0/STM32CubeIDE/plugins/com.st.stm32cube.ide.mcu.externaltools.gnu-tools-for-stm32.13.3.rel1.win32_1.0.100.202509120712/tools/bin/../lib/gcc/arm-none-eabi/13.3.1/../../../../arm-none-eabi/lib/thumb/v7e-m+fp/hard\libc_nano.a(libc_a-impure.o)
 .ARM.attributes
                0x0000072b       0x34 C:/ST/STM32CubeIDE_2.0.0/STM32CubeIDE/plugins/com.st.stm32cube.ide.mcu.externaltools.gnu-tools-for-stm32.13.3.rel1.win32_1.0.100.202509120712/tools/bin/../lib/gcc/arm-none-eabi/13.3.1/../../../../arm-none-eabi/lib/thumb/v7e-m+fp/hard\libc_nano.a(libc_a-errno.o)
 .ARM.attributes
                0x0000075f       0x34 C:/ST/STM32CubeIDE_2.0.0/STM32CubeIDE/plugins/com.st.stm32cube.ide.mcu.externaltools.gnu-tools-for-stm32.13.3.rel1.win32_1.0.100.202509120712/tools/bin/../lib/gcc/arm-none-eabi/13.3.1/../../../../arm-none-eabi/lib/thumb/v7e-m+fp/hard\libc_nano.a(libc_a-init.o)
 .ARM.attributes
                0x00000793       0x34 C:/ST/STM32CubeIDE_2.0.0/STM32CubeIDE/plugins/com.st.stm32cube.ide.mcu.externaltools.gnu-tools-for-stm32.13.3.rel1.win32_1.0.100.202509120712/tools/bin/../lib/gcc/arm-none-eabi/13.3.1/../../../../arm-none-eabi/lib/thumb/v7e-m+fp/hard\libc_nano.a(libc_a-lock.o)
 .ARM.attributes
                0x000007c7       0x20 C:/ST/STM32CubeIDE_2.0.0/STM32CubeIDE/plugins/com.st.stm32cube.ide.mcu.externaltools.gnu-tools-for-stm32.13.3.rel1.win32_1.0.100.202509120712/tools/bin/../lib/gcc/arm-none-eabi/13.3.1/../../../../arm-none-eabi/lib/thumb/v7e-m+fp/hard\libc_nano.a(libc_a-strcmp.o)
 .ARM.attributes
                0x000007e7       0x34 C:/ST/STM32CubeIDE_2.0.0/STM32CubeIDE/plugins/com.st.stm32cube.ide.mcu.externaltools.gnu-tools-for-stm32.13.3.rel1.win32_1.0.100.202509120712/tools/bin/../lib/gcc/arm-none-eabi/13.3.1/../../../../arm-none-eabi/lib/thumb/v7e-m+fp/hard\libc_nano.a(libc_a-memcpy-stub.o)
 .ARM.attributes
                0x0000081b       0x17 C:/ST/STM32CubeIDE_2.0.0/STM32CubeIDE/plugins/com.st.stm32cube.ide.mcu.externaltools.gnu-tools-for-stm32.13.3.rel1.win32_1.0.100.202509120712/tools/bin/../lib/gcc/arm-none-eabi/13.3.1/../../../../arm-none-eabi/lib/thumb/v7e-m+fp/hard\libc_nano.a(libc_a-strlen.o)
 .ARM.attributes
                0x00000832       0x34 C:/ST/STM32CubeIDE_2.0.0/STM32CubeIDE/plugins/com.st.stm32cube.ide.mcu.externaltools.gnu-tools-for-stm32.13.3.rel1.win32_1.0.100.202509120712/tools/bin/../lib/gcc/arm-none-eabi/13.3.1/../../../../arm-none-eabi/lib/thumb/v7e-m+fp/hard\libc_nano.a(libc_a-freer.o)
 .ARM.attributes
                0x00000866       0x34 C:/ST/STM32CubeIDE_2.0.0/STM32CubeIDE/plugins/com.st.stm32cube.ide.mcu.externaltools.gnu-tools-for-stm32.13.3.rel1.win32_1.0.100.202509120712/tools/bin/../lib/gcc/arm-none-eabi/13.3.1/../../../../arm-none-eabi/lib/thumb/v7e-m+fp/hard\libc_nano.a(libc_a-mallocr.o)
 .ARM.attributes
                0x0000089a       0x34 C:/ST/STM32CubeIDE_2.0.0/STM32CubeIDE/plugins/com.st.stm32cube.ide.mcu.externaltools.gnu-tools-for-stm32.13.3.rel1.win32_1.0.100.202509120712/tools/bin/../lib/gcc/arm-none-eabi/13.3.1/../../../../arm-none-eabi/lib/thumb/v7e-m+fp/hard\libc_nano.a(libc_a-mlock.o)
 .ARM.attributes
                0x000008ce       0x34 C:/ST/STM32CubeIDE_2.0.0/STM32CubeIDE/plugins/com.st.stm32cube.ide.mcu.externaltools.gnu-tools-for-stm32.13.3.rel1.win32_1.0.100.202509120712/tools/bin/../lib/gcc/arm-none-eabi/13.3.1/../../../../arm-none-eabi/lib/thumb/v7e-m+fp/hard\libc_nano.a(libc_a-nano-svfprintf.o)
 .ARM.attributes
                0x00000902       0x34 C:/ST/STM32CubeIDE_2.0.0/STM32CubeIDE/plugins/com.st.stm32cube.ide.mcu.externaltools.gnu-tools-for-stm32.13.3.rel1.win32_1.0.100.202509120712/tools/bin/../lib/gcc/arm-none-eabi/13.3.1/../../../../arm-none-eabi/lib/thumb/v7e-m+fp/hard\libc_nano.a(libc_a-nano-vfprintf_i.o)
 .ARM.attributes
                0x00000936       0x34 C:/ST/STM32CubeIDE_2.0.0/STM32CubeIDE/plugins/com.st.stm32cube.ide.mcu.externaltools.gnu-tools-for-stm32.13.3.rel1.win32_1.0.100.202509120712/tools/bin/../lib/gcc/arm-none-eabi/13.3.1/../../../../arm-none-eabi/lib/thumb/v7e-m+fp/hard\libc_nano.a(libc_a-sbrkr.o)
 .ARM.attributes
                0x0000096a       0x1c C:/ST/STM32CubeIDE_2.0.0/STM32CubeIDE/plugins/com.st.stm32cube.ide.mcu.externaltools.gnu-tools-for-stm32.13.3.rel1.win32_1.0.100.202509120712/tools/bin/../lib/gcc/arm-none-eabi/13.3.1/../../../../arm-none-eabi/lib/thumb/v7e-m+fp/hard\libc_nano.a(libc_a-memchr.o)
 .ARM.attributes
                0x00000986       0x34 C:/ST/STM32CubeIDE_2.0.0/STM32CubeIDE/plugins/com.st.stm32cube.ide.mcu.externaltools.gnu-tools-for-stm32.13.3.rel1.win32_1.0.100.202509120712/tools/bin/../lib/gcc/arm-none-eabi/13.3.1/../../../../arm-none-eabi/lib/thumb/v7e-m+fp/hard\libc_nano.a(libc_a-reallocr.o)
 .ARM.attributes
                0x000009ba       0x34 C:/ST/STM32CubeIDE_2.0.0/STM32CubeIDE/plugins/com.st.stm32cube.ide.mcu.externaltools.gnu-tools-for-stm32.13.3.rel1.win32_1.0.100.202509120712/tools/bin/../lib/gcc/arm-none-eabi/13.3.1/../../../../arm-none-eabi/lib/thumb/v7e-m+fp/hard\libc_nano.a(libc_a-msizer.o)
 .ARM.attributes
                0x000009ee       0x22 C:/ST/STM32CubeIDE_2.0.0/STM32CubeIDE/plugins/com.st.stm32cube.ide.mcu.externaltools.gnu-tools-for-stm32.13.3.rel1.win32_1.0.100.202509120712/tools/bin/../lib/gcc/arm-none-eabi/13.3.1/thumb/v7e-m+fp/hard\libgcc.a(_arm_addsubdf3.o)
 .ARM.attributes
                0x00000a10       0x22 C:/ST/STM32CubeIDE_2.0.0/STM32CubeIDE/plugins/com.st.stm32cube.ide.mcu.externaltools.gnu-tools-for-stm32.13.3.rel1.win32_1.0.100.202509120712/tools/bin/../lib/gcc/arm-none-eabi/13.3.1/thumb/v7e-m+fp/hard\libgcc.a(_arm_muldivdf3.o)
 .ARM.attributes
                0x00000a32       0x22 C:/ST/STM32CubeIDE_2.0.0/STM32CubeIDE/plugins/com.st.stm32cube.ide.mcu.externaltools.gnu-tools-for-stm32.13.3.rel1.win32_1.0.100.202509120712/tools/bin/../lib/gcc/arm-none-eabi/13.3.1/thumb/v7e-m+fp/hard\libgcc.a(_arm_cmpdf2.o)
 .ARM.attributes
                0x00000a54       0x22 C:/ST/STM32CubeIDE_2.0.0/STM32CubeIDE/plugins/com.st.stm32cube.ide.mcu.externaltools.gnu-tools-for-stm32.13.3.rel1.win32_1.0.100.202509120712/tools/bin/../lib/gcc/arm-none-eabi/13.3.1/thumb/v7e-m+fp/hard\libgcc.a(_arm_fixunsdfsi.o)
 .ARM.attributes
                0x00000a76       0x22 C:/ST/STM32CubeIDE_2.0.0/STM32CubeIDE/plugins/com.st.stm32cube.ide.mcu.externaltools.gnu-tools-for-stm32.13.3.rel1.win32_1.0.100.202509120712/tools/bin/../lib/gcc/arm-none-eabi/13.3.1/thumb/v7e-m+fp/hard\libgcc.a(_arm_truncdfsf2.o)
 .ARM.attributes
                0x00000a98       0x22 C:/ST/STM32CubeIDE_2.0.0/STM32CubeIDE/plugins/com.st.stm32cube.ide.mcu.externaltools.gnu-tools-for-stm32.13.3.rel1.win32_1.0.100.202509120712/tools/bin/../lib/gcc/arm-none-eabi/13.3.1/thumb/v7e-m+fp/hard\libgcc.a(_aeabi_uldivmod.o)
 .ARM.attributes
                0x00000aba       0x34 C:/ST/STM32CubeIDE_2.0.0/STM32CubeIDE/plugins/com.st.stm32cube.ide.mcu.externaltools.gnu-tools-for-stm32.13.3.rel1.win32_1.0.100.202509120712/tools/bin/../lib/gcc/arm-none-eabi/13.3.1/thumb/v7e-m+fp/hard\libgcc.a(_udivmoddi4.o)
 .ARM.attributes
                0x00000aee       0x22 C:/ST/STM32CubeIDE_2.0.0/STM32CubeIDE/plugins/com.st.stm32cube.ide.mcu.externaltools.gnu-tools-for-stm32.13.3.rel1.win32_1.0.100.202509120712/tools/bin/../lib/gcc/arm-none-eabi/13.3.1/thumb/v7e-m+fp/hard\libgcc.a(_dvmd_tls.o)
 .ARM.attributes
                0x00000b10       0x22 C:/ST/STM32CubeIDE_2.0.0/STM32CubeIDE/plugins/com.st.stm32cube.ide.mcu.externaltools.gnu-tools-for-stm32.13.3.rel1.win32_1.0.100.202509120712/tools/bin/../lib/gcc/arm-none-eabi/13.3.1/thumb/v7e-m+fp/hard/crtn.o
OUTPUT(HVC_FIRM_V2.1.elf elf32-littlearm)
LOAD linker stubs
LOAD C:/ST/STM32CubeIDE_2.0.0/STM32CubeIDE/plugins/com.st.stm32cube.ide.mcu.externaltools.gnu-tools-for-stm32.13.3.rel1.win32_1.0.100.202509120712/tools/bin/../lib/gcc/arm-none-eabi/13.3.1/../../../../arm-none-eabi/lib/thumb/v7e-m+fp/hard\libc.a
LOAD C:/ST/STM32CubeIDE_2.0.0/STM32CubeIDE/plugins/com.st.stm32cube.ide.mcu.externaltools.gnu-tools-for-stm32.13.3.rel1.win32_1.0.100.202509120712/tools/bin/../lib/gcc/arm-none-eabi/13.3.1/../../../../arm-none-eabi/lib/thumb/v7e-m+fp/hard\libm.a
LOAD C:/ST/STM32CubeIDE_2.0.0/STM32CubeIDE/plugins/com.st.stm32cube.ide.mcu.externaltools.gnu-tools-for-stm32.13.3.rel1.win32_1.0.100.202509120712/tools/bin/../lib/gcc/arm-none-eabi/13.3.1/thumb/v7e-m+fp/hard\libgcc.a

.debug_info     0x00000000     0xda20
 .debug_info    0x00000000      0x2bc ./App/app.o
 .debug_info    0x000002bc      0xaa0 ./App/cap_controller_task/cap_calib_task.o
 .debug_info    0x00000d5c     0x2102 ./App/cap_controller_task/cap_controller_task.o
 .debug_info    0x00002e5e      0xe3b ./App/cmd_line_task/cli_command.o
 .debug_info    0x00003c99      0x768 ./App/cmd_line_task/debug_cmd_task.o
 .debug_info    0x00004401     0x1a72 ./Core/Src/main.o
 .debug_info    0x00005e73      0x5c5 ./Core/Src/stm32f4xx_it.o
 .debug_info    0x00006438      0x168 ./Core/Src/sysmem.o
 .debug_info    0x000065a0      0x50b ./Core/Src/system_stm32f4xx.o
 .debug_info    0x00006aab       0x30 ./Core/Startup/startup_stm32f405rgtx.o
 .debug_info    0x00006adb      0x88f ./Drivers/STM32F4xx_HAL_Driver/Src/stm32f4xx_ll_adc.o
 .debug_info    0x0000736a      0x920 ./Drivers/STM32F4xx_HAL_Driver/Src/stm32f4xx_ll_gpio.o
 .debug_info    0x00007c8a      0x744 ./Drivers/STM32F4xx_HAL_Driver/Src/stm32f4xx_ll_rcc.o
 .debug_info    0x000083ce      0xf40 ./Drivers/STM32F4xx_HAL_Driver/Src/stm32f4xx_ll_tim.o
 .debug_info    0x0000930e      0x6eb ./Drivers/STM32F4xx_HAL_Driver/Src/stm32f4xx_ll_usart.o
 .debug_info    0x000099f9      0x8f5 ./Drivers/STM32F4xx_HAL_Driver/Src/stm32f4xx_ll_utils.o
 .debug_info    0x0000a2ee      0x777 ./MyDRV/cli/CLI_Setup/cli_setup.o
 .debug_info    0x0000aa65     0x139d ./MyDRV/cli/CLI_Src/embedded_cli.o
 .debug_info    0x0000be02      0x480 ./MyDRV/pid/pid.o
 .debug_info    0x0000c282      0x2ee ./MyDRV/scheduler/scheduler.o
 .debug_info    0x0000c570      0x812 ./MyDRV/uart/ring_buffer.o
 .debug_info    0x0000cd82      0xc9e ./MyDRV/uart/uart_driver.o

.debug_abbrev   0x00000000     0x29f9
 .debug_abbrev  0x00000000      0x154 ./App/app.o
 .debug_abbrev  0x00000154      0x22b ./App/cap_controller_task/cap_calib_task.o
 .debug_abbrev  0x0000037f      0x3cf ./App/cap_controller_task/cap_controller_task.o
 .debug_abbrev  0x0000074e      0x29a ./App/cmd_line_task/cli_command.o
 .debug_abbrev  0x000009e8      0x1ee ./App/cmd_line_task/debug_cmd_task.o
 .debug_abbrev  0x00000bd6      0x345 ./Core/Src/main.o
 .debug_abbrev  0x00000f1b      0x18f ./Core/Src/stm32f4xx_it.o
 .debug_abbrev  0x000010aa       0xbc ./Core/Src/sysmem.o
 .debug_abbrev  0x00001166      0x11a ./Core/Src/system_stm32f4xx.o
 .debug_abbrev  0x00001280       0x24 ./Core/Startup/startup_stm32f405rgtx.o