Archive member included to satisfy reference by file (symbol)

C:/ST/STM32CubeIDE_2.0.0/STM32CubeIDE/plugins/com.st.stm32cube.ide.mcu.externaltools.gnu-tools-for-stm32.13.3.rel1.win32_1.0.100.202509120712/tools/bin/../lib/gcc/arm-none-eabi/13.3.1/../../../../arm-none-eabi/lib/thumb/v7e-m+fp/hard\libc_nano.a(libc_a-atoi.o)
                              ./App/cmd_line_task/cli_command.o (atoi)
C:/ST/STM32CubeIDE_2.0.0/STM32CubeIDE/plugins/com.st.stm32cube.ide.mcu.externaltools.gnu-tools-for-stm32.13.3.rel1.win32_1.0.100.202509120712/tools/bin/../lib/gcc/arm-none-eabi/13.3.1/../../../../arm-none-eabi/lib/thumb/v7e-m+fp/hard\libc_nano.a(libc_a-exit.o)
                              C:/ST/STM32CubeIDE_2.0.0/STM32CubeIDE/plugins/com.st.stm32cube.ide.mcu.externaltools.gnu-tools-for-stm32.13.3.rel1.win32_1.0.100.202509120712/tools/bin/../lib/gcc/arm-none-eabi/13.3.1/../../../../arm-none-eabi/lib/thumb/v7e-m+fp/hard/crt0.o (exit)
C:/ST/STM32CubeIDE_2.0.0/STM32CubeIDE/plugins/com.st.stm32cube.ide.mcu.externaltools.gnu-tools-for-stm32.13.3.rel1.win32_1.0.100.202509120712/tools/bin/../lib/gcc/arm-none-eabi/13.3.1/../../../../arm-none-eabi/lib/thumb/v7e-m+fp/hard\libc_nano.a(libc_a-strtol.o)
                              C:/ST/STM32CubeIDE_2.0.0/STM32CubeIDE/plugins/com.st.stm32cube.ide.mcu.externaltools.gnu-tools-for-stm32.13.3.rel1.win32_1.0.100.202509120712/tools/bin/../lib/gcc/arm-none-eabi/13.3.1/../../../../arm-none-eabi/lib/thumb/v7e-m+fp/hard\libc_nano.a(libc_a-atoi.o) (_strtol_r)
C:/ST/STM32CubeIDE_2.0.0/STM32CubeIDE/plugins/com.st.stm32cube.ide.mcu.externaltools.gnu-tools-for-stm32.13.3.rel1.win32_1.0.100.202509120712/tools/bin/../lib/gcc/arm-none-eabi/13.3.1/../../../../arm-none-eabi/lib/thumb/v7e-m+fp/hard\libc_nano.a(libc_a-ctype_.o)
                              C:/ST/STM32CubeIDE_2.0.0/STM32CubeIDE/plugins/com.st.stm32cube.ide.mcu.externaltools.gnu-tools-for-stm32.13.3.rel1.win32_1.0.100.202509120712/tools/bin/../lib/gcc/arm-none-eabi/13.3.1/../../../../arm-none-eabi/lib/thumb/v7e-m+fp/hard\libc_nano.a(libc_a-strtol.o) (_ctype_)
C:/ST/STM32CubeIDE_2.0.0/STM32CubeIDE/plugins/com.st.stm32cube.ide.mcu.externaltools.gnu-tools-for-stm32.13.3.rel1.win32_1.0.100.202509120712/tools/bin/../lib/gcc/arm-none-eabi/13.3.1/../../../../arm-none-eabi/lib/thumb/v7e-m+fp/hard\libc_nano.a(libc_a-findfp.o)
                              C:/ST/STM32CubeIDE_2.0.0/STM32CubeIDE/plugins/com.st.stm32cube.ide.mcu.externaltools.gnu-tools-for-stm32.13.3.rel1.win32_1.0.100.202509120712/tools/bin/../lib/gcc/arm-none-eabi/13.3.1/../../../../arm-none-eabi/lib/thumb/v7e-m+fp/hard\libc_nano.a(libc_a-exit.o) (__stdio_exit_handler)
C:/ST/STM32CubeIDE_2.0.0/STM32CubeIDE/plugins/com.st.stm32cube.ide.mcu.externaltools.gnu-tools-for-stm32.13.3.rel1.win32_1.0.100.202509120712/tools/bin/../lib/gcc/arm-none-eabi/13.3.1/../../../../arm-none-eabi/lib/thumb/v7e-m+fp/hard\libc_nano.a(libc_a-fwalk.o)
                              C:/ST/STM32CubeIDE_2.0.0/STM32CubeIDE/plugins/com.st.stm32cube.ide.mcu.externaltools.gnu-tools-for-stm32.13.3.rel1.win32_1.0.100.202509120712/tools/bin/../lib/gcc/arm-none-eabi/13.3.1/../../../../arm-none-eabi/lib/thumb/v7e-m+fp/hard\libc_nano.a(libc_a-findfp.o) (_fwalk_sglue)
C:/ST/STM32CubeIDE_2.0.0/STM32CubeIDE/plugins/com.st.stm32cube.ide.mcu.externaltools.gnu-tools-for-stm32.13.3.rel1.win32_1.0.100.202509120712/tools/bin/../lib/gcc/arm-none-eabi/13.3.1/../../../../arm-none-eabi/lib/thumb/v7e-m+fp/hard\libc_nano.a(libc_a-snprintf.o)
                              ./App/cmd_line_task/cli_command.o (snprintf)
C:/ST/STM32CubeIDE_2.0.0/STM32CubeIDE/plugins/com.st.stm32cube.ide.mcu.externaltools.gnu-tools-for-stm32.13.3.rel1.win32_1.0.100.202509120712/tools/bin/../lib/gcc/arm-none-eabi/13.3.1/../../../../arm-none-eabi/lib/thumb/v7e-m+fp/hard\libc_nano.a(libc_a-sprintf.o)
                              ./App/cap_controller_task/cap_controller_task.o (sprintf)
C:/ST/STM32CubeIDE_2.0.0/STM32CubeIDE/plugins/com.st.stm32cube.ide.mcu.externaltools.gnu-tools-for-stm32.13.3.rel1.win32_1.0.100.202509120712/tools/bin/../lib/gcc/arm-none-eabi/13.3.1/../../../../arm-none-eabi/lib/thumb/v7e-m+fp/hard\libc_nano.a(libc_a-stdio.o)
                              C:/ST/STM32CubeIDE_2.0.0/STM32CubeIDE/plugins/com.st.stm32cube.ide.mcu.externaltools.gnu-tools-for-stm32.13.3.rel1.win32_1.0.100.202509120712/tools/bin/../lib/gcc/arm-none-eabi/13.3.1/../../../../arm-none-eabi/lib/thumb/v7e-m+fp/hard\libc_nano.a(libc_a-findfp.o) (__sread)
C:/ST/STM32CubeIDE_2.0.0/STM32CubeIDE/plugins/com.st.stm32cube.ide.mcu.externaltools.gnu-tools-for-stm32.13.3.rel1.win32_1.0.100.202509120712/tools/bin/../lib/gcc/arm-none-eabi/13.3.1/../../../../arm-none-eabi/lib/thumb/v7e-m+fp/hard\libc_nano.a(libc_a-memmove.o)
                              ./MyDRV/cli/CLI_Src/embedded_cli.o (memmove)
[...]
Memory Configuration

Name             Origin             Length             Attributes
CCMRAM           0x10000000         0x00010000         xrw
RAM              0x20000000         0x00020000         xrw
FLASH            0x08000000         0x00100000         xr
*default*        0x00000000         0xffffffff

Linker script and memory map

LOAD C:/ST/STM32CubeIDE_2.0.0/STM32CubeIDE/plugins/com.st.stm32cube.ide.mcu.externaltools.gnu-tools-for-stm32.13.3.rel1.win32_1.0.100.202509120712/tools/bin/../lib/gcc/arm-none-eabi/13.3.1/thumb/v7e-m+fp/hard/crti.o
LOAD C:/ST/STM32CubeIDE_2.0.0/STM32CubeIDE/plugins/com.st.stm32cube.ide.mcu.externaltools.gnu-tools-for-stm32.13.3.rel1.win32_1.0.100.202509120712/tools/bin/../lib/gcc/arm-none-eabi/13.3.1/thumb/v7e-m+fp/hard/crtbegin.o
LOAD C:/ST/STM32CubeIDE_2.0.0/STM32CubeIDE/plugins/com.st.stm32cube.ide.mcu.externaltools.gnu-tools-for-stm32.13.3.rel1.win32_1.0.100.202509120712/tools/bin/../lib/gcc/arm-none-eabi/13.3.1/../../../../arm-none-eabi/lib/thumb/v7e-m+fp/hard/crt0.o
LOAD ./App/app.o
LOAD ./App/cap_controller_task/cap_controller_task.o
LOAD ./App/cmd_line_task/cli_command.o
LOAD ./App/cmd_line_task/debug_cmd_task.o
LOAD ./App/database/db_cap_controller.o
LOAD ./App/fsp_line_task/fsp_frame.o
LOAD ./App/fsp_line_task/fsp_line_task.o
LOAD ./Core/Src/main.o
LOAD ./Core/Src/stm32f4xx_it.o
LOAD ./Core/Src/syscalls.o
LOAD ./Core/Src/sysmem.o
LOAD ./Core/Src/system_stm32f4xx.o
LOAD ./Core/Startup/startup_stm32f405rgtx.o
LOAD ./Drivers/STM32F4xx_HAL_Driver/Src/stm32f4xx_ll_adc.o
LOAD ./Drivers/STM32F4xx_HAL_Driver/Src/stm32f4xx_ll_dma.o
LOAD ./Drivers/STM32F4xx_HAL_Driver/Src/stm32f4xx_ll_exti.o
LOAD ./Drivers/STM32F4xx_HAL_Driver/Src/stm32f4xx_ll_gpio.o
LOAD ./Drivers/STM32F4xx_HAL_Driver/Src/stm32f4xx_ll_rcc.o
LOAD ./Drivers/STM32F4xx_HAL_Driver/Src/stm32f4xx_ll_tim.o
LOAD ./Drivers/STM32F4xx_HAL_Driver/Src/stm32f4xx_ll_usart.o
LOAD ./Drivers/STM32F4xx_HAL_Driver/Src/stm32f4xx_ll_utils.o
LOAD ./MyDRV/cli/CLI_Setup/cli_setup.o
LOAD ./MyDRV/cli/CLI_Src/embedded_cli.o
LOAD ./MyDRV/fsp/crc16.o
LOAD ./MyDRV/fsp/fsp.o
LOAD ./MyDRV/pid/pid.o
LOAD ./MyDRV/pwm/pwm.o
LOAD ./MyDRV/scheduler/scheduler.o
LOAD ./MyDRV/uart/ring_buffer.o
LOAD ./MyDRV/uart/uart_driver.o
START GROUP
LOAD C:/ST/STM32CubeIDE_2.0.0/STM32CubeIDE/plugins/com.st.stm32cube.ide.mcu.externaltools.gnu-tools-for-stm32.13.3.rel1.win32_1.0.100.202509120712/tools/bin/../lib/gcc/arm-none-eabi/13.3.1/../../../../arm-none-eabi/lib/thumb/v7e-m+fp/hard\libc_nano.a
LOAD C:/ST/STM32CubeIDE_2.0.0/STM32CubeIDE/plugins/com.st.stm32cube.ide.mcu.externaltools.gnu-tools-for-stm32.13.3.rel1.win32_1.0.100.202509120712/tools/bin/../lib/gcc/arm-none-eabi/13.3.1/../../../../arm-none-eabi/lib/thumb/v7e-m+fp/hard\libm.a
END GROUP
START GROUP
LOAD C:/ST/STM32CubeIDE_2.0.0/STM32CubeIDE/plugins/com.st.stm32cube.ide.mcu.externaltools.gnu-tools-for-stm32.13.3.rel1.win32_1.0.100.202509120712/tools/bin/../lib/gcc/arm-none-eabi/13.3.1/thumb/v7e-m+fp/hard\libgcc.a
LOAD C:/ST/STM32CubeIDE_2.0.0/STM32CubeIDE/plugins/com.st.stm32cube.ide.mcu.externaltools.gnu-tools-for-stm32.13.3.rel1.win32_1.0.100.202509120712/tools/bin/../lib/gcc/arm-none-eabi/13.3.1/../../../../arm-none-eabi/lib/thumb/v7e-m+fp/hard\libc_nano.a
END GROUP
START GROUP
LOAD C:/ST/STM32CubeIDE_2.0.0/STM32CubeIDE/plugins/com.st.stm32cube.ide.mcu.externaltools.gnu-tools-for-stm32.13.3.rel1.win32_1.0.100.202509120712/tools/bin/../lib/gcc/arm-none-eabi/13.3.1/thumb/v7e-m+fp/hard\libgcc.a
LOAD C:/ST/STM32CubeIDE_2.0.0/STM32CubeIDE/plugins/com.st.stm32cube.ide.mcu.externaltools.gnu-tools-for-stm32.13.3.rel1.win32_1.0.100.202509120712/tools/bin/../lib/gcc/arm-none-eabi/13.3.1/../../../../arm-none-eabi/lib/thumb/v7e-m+fp/hard\libc_nano.a
LOAD C:/ST/STM32CubeIDE_2.0.0/STM32CubeIDE/plugins/com.st.stm32cube.ide.mcu.externaltools.gnu-tools-for-stm32.13.3.rel1.win32_1.0.100.202509120712/tools/bin/../lib/gcc/arm-none-eabi/13.3.1/../../../../arm-none-eabi/lib/thumb/v7e-m+fp/hard\libnosys.a
END GROUP
START GROUP
LOAD C:/ST/STM32CubeIDE_2.0.0/STM32CubeIDE/plugins/com.st.stm32cube.ide.mcu.externaltools.gnu-tools-for-stm32.13.3.rel1.win32_1.0.100.202509120712/tools/bin/../lib/gcc/arm-none-eabi/13.3.1/thumb/v7e-m+fp/hard\libgcc.a
LOAD C:/ST/STM32CubeIDE_2.0.0/STM32CubeIDE/plugins/com.st.stm32cube.ide.mcu.externaltools.gnu-tools-for-stm32.13.3.rel1.win32_1.0.100.202509120712/tools/bin/../lib/gcc/arm-none-eabi/13.3.1/../../../../arm-none-eabi/lib/thumb/v7e-m+fp/hard\libc_nano.a
LOAD C:/ST/STM32CubeIDE_2.0.0/STM32CubeIDE/plugins/com.st.stm32cube.ide.mcu.externaltools.gnu-tools-for-stm32.13.3.rel1.win32_1.0.100.202509120712/tools/bin/../lib/gcc/arm-none-eabi/13.3.1/../../../../arm-none-eabi/lib/thumb/v7e-m+fp/hard\libnosys.a
END GROUP
LOAD C:/ST/STM32CubeIDE_2.0.0/STM32CubeIDE/plugins/com.st.stm32cube.ide.mcu.externaltools.gnu-tools-for-stm32.13.3.rel1.win32_1.0.100.202509120712/tools/bin/../lib/gcc/arm-none-eabi/13.3.1/thumb/v7e-m+fp/hard/crtend.o
LOAD C:/ST/STM32CubeIDE_2.0.0/STM32CubeIDE/plugins/com.st.stm32cube.ide.mcu.externaltools.gnu-tools-for-stm32.13.3.rel1.win32_1.0.100.202509120712/tools/bin/../lib/gcc/arm-none-eabi/13.3.1/thumb/v7e-m+fp/hard/crtn.o
                0x20020000                        _estack = (ORIGIN (RAM) + LENGTH (RAM))
                0x00000200                        _Min_Heap_Size = 0x200
                0x00000400                        _Min_Stack_Size = 0x400

.isr_vector     0x08000000      0x188
                0x08000000                        . = ALIGN (0x4)
 *(.isr_vector)
 .isr_vector    0x08000000      0x188 ./Core/Startup/startup_stm32f405rgtx.o
                0x08000000                g_pfnVectors
                0x08000188                        . = ALIGN (0x4)

.text           0x08000190     0x957c
                0x08000190                        . = ALIGN (0x4)
 *(.text)
 .text          0x08000190       0x40 C:/ST/STM32CubeIDE_2.0.0/STM32CubeIDE/plugins/com.st.stm32cube.ide.mcu.externaltools.gnu-tools-for-stm32.13.3.rel1.win32_1.0.100.202509120712/tools/bin/../lib/gcc/arm-none-eabi/13.3.1/thumb/v7e-m+fp/hard/crtbegin.o
 .text          0x080001d0       0x14 C:/ST/STM32CubeIDE_2.0.0/STM32CubeIDE/plugins/com.st.stm32cube.ide.mcu.externaltools.gnu-tools-for-stm32.13.3.rel1.win32_1.0.100.202509120712/tools/bin/../lib/gcc/arm-none-eabi/13.3.1/../../../../arm-none-eabi/lib/thumb/v7e-m+fp/hard\libc_nano.a(libc_a-strcmp.o)
                0x080001d0                strcmp
 .text          0x080001e4       0x10 C:/ST/STM32CubeIDE_2.0.0/STM32CubeIDE/plugins/com.st.stm32cube.ide.mcu.externaltools.gnu-tools-for-stm32.13.3.rel1.win32_1.0.100.202509120712/tools/bin/../lib/gcc/arm-none-eabi/13.3.1/../../../../arm-none-eabi/lib/thumb/v7e-m+fp/hard\libc_nano.a(libc_a-strlen.o)
                0x080001e4                strlen
 *fill*         0x080001f4        0xc 
 .text          0x08000200       0xa0 C:/ST/STM32CubeIDE_2.0.0/STM32CubeIDE/plugins/com.st.stm32cube.ide.mcu.externaltools.gnu-tools-for-stm32.13.3.rel1.win32_1.0.100.202509120712/tools/bin/../lib/gcc/arm-none-eabi/13.3.1/../../../../arm-none-eabi/lib/thumb/v7e-m+fp/hard\libc_nano.a(libc_a-memchr.o)
                0x08000200                memchr
 .text          0x080002a0      0x378 C:/ST/STM32CubeIDE_2.0.0/STM32CubeIDE/plugins/com.st.stm32cube.ide.mcu.externaltools.gnu-tools-for-stm32.13.3.rel1.win32_1.0.100.202509120712/tools/bin/../lib/gcc/arm-none-eabi/13.3.1/thumb/v7e-m+fp/hard\libgcc.a(_arm_addsubdf3.o)
                0x080002a0                __aeabi_drsub
                0x080002a8                __aeabi_dsub
                0x080002a8                __subdf3
                0x080002ac                __aeabi_dadd
                0x080002ac                __adddf3
                0x08000524                __floatunsidf
                0x08000524                __aeabi_ui2d
                0x08000544                __floatsidf
                0x08000544                __aeabi_i2d
                0x08000568                __aeabi_f2d
                0x08000568                __extendsfdf2
                0x080005ac                __floatundidf
                0x080005ac                __aeabi_ul2d
                0x080005bc                __floatdidf
                0x080005bc                __aeabi_l2d
 .text          0x08000618      0x424 C:/ST/STM32CubeIDE_2.0.0/STM32CubeIDE/plugins/com.st.stm32cube.ide.mcu.externaltools.gnu-tools-for-stm32.13.3.rel1.win32_1.0.100.202509120712/tools/bin/../lib/gcc/arm-none-eabi/13.3.1/thumb/v7e-m+fp/hard\libgcc.a(_arm_muldivdf3.o)
                0x08000618                __aeabi_dmul
                0x08000618                __muldf3
                0x0800086c                __divdf3
                0x0800086c                __aeabi_ddiv
 .text          0x08000a3c      0x110 C:/ST/STM32CubeIDE_2.0.0/STM32CubeIDE/plugins/com.st.stm32cube.ide.mcu.externaltools.gnu-tools-for-stm32.13.3.rel1.win32_1.0.100.202509120712/tools/bin/../lib/gcc/arm-none-eabi/13.3.1/thumb/v7e-m+fp/hard\libgcc.a(_arm_cmpdf2.o)
                0x08000a3c                __gtdf2
                0x08000a3c                __gedf2
                0x08000a44                __ltdf2
                0x08000a44                __ledf2
                0x08000a4c                __nedf2
                0x08000a4c                __eqdf2
                0x08000a4c                __cmpdf2
                0x08000ac8                __aeabi_cdrcmple
                0x08000ad8                __aeabi_cdcmpeq
                0x08000ad8                __aeabi_cdcmple
                0x08000ae8                __aeabi_dcmpeq
                0x08000afc                __aeabi_dcmplt
                0x08000b10                __aeabi_dcmple
                0x08000b24                __aeabi_dcmpge
                0x08000b38                __aeabi_dcmpgt
 .text          0x08000b4c       0x40 C:/ST/STM32CubeIDE_2.0.0/STM32CubeIDE/plugins/com.st.stm32cube.ide.mcu.externaltools.gnu-tools-for-stm32.13.3.rel1.win32_1.0.100.202509120712/tools/bin/../lib/gcc/arm-none-eabi/13.3.1/thumb/v7e-m+fp/hard\libgcc.a(_arm_fixunsdfsi.o)
                0x08000b4c                __aeabi_d2uiz
                0x08000b4c                __fixunsdfsi
 .text          0x08000b8c       0x30 C:/ST/STM32CubeIDE_2.0.0/STM32CubeIDE/plugins/com.st.stm32cube.ide.mcu.externaltools.gnu-tools-for-stm32.13.3.rel1.win32_1.0.100.202509120712/tools/bin/../lib/gcc/arm-none-eabi/13.3.1/thumb/v7e-m+fp/hard\libgcc.a(_aeabi_uldivmod.o)
                0x08000b8c                __aeabi_uldivmod
 .text          0x08000bbc      0x2f8 C:/ST/STM32CubeIDE_2.0.0/STM32CubeIDE/plugins/com.st.stm32cube.ide.mcu.externaltools.gnu-tools-for-stm32.13.3.rel1.win32_1.0.100.202509120712/tools/bin/../lib/gcc/arm-none-eabi/13.3.1/thumb/v7e-m+fp/hard\libgcc.a(_udivmoddi4.o)
                0x08000bbc                __udivmoddi4
 .text          0x08000eb4        0x4 C:/ST/STM32CubeIDE_2.0.0/STM32CubeIDE/plugins/com.st.stm32cube.ide.mcu.externaltools.gnu-tools-for-stm32.13.3.rel1.win32_1.0.100.202509120712/tools/bin/../lib/gcc/arm-none-eabi/13.3.1/thumb/v7e-m+fp/hard\libgcc.a(_dvmd_tls.o)
                0x08000eb4                __aeabi_idiv0
                0x08000eb4                __aeabi_ldiv0
 *(.text*)
 .text.App_Main
                0x08000eb8       0x1e ./App/app.o
                0x08000eb8                App_Main
 .text.Status_Led
                0x08000ed6       0x14 ./App/app.o
 .text.LL_ADC_SetSequencersScanMode
                0x08000eea       0x26 ./App/cap_controller_task/cap_controller_task.o
 .text.LL_ADC_REG_SetTriggerSource
                0x08000f10       0x2a ./App/cap_controller_task/cap_controller_task.o
 .text.LL_ADC_REG_SetSequencerLength
                0x08000f3a       0x26 ./App/cap_controller_task/cap_controller_task.o
 .text.LL_ADC_REG_SetSequencerRanks
                0x08000f60       0x7a ./App/cap_controller_task/cap_controller_task.o
 .text.LL_ADC_REG_SetContinuousMode
                0x08000fda       0x26 ./App/cap_controller_task/cap_controller_task.o
 .text.LL_ADC_REG_SetFlagEndOfConversion
                0x08001000       0x26 ./App/cap_controller_task/cap_controller_task.o
 .text.LL_ADC_SetChannelSamplingTime
                0x08001026       0xc2 ./App/cap_controller_task/cap_controller_task.o
 .text.LL_ADC_Enable
                0x080010e8       0x20 ./App/cap_controller_task/cap_controller_task.o
 .text.LL_ADC_Disable
                0x08001108       0x20 ./App/cap_controller_task/cap_controller_task.o
 .text.LL_ADC_REG_StartConversionSWStart
                0x08001128       0x20 ./App/cap_controller_task/cap_controller_task.o
 .text.LL_ADC_REG_ReadConversionData12
                0x08001148       0x1a ./App/cap_controller_task/cap_controller_task.o
 .text.LL_ADC_IsActiveFlag_EOCS
                0x08001162       0x26 ./App/cap_controller_task/cap_controller_task.o
 .text.LL_ADC_IsActiveFlag_OVR
                0x08001188       0x26 ./App/cap_controller_task/cap_controller_task.o
 .text.LL_ADC_ClearFlag_EOCS
                0x080011ae       0x1c ./App/cap_controller_task/cap_controller_task.o
 .text.LL_ADC_ClearFlag_OVR
                0x080011ca       0x1c ./App/cap_controller_task/cap_controller_task.o
 .text.LL_ADC_EnableIT_EOCS
                0x080011e6       0x20 ./App/cap_controller_task/cap_controller_task.o
 .text.LL_ADC_EnableIT_OVR
                0x08001206       0x20 ./App/cap_controller_task/cap_controller_task.o
 .text.LL_GPIO_SetOutputPin
                0x08001226       0x1c ./App/cap_controller_task/cap_controller_task.o
 .text.LL_GPIO_ResetOutputPin
                0x08001242       0x1e ./App/cap_controller_task/cap_controller_task.o
 .text.LL_TIM_EnableCounter
                0x08001260       0x20 ./App/cap_controller_task/cap_controller_task.o
 .text.LL_TIM_EnableUpdateEvent
                0x08001280       0x20 ./App/cap_controller_task/cap_controller_task.o
 .text.LL_TIM_DisableUpdateEvent
                0x080012a0       0x20 ./App/cap_controller_task/cap_controller_task.o
 .text.LL_TIM_EnableARRPreload
                0x080012c0       0x20 ./App/cap_controller_task/cap_controller_task.o
 .text.LL_TIM_SetPrescaler
                0x080012e0       0x1c ./App/cap_controller_task/cap_controller_task.o
 .text.LL_TIM_GetPrescaler
                0x080012fc       0x18 ./App/cap_controller_task/cap_controller_task.o
 .text.LL_TIM_SetAutoReload
                0x08001314       0x1c ./App/cap_controller_task/cap_controller_task.o
 .text.LL_TIM_CC_EnableChannel
                0x08001330       0x22 ./App/cap_controller_task/cap_controller_task.o
 *fill*         0x08001352        0x2 
 .text.LL_TIM_OC_SetMode
                0x08001354       0x9c ./App/cap_controller_task/cap_controller_task.o
 .text.LL_TIM_OC_SetPolarity
                0x080013f0       0x88 ./App/cap_controller_task/cap_controller_task.o
 .text.LL_TIM_OC_EnablePreload
                0x08001478       0x88 ./App/cap_controller_task/cap_controller_task.o
 .text.LL_TIM_OC_SetCompareCH1
                0x08001500       0x1c ./App/cap_controller_task/cap_controller_task.o
 .text.LL_TIM_OC_SetCompareCH2
                0x0800151c       0x1c ./App/cap_controller_task/cap_controller_task.o
 .text.LL_TIM_OC_SetCompareCH3
                0x08001538       0x1c ./App/cap_controller_task/cap_controller_task.o
 .text.LL_TIM_OC_SetCompareCH4
                0x08001554       0x1c ./App/cap_controller_task/cap_controller_task.o
 .text.LL_TIM_SetOffStates
                0x08001570       0x2c ./App/cap_controller_task/cap_controller_task.o
 .text.LL_TIM_DisableAutomaticOutput
                0x0800159c       0x20 ./App/cap_controller_task/cap_controller_task.o
 .text.LL_TIM_EnableAllOutputs
                0x080015bc       0x20 ./App/cap_controller_task/cap_controller_task.o
 .text.LL_TIM_DisableIT_UPDATE
                0x080015dc       0x20 ./App/cap_controller_task/cap_controller_task.o
 .text.LL_RCC_GetAPB1Prescaler
                0x080015fc       0x1c ./App/cap_controller_task/cap_controller_task.o
 .text.Cap_Controller_Init
                0x08001618      0x1c0 ./App/cap_controller_task/cap_controller_task.o
                0x08001618                Cap_Controller_Init
 .text.Cap_Controller_Charge_Task
                0x080017d8      0x2a4 ./App/cap_controller_task/cap_controller_task.o
                0x080017d8                Cap_Controller_Charge_Task
 .text.Cap_Controller_Monitor_Task
                0x08001a7c       0x20 ./App/cap_controller_task/cap_controller_task.o
                0x08001a7c                Cap_Controller_Monitor_Task
 .text.Cap_Set_Volt
                0x08001a9c       0x3a ./App/cap_controller_task/cap_controller_task.o
                0x08001a9c                Cap_Set_Volt
 .text.Cap_Set_Volt_All
                0x08001ad6       0x2c ./App/cap_controller_task/cap_controller_task.o
                0x08001ad6                Cap_Set_Volt_All
 *fill*         0x08001b02        0x2 
 .text.Cap_Set_Charge_All
                0x08001b04       0xec ./App/cap_controller_task/cap_controller_task.o
                0x08001b04                Cap_Set_Charge_All
 .text.Cap_Set_Discharge
                0x08001bf0       0xae ./App/cap_controller_task/cap_controller_task.o
                0x08001bf0                Cap_Set_Discharge
 .text.Cap_Set_Discharge_All
                0x08001c9e       0xa4 ./App/cap_controller_task/cap_controller_task.o
                0x08001c9e                Cap_Set_Discharge_All
 .text.Cap_Get_Set_Volt
                0x08001d42       0x3e ./App/cap_controller_task/cap_controller_task.o
                0x08001d42                Cap_Get_Set_Volt
 .text.Cap_Get_is_Charge
                0x08001d80       0x3e ./App/cap_controller_task/cap_controller_task.o
                0x08001d80                Cap_Get_is_Charge
 .text.Cap_Get_is_Discharge
                0x08001dbe       0x3e ./App/cap_controller_task/cap_controller_task.o
                0x08001dbe                Cap_Get_is_Discharge
 .text.Cap_Measure_Volt
                0x08001dfc       0x84 ./App/cap_controller_task/cap_controller_task.o
                0x08001dfc                Cap_Measure_Volt
 .text.Cap_Controller_ADC_IRQHandler
                0x08001e80       0x98 ./App/cap_controller_task/cap_controller_task.o
                0x08001e80                Cap_Controller_ADC_IRQHandler
 .text.Cap_ADC_Init
                0x08001f18       0x94 ./App/cap_controller_task/cap_controller_task.o
 .text.Cap_PWM_Init
                0x08001fac      0x190 ./App/cap_controller_task/cap_controller_task.o
 .text.Cap_Discharge_Init
                0x0800213c       0x24 ./App/cap_controller_task/cap_controller_task.o
 .text.FlyBack_PID_Compute
                0x08002160      0x118 ./App/cap_controller_task/cap_controller_task.o
 .text.Flyback_Set_Freq
                0x08002278       0xa8 ./App/cap_controller_task/cap_controller_task.o
 .text.Flyback_Set_Duty
                0x08002320       0xc8 ./App/cap_controller_task/cap_controller_task.o
 .text.Cap_Controller_Charge_Monitor_300V
                0x080023e8      0x1d8 ./App/cap_controller_task/cap_controller_task.o
 .text.Cap_Controller_Discharge_Monitor_300V
                0x080025c0       0x60 ./App/cap_controller_task/cap_controller_task.o
 .text.Cap_Controller_Charge_Monitor_50V
                0x08002620      0x1dc ./App/cap_controller_task/cap_controller_task.o
 .text.Cap_Controller_Discharge_Monitor_50V
                0x080027fc       0x60 ./App/cap_controller_task/cap_controller_task.o
 .text.Cap_Calib_Calculate
                0x0800285c       0x36 ./App/cap_controller_task/cap_controller_task.o
 .text.Cap_ADC_to_Volt
                0x08002892       0x36 ./App/cap_controller_task/cap_controller_task.o
 .text.Cap_Set_Volt_Internal
                0x080028c8       0x26 ./App/cap_controller_task/cap_controller_task.o
 *fill*         0x080028ee        0x2 
 .text.__NVIC_SystemReset
                0x080028f0       0x2c ./App/cmd_line_task/cli_command.o
 .text.CMD_ClearCLI
                0x0800291c       0x34 ./App/cmd_line_task/cli_command.o
 .text.CMD_Reset
                0x08002950       0x10 ./App/cmd_line_task/cli_command.o
 .text.CMD_SET_CAP_VOLT_ALL
                0x08002960      0x100 ./App/cmd_line_task/cli_command.o
 .text.CMD_SET_CAP_VOLT_HV
                0x08002a60       0xa8 ./App/cmd_line_task/cli_command.o
 .text.CMD_SET_CAP_VOLT_LV
                0x08002b08       0xa4 ./App/cmd_line_task/cli_command.o
 .text.CMD_SET_CAP_CONTROL
                0x08002bac      0x144 ./App/cmd_line_task/cli_command.o
 .text.CMD_SET_CAP_RELEASE
                0x08002cf0       0xcc ./App/cmd_line_task/cli_command.o
 .text.CMD_GET_CAP_VOLT
                0x08002dbc       0x6c ./App/cmd_line_task/cli_command.o
 .text.CMD_GET_CAP_CONTROL
                0x08002e28       0x7c ./App/cmd_line_task/cli_command.o
 .text.CMD_GET_CAP_RELEASE
                0x08002ea4       0x7c ./App/cmd_line_task/cli_command.o
 .text.CMD_GET_CAP_ALL
                0x08002f20      0x104 ./App/cmd_line_task/cli_command.o
 .text.getCliStaticBindings
                0x08003024       0x14 ./App/cmd_line_task/cli_command.o
                0x08003024                getCliStaticBindings
 .text.getCliStaticBindingCount
                0x08003038       0x10 ./App/cmd_line_task/cli_command.o
                0x08003038                getCliStaticBindingCount
 .text.CMD_Line_Task_Init
                0x08003048       0x70 ./App/cmd_line_task/debug_cmd_task.o
                0x08003048                CMD_Line_Task_Init
 .text.Debug_CMD_Line_Task
                0x080030b8       0x48 ./App/cmd_line_task/debug_cmd_task.o
                0x080030b8                Debug_CMD_Line_Task
 .text.db_cap_init
                0x08003100       0x30 ./App/database/db_cap_controller.o
                0x08003100                db_cap_init
 .text.db_cap_read
                0x08003130       0x44 ./App/database/db_cap_controller.o
                0x08003130                db_cap_read
 .text.db_cap_write
                0x08003174       0x44 ./App/database/db_cap_controller.o
                0x08003174                db_cap_write
 .text.FSP_Line_Process
                0x080031b8      0x4ec ./App/fsp_line_task/fsp_frame.o
                0x080031b8                FSP_Line_Process
 .text.fsp_print
                0x080036a4       0x98 ./App/fsp_line_task/fsp_frame.o
 .text.FSP_Line_Task_Init
                0x0800373c       0x74 ./App/fsp_line_task/fsp_line_task.o
                0x0800373c                FSP_Line_Task_Init
 .text.FSP_Line_Task
                0x080037b0       0xc8 ./App/fsp_line_task/fsp_line_task.o
                0x080037b0                FSP_Line_Task
 .text.__NVIC_SetPriorityGrouping
                0x08003878       0x48 ./Core/Src/main.o
 .text.__NVIC_GetPriorityGrouping
                0x080038c0       0x1c ./Core/Src/main.o
 .text.__NVIC_EnableIRQ
                0x080038dc       0x3c ./Core/Src/main.o
 .text.__NVIC_SetPriority
                0x08003918       0x54 ./Core/Src/main.o
 .text.NVIC_EncodePriority
                0x0800396c       0x66 ./Core/Src/main.o
 .text.LL_ADC_REG_SetSequencerRanks
                0x080039d2       0x7a ./Core/Src/main.o
 .text.LL_ADC_REG_SetFlagEndOfConversion
                0x08003a4c       0x26 ./Core/Src/main.o
 .text.LL_ADC_SetChannelSamplingTime
                0x08003a72       0xc2 ./Core/Src/main.o
 .text.LL_RCC_HSE_Enable
                0x08003b34       0x20 ./Core/Src/main.o
 .text.LL_RCC_HSE_IsReady
                0x08003b54       0x28 ./Core/Src/main.o
 .text.LL_RCC_SetSysClkSource
                0x08003b7c       0x28 ./Core/Src/main.o
 .text.LL_RCC_GetSysClkSource
                0x08003ba4       0x1c ./Core/Src/main.o
 .text.LL_RCC_SetAHBPrescaler
                0x08003bc0       0x28 ./Core/Src/main.o
 .text.LL_RCC_SetAPB1Prescaler
                0x08003be8       0x28 ./Core/Src/main.o
 .text.LL_RCC_SetAPB2Prescaler
                0x08003c10       0x28 ./Core/Src/main.o
 .text.LL_RCC_PLL_Enable
                0x08003c38       0x20 ./Core/Src/main.o
 .text.LL_RCC_PLL_IsReady
                0x08003c58       0x28 ./Core/Src/main.o
 .text.LL_RCC_PLL_ConfigDomain_SYS
                0x08003c80       0x4c ./Core/Src/main.o
 .text.LL_AHB1_GRP1_EnableClock
                0x08003ccc       0x30 ./Core/Src/main.o
 .text.LL_APB1_GRP1_EnableClock
                0x08003cfc       0x30 ./Core/Src/main.o
 .text.LL_APB2_GRP1_EnableClock
                0x08003d2c       0x30 ./Core/Src/main.o
 .text.LL_SYSCFG_SetEXTISource
                0x08003d5c       0x6c ./Core/Src/main.o
 .text.LL_FLASH_SetLatency
                0x08003dc8       0x28 ./Core/Src/main.o
 .text.LL_FLASH_GetLatency
                0x08003df0       0x1c ./Core/Src/main.o
 .text.LL_PWR_SetRegulVoltageScaling
                0x08003e0c       0x28 ./Core/Src/main.o
 .text.LL_PWR_IsActiveFlag_VOS
                0x08003e34       0x28 ./Core/Src/main.o
 .text.LL_TIM_DisableARRPreload
                0x08003e5c       0x20 ./Core/Src/main.o
 .text.LL_TIM_OC_DisableFast
                0x08003e7c       0x8c ./Core/Src/main.o
 .text.LL_TIM_OC_EnablePreload
                0x08003f08       0x88 ./Core/Src/main.o
 .text.LL_TIM_SetTriggerOutput
                0x08003f90       0x26 ./Core/Src/main.o
 .text.LL_TIM_DisableMasterSlaveMode
                0x08003fb6       0x20 ./Core/Src/main.o
 .text.LL_USART_Enable
                0x08003fd6       0x20 ./Core/Src/main.o
 .text.LL_USART_ConfigAsyncMode
                0x08003ff6       0x2c ./Core/Src/main.o
 .text.LL_GPIO_SetPinMode
                0x08004022       0x7a ./Core/Src/main.o
 .text.LL_GPIO_SetPinPull
                0x0800409c       0x7a ./Core/Src/main.o
 .text.LL_GPIO_ResetOutputPin
                0x08004116       0x1e ./Core/Src/main.o
 .text.main     0x08004134       0x5a ./Core/Src/main.o
                0x08004134                main
 *fill*         0x0800418e        0x2 
 .text.SystemClock_Config
                0x08004190       0x90 ./Core/Src/main.o
                0x08004190                SystemClock_Config
 .text.MX_ADC1_Init
                0x08004220      0x108 ./Core/Src/main.o
 .text.MX_TIM1_Init
                0x08004328      0x12c ./Core/Src/main.o
 .text.MX_TIM3_Init
                0x08004454       0xd8 ./Core/Src/main.o
 .text.MX_USART1_UART_Init
                0x0800452c       0xc0 ./Core/Src/main.o
 .text.MX_USART6_UART_Init
                0x080045ec       0xc0 ./Core/Src/main.o
 .text.MX_GPIO_Init
                0x080046ac      0x1a0 ./Core/Src/main.o
 .text.LL_EXTI_IsActiveFlag_0_31
                0x0800484c       0x2c ./Core/Src/stm32f4xx_it.o
 .text.LL_EXTI_ClearFlag_0_31
                0x08004878       0x20 ./Core/Src/stm32f4xx_it.o
 .text.NMI_Handler
                0x08004898        0x8 ./Core/Src/stm32f4xx_it.o
                0x08004898                NMI_Handler
 .text.HardFault_Handler
                0x080048a0        0x8 ./Core/Src/stm32f4xx_it.o
                0x080048a0                HardFault_Handler
 .text.MemManage_Handler
                0x080048a8        0x8 ./Core/Src/stm32f4xx_it.o
                0x080048a8                MemManage_Handler
 .text.BusFault_Handler
                0x080048b0        0x8 ./Core/Src/stm32f4xx_it.o
                0x080048b0                BusFault_Handler
 .text.UsageFault_Handler
                0x080048b8        0x8 ./Core/Src/stm32f4xx_it.o
                0x080048b8                UsageFault_Handler
 .text.SVC_Handler
                0x080048c0        0xe ./Core/Src/stm32f4xx_it.o
                0x080048c0                SVC_Handler
 .text.DebugMon_Handler
                0x080048ce        0xe ./Core/Src/stm32f4xx_it.o
                0x080048ce                DebugMon_Handler
 .text.PendSV_Handler
                0x080048dc        0xe ./Core/Src/stm32f4xx_it.o
                0x080048dc                PendSV_Handler
 .text.SysTick_Handler
                0x080048ea        0xc ./Core/Src/stm32f4xx_it.o
                0x080048ea                SysTick_Handler
 .text.EXTI1_IRQHandler
                0x080048f6       0x2e ./Core/Src/stm32f4xx_it.o
                0x080048f6                EXTI1_IRQHandler
 .text.EXTI3_IRQHandler
                0x08004924       0x2e ./Core/Src/stm32f4xx_it.o
                0x08004924                EXTI3_IRQHandler
 .text.ADC_IRQHandler
                0x08004952        0xc ./Core/Src/stm32f4xx_it.o
                0x08004952                ADC_IRQHandler
 *fill*         0x0800495e        0x2 
 .text.USART1_IRQHandler
                0x08004960       0x14 ./Core/Src/stm32f4xx_it.o
                0x08004960                USART1_IRQHandler
 .text.USART6_IRQHandler
                0x08004974       0x14 ./Core/Src/stm32f4xx_it.o
                0x08004974                USART6_IRQHandler
 .text._sbrk    0x08004988       0x6c ./Core/Src/sysmem.o
                0x08004988                _sbrk
 .text.SystemInit
                0x080049f4       0x24 ./Core/Src/system_stm32f4xx.o
                0x080049f4                SystemInit
 .text.Reset_Handler
                0x08004a18       0x50 ./Core/Startup/startup_stm32f405rgtx.o
                0x08004a18                Reset_Handler
 .text.Default_Handler
                0x08004a68        0x2 ./Core/Startup/startup_stm32f405rgtx.o
                0x08004a68                RTC_Alarm_IRQHandler
                0x08004a68                HASH_RNG_IRQHandler
                0x08004a68                EXTI2_IRQHandler
                0x08004a68                TIM8_CC_IRQHandler
                0x08004a68                TIM1_CC_IRQHandler
                0x08004a68                DMA2_Stream5_IRQHandler
                0x08004a68                DMA1_Stream5_IRQHandler
                0x08004a68                PVD_IRQHandler
                0x08004a68                SDIO_IRQHandler
                0x08004a68                TAMP_STAMP_IRQHandler
                0x08004a68                CAN2_RX1_IRQHandler
                0x08004a68                TIM8_TRG_COM_TIM14_IRQHandler
                0x08004a68                TIM1_UP_TIM10_IRQHandler
                0x08004a68                TIM8_UP_TIM13_IRQHandler
                0x08004a68                I2C3_ER_IRQHandler
                0x08004a68                EXTI0_IRQHandler
                0x08004a68                I2C2_EV_IRQHandler
                0x08004a68                DMA1_Stream2_IRQHandler
                0x08004a68                CAN1_RX0_IRQHandler
                0x08004a68                FPU_IRQHandler
                0x08004a68                OTG_HS_WKUP_IRQHandler
                0x08004a68                CAN2_SCE_IRQHandler
                0x08004a68                DMA2_Stream2_IRQHandler
                0x08004a68                SPI1_IRQHandler
                0x08004a68                TIM6_DAC_IRQHandler
                0x08004a68                TIM1_BRK_TIM9_IRQHandler
                0x08004a68                CAN2_RX0_IRQHandler
                0x08004a68                DMA2_Stream3_IRQHandler
                0x08004a68                USART3_IRQHandler
                0x08004a68                CAN1_RX1_IRQHandler
                0x08004a68                UART5_IRQHandler
                0x08004a68                DMA2_Stream0_IRQHandler
                0x08004a68                TIM4_IRQHandler
                0x08004a68                I2C1_EV_IRQHandler
                0x08004a68                DMA1_Stream6_IRQHandler
                0x08004a68                DMA1_Stream1_IRQHandler
                0x08004a68                UART4_IRQHandler
                0x08004a68                TIM3_IRQHandler
                0x08004a68                RCC_IRQHandler
                0x08004a68                TIM8_BRK_TIM12_IRQHandler
                0x08004a68                Default_Handler
                0x08004a68                EXTI15_10_IRQHandler
                0x08004a68                DMA1_Stream7_IRQHandler
                0x08004a68                TIM7_IRQHandler
                0x08004a68                CAN2_TX_IRQHandler
                0x08004a68                TIM5_IRQHandler
                0x08004a68                DMA2_Stream7_IRQHandler
                0x08004a68                I2C3_EV_IRQHandler
                0x08004a68                EXTI9_5_IRQHandler
                0x08004a68                RTC_WKUP_IRQHandler
                0x08004a68                SPI2_IRQHandler
                0x08004a68                OTG_HS_EP1_IN_IRQHandler
                0x08004a68                DMA1_Stream0_IRQHandler
                0x08004a68                CAN1_TX_IRQHandler
                0x08004a68                EXTI4_IRQHandler
                0x08004a68                FSMC_IRQHandler
                0x08004a68                OTG_HS_EP1_OUT_IRQHandler
                0x08004a68                WWDG_IRQHandler
                0x08004a68                TIM2_IRQHandler
                0x08004a68                OTG_FS_WKUP_IRQHandler
                0x08004a68                TIM1_TRG_COM_TIM11_IRQHandler
                0x08004a68                OTG_HS_IRQHandler
                0x08004a68                USART2_IRQHandler
                0x08004a68                I2C2_ER_IRQHandler
                0x08004a68                DMA2_Stream1_IRQHandler
                0x08004a68                CAN1_SCE_IRQHandler
                0x08004a68                FLASH_IRQHandler
                0x08004a68                DMA2_Stream4_IRQHandler
                0x08004a68                OTG_FS_IRQHandler
                0x08004a68                SPI3_IRQHandler
                0x08004a68                DMA1_Stream4_IRQHandler
                0x08004a68                I2C1_ER_IRQHandler
                0x08004a68                DMA2_Stream6_IRQHandler
                0x08004a68                DMA1_Stream3_IRQHandler
 .text.LL_ADC_REG_SetSequencerLength
                0x08004a6a       0x26 ./Drivers/STM32F4xx_HAL_Driver/Src/stm32f4xx_ll_adc.o
 .text.LL_ADC_IsEnabled
                0x08004a90       0x26 ./Drivers/STM32F4xx_HAL_Driver/Src/stm32f4xx_ll_adc.o
 *fill*         0x08004ab6        0x2 
 .text.LL_ADC_CommonInit
                0x08004ab8       0x90 ./Drivers/STM32F4xx_HAL_Driver/Src/stm32f4xx_ll_adc.o
                0x08004ab8                LL_ADC_CommonInit
 .text.LL_ADC_Init
                0x08004b48       0x58 ./Drivers/STM32F4xx_HAL_Driver/Src/stm32f4xx_ll_adc.o
                0x08004b48                LL_ADC_Init
 .text.LL_ADC_REG_Init
                0x08004ba0       0x84 ./Drivers/STM32F4xx_HAL_Driver/Src/stm32f4xx_ll_adc.o
                0x08004ba0                LL_ADC_REG_Init
 .text.LL_EXTI_EnableIT_0_31
                0x08004c24       0x24 ./Drivers/STM32F4xx_HAL_Driver/Src/stm32f4xx_ll_exti.o
 .text.LL_EXTI_DisableIT_0_31
                0x08004c48       0x28 ./Drivers/STM32F4xx_HAL_Driver/Src/stm32f4xx_ll_exti.o
 .text.LL_EXTI_EnableEvent_0_31
                0x08004c70       0x24 ./Drivers/STM32F4xx_HAL_Driver/Src/stm32f4xx_ll_exti.o
 .text.LL_EXTI_DisableEvent_0_31
                0x08004c94       0x28 ./Drivers/STM32F4xx_HAL_Driver/Src/stm32f4xx_ll_exti.o
 .text.LL_EXTI_EnableRisingTrig_0_31
                0x08004cbc       0x24 ./Drivers/STM32F4xx_HAL_Driver/Src/stm32f4xx_ll_exti.o
 .text.LL_EXTI_DisableRisingTrig_0_31
                0x08004ce0       0x28 ./Drivers/STM32F4xx_HAL_Driver/Src/stm32f4xx_ll_exti.o
 .text.LL_EXTI_EnableFallingTrig_0_31
                0x08004d08       0x24 ./Drivers/STM32F4xx_HAL_Driver/Src/stm32f4xx_ll_exti.o
 .text.LL_EXTI_DisableFallingTrig_0_31
                0x08004d2c       0x28 ./Drivers/STM32F4xx_HAL_Driver/Src/stm32f4xx_ll_exti.o
 .text.LL_EXTI_Init
                0x08004d54       0xfe ./Drivers/STM32F4xx_HAL_Driver/Src/stm32f4xx_ll_exti.o
                0x08004d54                LL_EXTI_Init
 .text.LL_GPIO_SetPinMode
                0x08004e52       0x7a ./Drivers/STM32F4xx_HAL_Driver/Src/stm32f4xx_ll_gpio.o
 .text.LL_GPIO_SetPinOutputType
                0x08004ecc       0x30 ./Drivers/STM32F4xx_HAL_Driver/Src/stm32f4xx_ll_gpio.o
 .text.LL_GPIO_SetPinSpeed
                0x08004efc       0x7a ./Drivers/STM32F4xx_HAL_Driver/Src/stm32f4xx_ll_gpio.o
 .text.LL_GPIO_SetPinPull
                0x08004f76       0x7a ./Drivers/STM32F4xx_HAL_Driver/Src/stm32f4xx_ll_gpio.o
 .text.LL_GPIO_SetAFPin_0_7
                0x08004ff0       0x7a ./Drivers/STM32F4xx_HAL_Driver/Src/stm32f4xx_ll_gpio.o
 .text.LL_GPIO_SetAFPin_8_15
                0x0800506a       0x7e ./Drivers/STM32F4xx_HAL_Driver/Src/stm32f4xx_ll_gpio.o
 .text.LL_GPIO_Init
                0x080050e8      0x102 ./Drivers/STM32F4xx_HAL_Driver/Src/stm32f4xx_ll_gpio.o
                0x080050e8                LL_GPIO_Init
 *fill*         0x080051ea        0x2 
 .text.LL_RCC_GetSysClkSource
                0x080051ec       0x1c ./Drivers/STM32F4xx_HAL_Driver/Src/stm32f4xx_ll_rcc.o
 .text.LL_RCC_GetAHBPrescaler
                0x08005208       0x1c ./Drivers/STM32F4xx_HAL_Driver/Src/stm32f4xx_ll_rcc.o
 .text.LL_RCC_GetAPB1Prescaler
                0x08005224       0x1c ./Drivers/STM32F4xx_HAL_Driver/Src/stm32f4xx_ll_rcc.o
 .text.LL_RCC_GetAPB2Prescaler
                0x08005240       0x1c ./Drivers/STM32F4xx_HAL_Driver/Src/stm32f4xx_ll_rcc.o
 .text.LL_RCC_PLL_GetMainSource
                0x0800525c       0x1c ./Drivers/STM32F4xx_HAL_Driver/Src/stm32f4xx_ll_rcc.o
 .text.LL_RCC_PLL_GetN
                0x08005278       0x1c ./Drivers/STM32F4xx_HAL_Driver/Src/stm32f4xx_ll_rcc.o
 .text.LL_RCC_PLL_GetP
                0x08005294       0x1c ./Drivers/STM32F4xx_HAL_Driver/Src/stm32f4xx_ll_rcc.o
 .text.LL_RCC_PLL_GetDivider
                0x080052b0       0x1c ./Drivers/STM32F4xx_HAL_Driver/Src/stm32f4xx_ll_rcc.o
 .text.LL_RCC_GetSystemClocksFreq
                0x080052cc       0x4a ./Drivers/STM32F4xx_HAL_Driver/Src/stm32f4xx_ll_rcc.o
                0x080052cc                LL_RCC_GetSystemClocksFreq
 *fill*         0x08005316        0x2 
 .text.RCC_GetSystemClockFreq
                0x08005318       0x50 ./Drivers/STM32F4xx_HAL_Driver/Src/stm32f4xx_ll_rcc.o
                0x08005318                RCC_GetSystemClockFreq
 .text.RCC_GetHCLKClockFreq
                0x08005368       0x2c ./Drivers/STM32F4xx_HAL_Driver/Src/stm32f4xx_ll_rcc.o
                0x08005368                RCC_GetHCLKClockFreq
 .text.RCC_GetPCLK1ClockFreq
                0x08005394       0x28 ./Drivers/STM32F4xx_HAL_Driver/Src/stm32f4xx_ll_rcc.o
                0x08005394                RCC_GetPCLK1ClockFreq
 .text.RCC_GetPCLK2ClockFreq
                0x080053bc       0x28 ./Drivers/STM32F4xx_HAL_Driver/Src/stm32f4xx_ll_rcc.o
                0x080053bc                RCC_GetPCLK2ClockFreq
 .text.RCC_PLL_GetFreqDomain_SYS
                0x080053e4       0x7c ./Drivers/STM32F4xx_HAL_Driver/Src/stm32f4xx_ll_rcc.o
                0x080053e4                RCC_PLL_GetFreqDomain_SYS
 .text.LL_TIM_SetPrescaler
                0x08005460       0x1c ./Drivers/STM32F4xx_HAL_Driver/Src/stm32f4xx_ll_tim.o
 .text.LL_TIM_SetAutoReload
                0x0800547c       0x1c ./Drivers/STM32F4xx_HAL_Driver/Src/stm32f4xx_ll_tim.o
 .text.LL_TIM_SetRepetitionCounter
                0x08005498       0x1c ./Drivers/STM32F4xx_HAL_Driver/Src/stm32f4xx_ll_tim.o
 .text.LL_TIM_OC_SetCompareCH1
                0x080054b4       0x1c ./Drivers/STM32F4xx_HAL_Driver/Src/stm32f4xx_ll_tim.o
 .text.LL_TIM_OC_SetCompareCH2
                0x080054d0       0x1c ./Drivers/STM32F4xx_HAL_Driver/Src/stm32f4xx_ll_tim.o
 .text.LL_TIM_OC_SetCompareCH3
                0x080054ec       0x1c ./Drivers/STM32F4xx_HAL_Driver/Src/stm32f4xx_ll_tim.o
 .text.LL_TIM_OC_SetCompareCH4
                0x08005508       0x1c ./Drivers/STM32F4xx_HAL_Driver/Src/stm32f4xx_ll_tim.o
 .text.LL_TIM_GenerateEvent_UPDATE
                0x08005524       0x20 ./Drivers/STM32F4xx_HAL_Driver/Src/stm32f4xx_ll_tim.o
 .text.LL_TIM_Init
                0x08005544      0x134 ./Drivers/STM32F4xx_HAL_Driver/Src/stm32f4xx_ll_tim.o
                0x08005544                LL_TIM_Init
 .text.LL_TIM_OC_Init
                0x08005678       0x82 ./Drivers/STM32F4xx_HAL_Driver/Src/stm32f4xx_ll_tim.o
                0x08005678                LL_TIM_OC_Init
 .text.LL_TIM_BDTR_Init
                0x080056fa       0x84 ./Drivers/STM32F4xx_HAL_Driver/Src/stm32f4xx_ll_tim.o
                0x080056fa                LL_TIM_BDTR_Init
 *fill*         0x0800577e        0x2 
 .text.OC1Config
                0x08005780       0xd8 ./Drivers/STM32F4xx_HAL_Driver/Src/stm32f4xx_ll_tim.o
 .text.OC2Config
                0x08005858       0xe0 ./Drivers/STM32F4xx_HAL_Driver/Src/stm32f4xx_ll_tim.o
 .text.OC3Config
                0x08005938       0xe0 ./Drivers/STM32F4xx_HAL_Driver/Src/stm32f4xx_ll_tim.o
 .text.OC4Config
                0x08005a18       0xb0 ./Drivers/STM32F4xx_HAL_Driver/Src/stm32f4xx_ll_tim.o
 .text.LL_USART_IsEnabled
                0x08005ac8       0x28 ./Drivers/STM32F4xx_HAL_Driver/Src/stm32f4xx_ll_usart.o
 .text.LL_USART_SetStopBitsLength
                0x08005af0       0x26 ./Drivers/STM32F4xx_HAL_Driver/Src/stm32f4xx_ll_usart.o
 .text.LL_USART_SetHWFlowCtrl
                0x08005b16       0x26 ./Drivers/STM32F4xx_HAL_Driver/Src/stm32f4xx_ll_usart.o
 .text.LL_USART_SetBaudRate
                0x08005b3c      0x45c ./Drivers/STM32F4xx_HAL_Driver/Src/stm32f4xx_ll_usart.o
 .text.LL_USART_Init
                0x08005f98      0x100 ./Drivers/STM32F4xx_HAL_Driver/Src/stm32f4xx_ll_usart.o
                0x08005f98                LL_USART_Init
 .text.LL_InitTick
                0x08006098       0x34 ./Drivers/STM32F4xx_HAL_Driver/Src/stm32f4xx_ll_utils.o
 .text.LL_Init1msTick
                0x080060cc       0x1a ./Drivers/STM32F4xx_HAL_Driver/Src/stm32f4xx_ll_utils.o
                0x080060cc                LL_Init1msTick
 *fill*         0x080060e6        0x2 
 .text.LL_SetSystemCoreClock
                0x080060e8       0x20 ./Drivers/STM32F4xx_HAL_Driver/Src/stm32f4xx_ll_utils.o
                0x080060e8                LL_SetSystemCoreClock
 .text.writeCharToUart_Common
                0x08006108       0x28 ./MyDRV/cli/CLI_Setup/cli_setup.o
 .text.SystemCLI_Init
                0x08006130       0x98 ./MyDRV/cli/CLI_Setup/cli_setup.o
                0x08006130                SystemCLI_Init
 .text.embeddedCliDefaultConfig
                0x080061c8       0x54 ./MyDRV/cli/CLI_Src/embedded_cli.o
                0x080061c8                embeddedCliDefaultConfig
 .text.embeddedCliRequiredSize
                0x0800621c       0x62 ./MyDRV/cli/CLI_Src/embedded_cli.o
                0x0800621c                embeddedCliRequiredSize
 .text.embeddedCliNew
                0x0800627e      0x11e ./MyDRV/cli/CLI_Src/embedded_cli.o
                0x0800627e                embeddedCliNew
 .text.embeddedCliReceiveChar
                0x0800639c       0x46 ./MyDRV/cli/CLI_Src/embedded_cli.o
                0x0800639c                embeddedCliReceiveChar
 .text.embeddedCliProcess
                0x080063e2      0x120 ./MyDRV/cli/CLI_Src/embedded_cli.o
                0x080063e2                embeddedCliProcess
 *fill*         0x08006502        0x2 
 .text.embeddedCliPrint
                0x08006504       0x9c ./MyDRV/cli/CLI_Src/embedded_cli.o
                0x08006504                embeddedCliPrint
 .text.embeddedCliTokenizeArgs
                0x080065a0      0x100 ./MyDRV/cli/CLI_Src/embedded_cli.o
                0x080065a0                embeddedCliTokenizeArgs
 .text.embeddedCliGetToken
                0x080066a0       0x36 ./MyDRV/cli/CLI_Src/embedded_cli.o
                0x080066a0                embeddedCliGetToken
 .text.embeddedCliGetTokenVariable
                0x080066d6       0x36 ./MyDRV/cli/CLI_Src/embedded_cli.o
                0x080066d6                embeddedCliGetTokenVariable
 .text.embeddedCliGetTokenCount
                0x0800670c       0x5a ./MyDRV/cli/CLI_Src/embedded_cli.o
                0x0800670c                embeddedCliGetTokenCount
 *fill*         0x08006766        0x2 
 .text.navigateHistory
                0x08006768       0xe8 ./MyDRV/cli/CLI_Src/embedded_cli.o
 .text.onEscapedInput
                0x08006850       0xbc ./MyDRV/cli/CLI_Src/embedded_cli.o
 .text.onCharInput
                0x0800690c       0xa4 ./MyDRV/cli/CLI_Src/embedded_cli.o
 .text.onControlInput
                0x080069b0      0x128 ./MyDRV/cli/CLI_Src/embedded_cli.o
 .text.parseCommand
                0x08006ad8      0x254 ./MyDRV/cli/CLI_Src/embedded_cli.o
 .text.printBindingHelp
                0x08006d2c       0x40 ./MyDRV/cli/CLI_Src/embedded_cli.o
 .text.getAutocompletedCommand
                0x08006d6c      0x17a ./MyDRV/cli/CLI_Src/embedded_cli.o
 *fill*         0x08006ee6        0x2 
 .text.printLiveAutocompletion
                0x08006ee8       0xc4 ./MyDRV/cli/CLI_Src/embedded_cli.o
 .text.onAutocompleteRequest
                0x08006fac      0x124 ./MyDRV/cli/CLI_Src/embedded_cli.o
 .text.clearCurrentLine
                0x080070d0       0x6a ./MyDRV/cli/CLI_Src/embedded_cli.o
 .text.writeToOutput
                0x0800713a       0x42 ./MyDRV/cli/CLI_Src/embedded_cli.o
 .text.moveCursor
                0x0800717c       0x6c ./MyDRV/cli/CLI_Src/embedded_cli.o
 .text.isControlChar
                0x080071e8       0x40 ./MyDRV/cli/CLI_Src/embedded_cli.o
 .text.isDisplayableChar
                0x08007228       0x2e ./MyDRV/cli/CLI_Src/embedded_cli.o
 .text.fifoBufAvailable
                0x08007256       0x42 ./MyDRV/cli/CLI_Src/embedded_cli.o
 .text.fifoBufPop
                0x08007298       0x50 ./MyDRV/cli/CLI_Src/embedded_cli.o
 .text.fifoBufPush
                0x080072e8       0x54 ./MyDRV/cli/CLI_Src/embedded_cli.o
 .text.historyPut
                0x0800733c       0xc8 ./MyDRV/cli/CLI_Src/embedded_cli.o
 .text.historyGet
                0x08007404       0x38 ./MyDRV/cli/CLI_Src/embedded_cli.o
 .text.historyRemove
                0x0800743c       0xba ./MyDRV/cli/CLI_Src/embedded_cli.o
 .text.getTokenPosition
                0x080074f6       0x7c ./MyDRV/cli/CLI_Src/embedded_cli.o
 .text.findCategoryIndex
                0x08007572       0x48 ./MyDRV/cli/CLI_Src/embedded_cli.o
 *fill*         0x080075ba        0x2 
 .text.printAlignedColumn
                0x080075bc       0x4c ./MyDRV/cli/CLI_Src/embedded_cli.o
 .text.CMD_Help
                0x08007608      0x3cc ./MyDRV/cli/CLI_Src/embedded_cli.o
                0x08007608                CMD_Help
 .text.onUnknownCommand
                0x080079d4       0x44 ./MyDRV/cli/CLI_Src/embedded_cli.o
 .text.crc16_CCITT
                0x08007a18       0x78 ./MyDRV/fsp/crc16.o
                0x08007a18                crc16_CCITT
 .text.fsp_init
                0x08007a90       0x20 ./MyDRV/fsp/fsp.o
                0x08007a90                fsp_init
 .text.fsp_encode
                0x08007ab0      0x26a ./MyDRV/fsp/fsp.o
                0x08007ab0                fsp_encode
 *fill*         0x08007d1a        0x2 
 .text.frame_decode
                0x08007d1c      0x2b8 ./MyDRV/fsp/fsp.o
                0x08007d1c                frame_decode
 .text.PID_Init
                0x08007fd4       0xac ./MyDRV/pid/pid.o
                0x08007fd4                PID_Init
 .text.PID_Compute
                0x08008080      0x1dc ./MyDRV/pid/pid.o
                0x08008080                PID_Compute
 .text.PID_SetOutputLimits
                0x0800825c       0xb6 ./MyDRV/pid/pid.o
                0x0800825c                PID_SetOutputLimits
 *fill*         0x08008312        0x2 
 .text.PID_SetTunings2
                0x08008314       0xbc ./MyDRV/pid/pid.o
                0x08008314                PID_SetTunings2
 .text.PID_SetControllerDirection
                0x080083d0       0x70 ./MyDRV/pid/pid.o
                0x080083d0                PID_SetControllerDirection
 .text.SchedulerSysTickIntHandler
                0x08008440       0x1c ./MyDRV/scheduler/scheduler.o
                0x08008440                SchedulerSysTickIntHandler
 .text.SchedulerInit
                0x0800845c       0x44 ./MyDRV/scheduler/scheduler.o
                0x0800845c                SchedulerInit
 .text.SchedulerRun
                0x080084a0       0x74 ./MyDRV/scheduler/scheduler.o
                0x080084a0                SchedulerRun
 .text.SchedulerElapsedTicksGet
                0x08008514       0x24 ./MyDRV/scheduler/scheduler.o
                0x08008514                SchedulerElapsedTicksGet
 .text.SchedulerElapsedTicksCalc
                0x08008538       0x1c ./MyDRV/scheduler/scheduler.o
                0x08008538                SchedulerElapsedTicksCalc
 .text.RingBuffer_Create
                0x08008554       0x66 ./MyDRV/uart/ring_buffer.o
                0x08008554                RingBuffer_Create
 .text.RingBuffer_Put
                0x080085ba       0x8c ./MyDRV/uart/ring_buffer.o
                0x080085ba                RingBuffer_Put
 .text.RingBuffer_Get
                0x08008646       0x82 ./MyDRV/uart/ring_buffer.o
                0x08008646                RingBuffer_Get
 .text.RingBuffer_IsDataAvailable
                0x080086c8       0x4a ./MyDRV/uart/ring_buffer.o
                0x080086c8                RingBuffer_IsDataAvailable
 .text.LL_USART_IsActiveFlag_FE
                0x08008712       0x26 ./MyDRV/uart/uart_driver.o
 .text.LL_USART_IsActiveFlag_NE
                0x08008738       0x26 ./MyDRV/uart/uart_driver.o
 .text.LL_USART_IsActiveFlag_ORE
                0x0800875e       0x26 ./MyDRV/uart/uart_driver.o
 .text.LL_USART_IsActiveFlag_RXNE
                0x08008784       0x26 ./MyDRV/uart/uart_driver.o
 .text.LL_USART_IsActiveFlag_TXE
                0x080087aa       0x26 ./MyDRV/uart/uart_driver.o
 .text.LL_USART_ClearFlag_FE
                0x080087d0       0x24 ./MyDRV/uart/uart_driver.o
 .text.LL_USART_ClearFlag_NE
                0x080087f4       0x24 ./MyDRV/uart/uart_driver.o
 .text.LL_USART_ClearFlag_ORE
                0x08008818       0x24 ./MyDRV/uart/uart_driver.o
 .text.LL_USART_EnableIT_RXNE
                0x0800883c       0x46 ./MyDRV/uart/uart_driver.o
 .text.LL_USART_EnableIT_TXE
                0x08008882       0x46 ./MyDRV/uart/uart_driver.o
 .text.LL_USART_DisableIT_TXE
                0x080088c8       0x46 ./MyDRV/uart/uart_driver.o
 .text.LL_USART_IsEnabledIT_RXNE
                0x0800890e       0x26 ./MyDRV/uart/uart_driver.o
 .text.LL_USART_IsEnabledIT_TXE
                0x08008934       0x26 ./MyDRV/uart/uart_driver.o
 .text.LL_USART_ReceiveData8
                0x0800895a       0x1a ./MyDRV/uart/uart_driver.o
 .text.LL_USART_TransmitData8
                0x08008974       0x1e ./MyDRV/uart/uart_driver.o
 .text.UART_Driver_Init
                0x08008992       0x8a ./MyDRV/uart/uart_driver.o
                0x08008992                UART_Driver_Init
 .text.UART_Driver_Read
                0x08008a1c       0x2e ./MyDRV/uart/uart_driver.o
                0x08008a1c                UART_Driver_Read
 .text.UART_Driver_Write
                0x08008a4a       0x3a ./MyDRV/uart/uart_driver.o
                0x08008a4a                UART_Driver_Write
 .text.UART_Driver_SendString
                0x08008a84       0x30 ./MyDRV/uart/uart_driver.o
                0x08008a84                UART_Driver_SendString
 .text.UART_Driver_SendFSP
                0x08008ab4       0x3c ./MyDRV/uart/uart_driver.o
                0x08008ab4                UART_Driver_SendFSP
 .text.UART_Driver_IsDataAvailable
                0x08008af0       0x1c ./MyDRV/uart/uart_driver.o
                0x08008af0                UART_Driver_IsDataAvailable
 .text.UART_Driver_ISR
                0x08008b0c       0xea ./MyDRV/uart/uart_driver.o
                0x08008b0c                UART_Driver_ISR
 .text.atoi     0x08008bf6        0x8 C:/ST/STM32CubeIDE_2.0.0/STM32CubeIDE/plugins/com.st.stm32cube.ide.mcu.externaltools.gnu-tools-for-stm32.13.3.rel1.win32_1.0.100.202509120712/tools/bin/../lib/gcc/arm-none-eabi/13.3.1/../../../../arm-none-eabi/lib/thumb/v7e-m+fp/hard\libc_nano.a(libc_a-atoi.o)
                0x08008bf6                atoi
 *fill*         0x08008bfe        0x2 
 .text._strtol_l.isra.0
                0x08008c00       0xf4 C:/ST/STM32CubeIDE_2.0.0/STM32CubeIDE/plugins/com.st.stm32cube.ide.mcu.externaltools.gnu-tools-for-stm32.13.3.rel1.win32_1.0.100.202509120712/tools/bin/../lib/gcc/arm-none-eabi/13.3.1/../../../../arm-none-eabi/lib/thumb/v7e-m+fp/hard\libc_nano.a(libc_a-strtol.o)
 .text.strtol   0x08008cf4       0x14 C:/ST/STM32CubeIDE_2.0.0/STM32CubeIDE/plugins/com.st.stm32cube.ide.mcu.externaltools.gnu-tools-for-stm32.13.3.rel1.win32_1.0.100.202509120712/tools/bin/../lib/gcc/arm-none-eabi/13.3.1/../../../../arm-none-eabi/lib/thumb/v7e-m+fp/hard\libc_nano.a(libc_a-strtol.o)
                0x08008cf4                strtol
 .text.snprintf
                0x08008d08       0x6c C:/ST/STM32CubeIDE_2.0.0/STM32CubeIDE/plugins/com.st.stm32cube.ide.mcu.externaltools.gnu-tools-for-stm32.13.3.rel1.win32_1.0.100.202509120712/tools/bin/../lib/gcc/arm-none-eabi/13.3.1/../../../../arm-none-eabi/lib/thumb/v7e-m+fp/hard\libc_nano.a(libc_a-snprintf.o)
                0x08008d08                sniprintf
                0x08008d08                snprintf
 .text.sprintf  0x08008d74       0x44 C:/ST/STM32CubeIDE_2.0.0/STM32CubeIDE/plugins/com.st.stm32cube.ide.mcu.externaltools.gnu-tools-for-stm32.13.3.rel1.win32_1.0.100.202509120712/tools/bin/../lib/gcc/arm-none-eabi/13.3.1/../../../../arm-none-eabi/lib/thumb/v7e-m+fp/hard\libc_nano.a(libc_a-sprintf.o)
                0x08008d74                siprintf
                0x08008d74                sprintf
 .text.memmove  0x08008db8       0x34 C:/ST/STM32CubeIDE_2.0.0/STM32CubeIDE/plugins/com.st.stm32cube.ide.mcu.externaltools.gnu-tools-for-stm32.13.3.rel1.win32_1.0.100.202509120712/tools/bin/../lib/gcc/arm-none-eabi/13.3.1/../../../../arm-none-eabi/lib/thumb/v7e-m+fp/hard\libc_nano.a(libc_a-memmove.o)
                0x08008db8                memmove
 .text.memset   0x08008dec       0x10 C:/ST/STM32CubeIDE_2.0.0/STM32CubeIDE/plugins/com.st.stm32cube.ide.mcu.externaltools.gnu-tools-for-stm32.13.3.rel1.win32_1.0.100.202509120712/tools/bin/../lib/gcc/arm-none-eabi/13.3.1/../../../../arm-none-eabi/lib/thumb/v7e-m+fp/hard\libc_nano.a(libc_a-memset.o)
                0x08008dec                memset
 .text.strchr   0x08008dfc       0x1a C:/ST/STM32CubeIDE_2.0.0/STM32CubeIDE/plugins/com.st.stm32cube.ide.mcu.externaltools.gnu-tools-for-stm32.13.3.rel1.win32_1.0.100.202509120712/tools/bin/../lib/gcc/arm-none-eabi/13.3.1/../../../../arm-none-eabi/lib/thumb/v7e-m+fp/hard\libc_nano.a(libc_a-strchr.o)
                0x08008dfc                strchr
 .text.strncpy  0x08008e16       0x26 C:/ST/STM32CubeIDE_2.0.0/STM32CubeIDE/plugins/com.st.stm32cube.ide.mcu.externaltools.gnu-tools-for-stm32.13.3.rel1.win32_1.0.100.202509120712/tools/bin/../lib/gcc/arm-none-eabi/13.3.1/../../../../arm-none-eabi/lib/thumb/v7e-m+fp/hard\libc_nano.a(libc_a-strncpy.o)
                0x08008e16                strncpy
 .text.__errno  0x08008e3c        0xc C:/ST/STM32CubeIDE_2.0.0/STM32CubeIDE/plugins/com.st.stm32cube.ide.mcu.externaltools.gnu-tools-for-stm32.13.3.rel1.win32_1.0.100.202509120712/tools/bin/../lib/gcc/arm-none-eabi/13.3.1/../../../../arm-none-eabi/lib/thumb/v7e-m+fp/hard\libc_nano.a(libc_a-errno.o)
                0x08008e3c                __errno
 .text.__libc_init_array
                0x08008e48       0x48 C:/ST/STM32CubeIDE_2.0.0/STM32CubeIDE/plugins/com.st.stm32cube.ide.mcu.externaltools.gnu-tools-for-stm32.13.3.rel1.win32_1.0.100.202509120712/tools/bin/../lib/gcc/arm-none-eabi/13.3.1/../../../../arm-none-eabi/lib/thumb/v7e-m+fp/hard\libc_nano.a(libc_a-init.o)
                0x08008e48                __libc_init_array
 .text.__retarget_lock_acquire_recursive
                0x08008e90        0x2 C:/ST/STM32CubeIDE_2.0.0/STM32CubeIDE/plugins/com.st.stm32cube.ide.mcu.externaltools.gnu-tools-for-stm32.13.3.rel1.win32_1.0.100.202509120712/tools/bin/../lib/gcc/arm-none-eabi/13.3.1/../../../../arm-none-eabi/lib/thumb/v7e-m+fp/hard\libc_nano.a(libc_a-lock.o)
                0x08008e90                __retarget_lock_acquire_recursive
 .text.__retarget_lock_release_recursive
                0x08008e92        0x2 C:/ST/STM32CubeIDE_2.0.0/STM32CubeIDE/plugins/com.st.stm32cube.ide.mcu.externaltools.gnu-tools-for-stm32.13.3.rel1.win32_1.0.100.202509120712/tools/bin/../lib/gcc/arm-none-eabi/13.3.1/../../../../arm-none-eabi/lib/thumb/v7e-m+fp/hard\libc_nano.a(libc_a-lock.o)
                0x08008e92                __retarget_lock_release_recursive
 .text.memcpy   0x08008e94       0x1c C:/ST/STM32CubeIDE_2.0.0/STM32CubeIDE/plugins/com.st.stm32cube.ide.mcu.externaltools.gnu-tools-for-stm32.13.3.rel1.win32_1.0.100.202509120712/tools/bin/../lib/gcc/arm-none-eabi/13.3.1/../../../../arm-none-eabi/lib/thumb/v7e-m+fp/hard\libc_nano.a(libc_a-memcpy-stub.o)
                0x08008e94                memcpy
 .text._free_r  0x08008eb0       0x94 C:/ST/STM32CubeIDE_2.0.0/STM32CubeIDE/plugins/com.st.stm32cube.ide.mcu.externaltools.gnu-tools-for-stm32.13.3.rel1.win32_1.0.100.202509120712/tools/bin/../lib/gcc/arm-none-eabi/13.3.1/../../../../arm-none-eabi/lib/thumb/v7e-m+fp/hard\libc_nano.a(libc_a-freer.o)
                0x08008eb0                _free_r
 .text.sbrk_aligned
                0x08008f44       0x44 C:/ST/STM32CubeIDE_2.0.0/STM32CubeIDE/plugins/com.st.stm32cube.ide.mcu.externaltools.gnu-tools-for-stm32.13.3.rel1.win32_1.0.100.202509120712/tools/bin/../lib/gcc/arm-none-eabi/13.3.1/../../../../arm-none-eabi/lib/thumb/v7e-m+fp/hard\libc_nano.a(libc_a-mallocr.o)
 .text._malloc_r
                0x08008f88      0x100 C:/ST/STM32CubeIDE_2.0.0/STM32CubeIDE/plugins/com.st.stm32cube.ide.mcu.externaltools.gnu-tools-for-stm32.13.3.rel1.win32_1.0.100.202509120712/tools/bin/../lib/gcc/arm-none-eabi/13.3.1/../../../../arm-none-eabi/lib/thumb/v7e-m+fp/hard\libc_nano.a(libc_a-mallocr.o)
                0x08008f88                _malloc_r
 .text.__malloc_lock
                0x08009088        0xc C:/ST/STM32CubeIDE_2.0.0/STM32CubeIDE/plugins/com.st.stm32cube.ide.mcu.externaltools.gnu-tools-for-stm32.13.3.rel1.win32_1.0.100.202509120712/tools/bin/../lib/gcc/arm-none-eabi/13.3.1/../../../../arm-none-eabi/lib/thumb/v7e-m+fp/hard\libc_nano.a(libc_a-mlock.o)
                0x08009088                __malloc_lock
 .text.__malloc_unlock
                0x08009094        0xc C:/ST/STM32CubeIDE_2.0.0/STM32CubeIDE/plugins/com.st.stm32cube.ide.mcu.externaltools.gnu-tools-for-stm32.13.3.rel1.win32_1.0.100.202509120712/tools/bin/../lib/gcc/arm-none-eabi/13.3.1/../../../../arm-none-eabi/lib/thumb/v7e-m+fp/hard\libc_nano.a(libc_a-mlock.o)
                0x08009094                __malloc_unlock
 .text.__ssputs_r
                0x080090a0       0xb6 C:/ST/STM32CubeIDE_2.0.0/STM32CubeIDE/plugins/com.st.stm32cube.ide.mcu.externaltools.gnu-tools-for-stm32.13.3.rel1.win32_1.0.100.202509120712/tools/bin/../lib/gcc/arm-none-eabi/13.3.1/../../../../arm-none-eabi/lib/thumb/v7e-m+fp/hard\libc_nano.a(libc_a-nano-svfprintf.o)
                0x080090a0                __ssputs_r
 *fill*         0x08009156        0x2 
 .text._svfprintf_r
                0x08009158      0x1f8 C:/ST/STM32CubeIDE_2.0.0/STM32CubeIDE/plugins/com.st.stm32cube.ide.mcu.externaltools.gnu-tools-for-stm32.13.3.rel1.win32_1.0.100.202509120712/tools/bin/../lib/gcc/arm-none-eabi/13.3.1/../../../../arm-none-eabi/lib/thumb/v7e-m+fp/hard\libc_nano.a(libc_a-nano-svfprintf.o)
                0x08009158                _svfiprintf_r
                0x08009158                _svfprintf_r
 .text._printf_common
                0x08009350       0xda C:/ST/STM32CubeIDE_2.0.0/STM32CubeIDE/plugins/com.st.stm32cube.ide.mcu.externaltools.gnu-tools-for-stm32.13.3.rel1.win32_1.0.100.202509120712/tools/bin/../lib/gcc/arm-none-eabi/13.3.1/../../../../arm-none-eabi/lib/thumb/v7e-m+fp/hard\libc_nano.a(libc_a-nano-vfprintf_i.o)
                0x08009350                _printf_common
 *fill*         0x0800942a        0x2 
 .text._printf_i
                0x0800942c      0x23c C:/ST/STM32CubeIDE_2.0.0/STM32CubeIDE/plugins/com.st.stm32cube.ide.mcu.externaltools.gnu-tools-for-stm32.13.3.rel1.win32_1.0.100.202509120712/tools/bin/../lib/gcc/arm-none-eabi/13.3.1/../../../../arm-none-eabi/lib/thumb/v7e-m+fp/hard\libc_nano.a(libc_a-nano-vfprintf_i.o)
                0x0800942c                _printf_i
 .text._sbrk_r  0x08009668       0x20 C:/ST/STM32CubeIDE_2.0.0/STM32CubeIDE/plugins/com.st.stm32cube.ide.mcu.externaltools.gnu-tools-for-stm32.13.3.rel1.win32_1.0.100.202509120712/tools/bin/../lib/gcc/arm-none-eabi/13.3.1/../../../../arm-none-eabi/lib/thumb/v7e-m+fp/hard\libc_nano.a(libc_a-sbrkr.o)
                0x08009668                _sbrk_r
 .text._realloc_r
                0x08009688       0x5c C:/ST/STM32CubeIDE_2.0.0/STM32CubeIDE/plugins/com.st.stm32cube.ide.mcu.externaltools.gnu-tools-for-stm32.13.3.rel1.win32_1.0.100.202509120712/tools/bin/../lib/gcc/arm-none-eabi/13.3.1/../../../../arm-none-eabi/lib/thumb/v7e-m+fp/hard\libc_nano.a(libc_a-reallocr.o)
                0x08009688                _realloc_r
 .text._malloc_usable_size_r
                0x080096e4       0x10 C:/ST/STM32CubeIDE_2.0.0/STM32CubeIDE/plugins/com.st.stm32cube.ide.mcu.externaltools.gnu-tools-for-stm32.13.3.rel1.win32_1.0.100.202509120712/tools/bin/../lib/gcc/arm-none-eabi/13.3.1/../../../../arm-none-eabi/lib/thumb/v7e-m+fp/hard\libc_nano.a(libc_a-msizer.o)
                0x080096e4                _malloc_usable_size_r
 *(.glue_7)
 .glue_7        0x080096f4        0x0 linker stubs
 *(.glue_7t)
 .glue_7t       0x080096f4        0x0 linker stubs
 *(.eh_frame)
 .eh_frame      0x080096f4        0x0 C:/ST/STM32CubeIDE_2.0.0/STM32CubeIDE/plugins/com.st.stm32cube.ide.mcu.externaltools.gnu-tools-for-stm32.13.3.rel1.win32_1.0.100.202509120712/tools/bin/../lib/gcc/arm-none-eabi/13.3.1/thumb/v7e-m+fp/hard/crtbegin.o
 *(.init)
 .init          0x080096f4        0x4 C:/ST/STM32CubeIDE_2.0.0/STM32CubeIDE/plugins/com.st.stm32cube.ide.mcu.externaltools.gnu-tools-for-stm32.13.3.rel1.win32_1.0.100.202509120712/tools/bin/../lib/gcc/arm-none-eabi/13.3.1/thumb/v7e-m+fp/hard/crti.o
                0x080096f4                _init
 .init          0x080096f8        0x8 C:/ST/STM32CubeIDE_2.0.0/STM32CubeIDE/plugins/com.st.stm32cube.ide.mcu.externaltools.gnu-tools-for-stm32.13.3.rel1.win32_1.0.100.202509120712/tools/bin/../lib/gcc/arm-none-eabi/13.3.1/thumb/v7e-m+fp/hard/crtn.o
 *(.fini)
 .fini          0x08009700        0x4 C:/ST/STM32CubeIDE_2.0.0/STM32CubeIDE/plugins/com.st.stm32cube.ide.mcu.externaltools.gnu-tools-for-stm32.13.3.rel1.win32_1.0.100.202509120712/tools/bin/../lib/gcc/arm-none-eabi/13.3.1/thumb/v7e-m+fp/hard/crti.o
                0x08009700                _fini
 .fini          0x08009704        0x8 C:/ST/STM32CubeIDE_2.0.0/STM32CubeIDE/plugins/com.st.stm32cube.ide.mcu.externaltools.gnu-tools-for-stm32.13.3.rel1.win32_1.0.100.202509120712/tools/bin/../lib/gcc/arm-none-eabi/13.3.1/thumb/v7e-m+fp/hard/crtn.o
                0x0800970c                        . = ALIGN (0x4)
                0x0800970c                        _etext = .

.vfp11_veneer   0x0800970c        0x0
 .vfp11_veneer  0x0800970c        0x0 linker stubs

.v4_bx          0x0800970c        0x0
 .v4_bx         0x0800970c        0x0 linker stubs

.iplt           0x0800970c        0x0
 .iplt          0x0800970c        0x0 C:/ST/STM32CubeIDE_2.0.0/STM32CubeIDE/plugins/com.st.stm32cube.ide.mcu.externaltools.gnu-tools-for-stm32.13.3.rel1.win32_1.0.100.202509120712/tools/bin/../lib/gcc/arm-none-eabi/13.3.1/thumb/v7e-m+fp/hard/crtbegin.o

.rodata         0x0800970c      0x9c0
                0x0800970c                        . = ALIGN (0x4)
 *(.rodata)
 .rodata        0x0800970c       0xc6 ./App/cap_controller_task/cap_controller_task.o
 *fill*         0x080097d2        0x2 
 .rodata        0x080097d4      0x4cc ./App/cmd_line_task/cli_command.o
 .rodata        0x08009ca0       0x14 ./App/cmd_line_task/debug_cmd_task.o
 .rodata        0x08009cb4        0x9 ./App/fsp_line_task/fsp_line_task.o
 *fill*         0x08009cbd        0x3 
 .rodata        0x08009cc0        0x3 ./MyDRV/cli/CLI_Setup/cli_setup.o
 *fill*         0x08009cc3        0x1 
 .rodata        0x08009cc4       0xf2 ./MyDRV/cli/CLI_Src/embedded_cli.o
 *(.rodata*)
 *fill*         0x08009db6        0x2 
 .rodata.OFFSET_TAB_CCMRx
                0x08009db8        0x7 ./App/cap_controller_task/cap_controller_task.o
 *fill*         0x08009dbf        0x1 
 .rodata.SHIFT_TAB_OCxx
                0x08009dc0        0x7 ./App/cap_controller_task/cap_controller_task.o
 *fill*         0x08009dc7        0x1 
 .rodata.SHIFT_TAB_CCxP
                0x08009dc8        0x7 ./App/cap_controller_task/cap_controller_task.o
 *fill*         0x08009dcf        0x1 
 .rodata.cliStaticBindings_internal
                0x08009dd0      0x120 ./App/cmd_line_task/cli_command.o
 .rodata.db_map
                0x08009ef0       0x80 ./App/database/db_cap_controller.o
 .rodata.OFFSET_TAB_CCMRx
                0x08009f70        0x7 ./Core/Src/main.o
 *fill*         0x08009f77        0x1 
 .rodata.SHIFT_TAB_OCxx
                0x08009f78        0x7 ./Core/Src/main.o
 *fill*         0x08009f7f        0x1 
 .rodata.AHBPrescTable
                0x08009f80       0x10 ./Core/Src/system_stm32f4xx.o
                0x08009f80                AHBPrescTable
 .rodata.APBPrescTable
                0x08009f90        0x8 ./Core/Src/system_stm32f4xx.o
                0x08009f90                APBPrescTable
 .rodata._ctype_
                0x08009f98      0x101 C:/ST/STM32CubeIDE_2.0.0/STM32CubeIDE/plugins/com.st.stm32cube.ide.mcu.externaltools.gnu-tools-for-stm32.13.3.rel1.win32_1.0.100.202509120712/tools/bin/../lib/gcc/arm-none-eabi/13.3.1/../../../../arm-none-eabi/lib/thumb/v7e-m+fp/hard\libc_nano.a(libc_a-ctype_.o)
                0x08009f98                _ctype_
 .rodata._svfprintf_r.str1.1
                0x0800a099       0x33 C:/ST/STM32CubeIDE_2.0.0/STM32CubeIDE/plugins/com.st.stm32cube.ide.mcu.externaltools.gnu-tools-for-stm32.13.3.rel1.win32_1.0.100.202509120712/tools/bin/../lib/gcc/arm-none-eabi/13.3.1/../../../../arm-none-eabi/lib/thumb/v7e-m+fp/hard\libc_nano.a(libc_a-nano-svfprintf.o)
                                 0x11 (size before relaxing)
 .rodata._printf_i.str1.1
                0x0800a0cc        0x0 C:/ST/STM32CubeIDE_2.0.0/STM32CubeIDE/plugins/com.st.stm32cube.ide.mcu.externaltools.gnu-tools-for-stm32.13.3.rel1.win32_1.0.100.202509120712/tools/bin/../lib/gcc/arm-none-eabi/13.3.1/../../../../arm-none-eabi/lib/thumb/v7e-m+fp/hard\libc_nano.a(libc_a-nano-vfprintf_i.o)
                                 0x22 (size before relaxing)
                0x0800a0cc                        . = ALIGN (0x4)

.ARM.extab      0x0800a0cc        0x0
                0x0800a0cc                        . = ALIGN (0x4)
 *(.ARM.extab* .gnu.linkonce.armextab.*)
                0x0800a0cc                        . = ALIGN (0x4)

.ARM            0x0800a0cc        0x8
                0x0800a0cc                        . = ALIGN (0x4)
                0x0800a0cc                        __exidx_start = .
 *(.ARM.exidx*)
 .ARM.exidx     0x0800a0cc        0x8 C:/ST/STM32CubeIDE_2.0.0/STM32CubeIDE/plugins/com.st.stm32cube.ide.mcu.externaltools.gnu-tools-for-stm32.13.3.rel1.win32_1.0.100.202509120712/tools/bin/../lib/gcc/arm-none-eabi/13.3.1/../../../../arm-none-eabi/lib/thumb/v7e-m+fp/hard\libc_nano.a(libc_a-strcmp.o)
 .ARM.exidx     0x0800a0d4        0x0 C:/ST/STM32CubeIDE_2.0.0/STM32CubeIDE/plugins/com.st.stm32cube.ide.mcu.externaltools.gnu-tools-for-stm32.13.3.rel1.win32_1.0.100.202509120712/tools/bin/../lib/gcc/arm-none-eabi/13.3.1/../../../../arm-none-eabi/lib/thumb/v7e-m+fp/hard\libc_nano.a(libc_a-strlen.o)
                                  0x8 (size before relaxing)
 .ARM.exidx     0x0800a0d4        0x0 C:/ST/STM32CubeIDE_2.0.0/STM32CubeIDE/plugins/com.st.stm32cube.ide.mcu.externaltools.gnu-tools-for-stm32.13.3.rel1.win32_1.0.100.202509120712/tools/bin/../lib/gcc/arm-none-eabi/13.3.1/../../../../arm-none-eabi/lib/thumb/v7e-m+fp/hard\libc_nano.a(libc_a-memchr.o)
                                  0x8 (size before relaxing)
 .ARM.exidx     0x0800a0d4        0x0 C:/ST/STM32CubeIDE_2.0.0/STM32CubeIDE/plugins/com.st.stm32cube.ide.mcu.externaltools.gnu-tools-for-stm32.13.3.rel1.win32_1.0.100.202509120712/tools/bin/../lib/gcc/arm-none-eabi/13.3.1/thumb/v7e-m+fp/hard\libgcc.a(_udivmoddi4.o)
                                  0x8 (size before relaxing)
                0x0800a0d4                        __exidx_end = .
                0x0800a0d4                        . = ALIGN (0x4)

.preinit_array  0x0800a0d4        0x0
                0x0800a0d4                        . = ALIGN (0x4)
                0x0800a0d4                        PROVIDE (__preinit_array_start = .)
 *(.preinit_array*)
                0x0800a0d4                        PROVIDE (__preinit_array_end = .)
                0x0800a0d4                        . = ALIGN (0x4)

.init_array     0x0800a0d4        0x4
                0x0800a0d4                        . = ALIGN (0x4)
                0x0800a0d4                        PROVIDE (__init_array_start = .)
 *(SORT_BY_NAME(.init_array.*))
 *(.init_array*)
 .init_array    0x0800a0d4        0x4 C:/ST/STM32CubeIDE_2.0.0/STM32CubeIDE/plugins/com.st.stm32cube.ide.mcu.externaltools.gnu-tools-for-stm32.13.3.rel1.win32_1.0.100.202509120712/tools/bin/../lib/gcc/arm-none-eabi/13.3.1/thumb/v7e-m+fp/hard/crtbegin.o
                0x0800a0d8                        PROVIDE (__init_array_end = .)
                0x0800a0d8                        . = ALIGN (0x4)

.fini_array     0x0800a0d8        0x4
                0x0800a0d8                        . = ALIGN (0x4)
                [!provide]                        PROVIDE (__fini_array_start = .)
 *(SORT_BY_NAME(.fini_array.*))
 *(.fini_array*)
 .fini_array    0x0800a0d8        0x4 C:/ST/STM32CubeIDE_2.0.0/STM32CubeIDE/plugins/com.st.stm32cube.ide.mcu.externaltools.gnu-tools-for-stm32.13.3.rel1.win32_1.0.100.202509120712/tools/bin/../lib/gcc/arm-none-eabi/13.3.1/thumb/v7e-m+fp/hard/crtbegin.o
                [!provide]                        PROVIDE (__fini_array_end = .)
                0x0800a0dc                        . = ALIGN (0x4)
                0x0800a0dc                        _sidata = LOADADDR (.data)

.rel.dyn        0x0800a0dc        0x0
 .rel.iplt      0x0800a0dc        0x0 C:/ST/STM32CubeIDE_2.0.0/STM32CubeIDE/plugins/com.st.stm32cube.ide.mcu.externaltools.gnu-tools-for-stm32.13.3.rel1.win32_1.0.100.202509120712/tools/bin/../lib/gcc/arm-none-eabi/13.3.1/thumb/v7e-m+fp/hard/crtbegin.o

.data           0x20000000      0x204 load address 0x0800a0dc
                0x20000000                        . = ALIGN (0x4)
                0x20000000                        _sdata = .
 *(.data)
 *(.data*)
 .data.g_ui32SchedulerNumTasks
                0x20000000        0x4 ./App/app.o
                0x20000000                g_ui32SchedulerNumTasks
 .data.g_psSchedulerTable
                0x20000004       0x64 ./App/app.o
                0x20000004                g_psSchedulerTable
 .data.Cap_300V_charge_range
                0x20000068       0x36 ./App/cap_controller_task/cap_controller_task.o
                0x20000068                Cap_300V_charge_range
 *fill*         0x2000009e        0x2 
 .data.Cap_50V_charge_range
                0x200000a0       0x1e ./App/cap_controller_task/cap_controller_task.o
                0x200000a0                Cap_50V_charge_range
 *fill*         0x200000be        0x2 
 .data.s_Cap_300V
                0x200000c0       0x60 ./App/cap_controller_task/cap_controller_task.o
 .data.s_Cap_50V
                0x20000120       0x60 ./App/cap_controller_task/cap_controller_task.o
 .data.Cap_array
                0x20000180        0x8 ./App/cap_controller_task/cap_controller_task.o
 .data.ps_FSP_TX
                0x20000188        0x4 ./App/fsp_line_task/fsp_line_task.o
                0x20000188                ps_FSP_TX
 .data.ps_FSP_RX
                0x2000018c        0x4 ./App/fsp_line_task/fsp_line_task.o
                0x2000018c                ps_FSP_RX
 .data.SystemCoreClock
                0x20000190        0x4 ./Core/Src/system_stm32f4xx.o
                0x20000190                SystemCoreClock
 .data.lineBreak
                0x20000194        0x4 ./MyDRV/cli/CLI_Src/embedded_cli.o
 .data.escSeqCursorRight
                0x20000198        0x4 ./MyDRV/cli/CLI_Src/embedded_cli.o
 .data.escSeqCursorLeft
                0x2000019c        0x4 ./MyDRV/cli/CLI_Src/embedded_cli.o
 .data.escSeqCursorSave
                0x200001a0        0x4 ./MyDRV/cli/CLI_Src/embedded_cli.o
 .data.escSeqCursorRestore
                0x200001a4        0x4 ./MyDRV/cli/CLI_Src/embedded_cli.o
 .data.escSeqInsertChar
                0x200001a8        0x4 ./MyDRV/cli/CLI_Src/embedded_cli.o
 .data.escSeqDeleteChar
                0x200001ac        0x4 ./MyDRV/cli/CLI_Src/embedded_cli.o
 .data.SchedulerTickPerSecond
                0x200001b0        0x4 ./MyDRV/scheduler/scheduler.o
 .data._impure_ptr
                0x200001b4        0x4 C:/ST/STM32CubeIDE_2.0.0/STM32CubeIDE/plugins/com.st.stm32cube.ide.mcu.externaltools.gnu-tools-for-stm32.13.3.rel1.win32_1.0.100.202509120712/tools/bin/../lib/gcc/arm-none-eabi/13.3.1/../../../../arm-none-eabi/lib/thumb/v7e-m+fp/hard\libc_nano.a(libc_a-impure.o)
                0x200001b4                _impure_ptr
 .data._impure_data
                0x200001b8       0x4c C:/ST/STM32CubeIDE_2.0.0/STM32CubeIDE/plugins/com.st.stm32cube.ide.mcu.externaltools.gnu-tools-for-stm32.13.3.rel1.win32_1.0.100.202509120712/tools/bin/../lib/gcc/arm-none-eabi/13.3.1/../../../../arm-none-eabi/lib/thumb/v7e-m+fp/hard\libc_nano.a(libc_a-impure.o)
                0x200001b8                _impure_data
 *(.RamFunc)
 *(.RamFunc*)
                0x20000204                        . = ALIGN (0x4)
                0x20000204                        _edata = .
                0x0800a2e0                        _siccmram = LOADADDR (.ccmram)

.igot.plt       0x20000204        0x0 load address 0x0800a2e0
 .igot.plt      0x20000204        0x0 C:/ST/STM32CubeIDE_2.0.0/STM32CubeIDE/plugins/com.st.stm32cube.ide.mcu.externaltools.gnu-tools-for-stm32.13.3.rel1.win32_1.0.100.202509120712/tools/bin/../lib/gcc/arm-none-eabi/13.3.1/thumb/v7e-m+fp/hard/crtbegin.o

.ccmram         0x10000000        0x0 load address 0x0800a2e0
                0x10000000                        . = ALIGN (0x4)
                0x10000000                        _sccmram = .
 *(.ccmram)
 *(.ccmram*)
                0x10000000                        . = ALIGN (0x4)
                0x10000000                        _eccmram = .
                0x10000000                        . = ALIGN (0x4)

.bss            0x20000204     0x121c
                0x20000204                        _sbss = .
                0x20000204                        __bss_start__ = _sbss
 *(.bss)
 .bss           0x20000204       0x1c C:/ST/STM32CubeIDE_2.0.0/STM32CubeIDE/plugins/com.st.stm32cube.ide.mcu.externaltools.gnu-tools-for-stm32.13.3.rel1.win32_1.0.100.202509120712/tools/bin/../lib/gcc/arm-none-eabi/13.3.1/thumb/v7e-m+fp/hard/crtbegin.o
 *(.bss*)
 .bss.Cap_array_index
                0x20000220        0x1 ./App/cap_controller_task/cap_controller_task.o
 *fill*         0x20000221        0x3 
 .bss.CMD_line_handle
                0x20000224        0x4 ./App/cmd_line_task/debug_cmd_task.o
                0x20000224                CMD_line_handle
 .bss.DEBUG_UART
                0x20000228       0x6c ./App/cmd_line_task/debug_cmd_task.o
                0x20000228                DEBUG_UART
 .bss.g_DEBUG_UART_TX_buffer
                0x20000294      0x200 ./App/cmd_line_task/debug_cmd_task.o
                0x20000294                g_DEBUG_UART_TX_buffer
 .bss.g_DEBUG_UART_RX_buffer
                0x20000494      0x200 ./App/cmd_line_task/debug_cmd_task.o
                0x20000494                g_DEBUG_UART_RX_buffer
 .bss.g_DEBUG_CMD_line_buffer
                0x20000694      0x800 ./App/cmd_line_task/debug_cmd_task.o
                0x20000694                g_DEBUG_CMD_line_buffer
 .bss.p_DEBUG_CLI
                0x20000e94        0x4 ./App/cmd_line_task/debug_cmd_task.o
                0x20000e94                p_DEBUG_CLI
 .bss.cap_db    0x20000e98       0x16 ./App/database/db_cap_controller.o
 *fill*         0x20000eae        0x2 
 .bss.GPP_UART  0x20000eb0       0x6c ./App/fsp_line_task/fsp_line_task.o
                0x20000eb0                GPP_UART
 .bss.g_GPP_UART_TX_buffer
                0x20000f1c       0x80 ./App/fsp_line_task/fsp_line_task.o
                0x20000f1c                g_GPP_UART_TX_buffer
 .bss.g_GPP_UART_RX_buffer
                0x20000f9c       0x80 ./App/fsp_line_task/fsp_line_task.o
                0x20000f9c                g_GPP_UART_RX_buffer
 .bss.s_FSP_TX_Packet
                0x2000101c      0x102 ./App/fsp_line_task/fsp_line_task.o
                0x2000101c                s_FSP_TX_Packet
 *fill*         0x2000111e        0x2 
 .bss.s_FSP_RX_Packet
                0x20001120      0x102 ./App/fsp_line_task/fsp_line_task.o
                0x20001120                s_FSP_RX_Packet
 *fill*         0x20001222        0x2 
 .bss.FSP_line  0x20001224        0xc ./App/fsp_line_task/fsp_line_task.o
                0x20001224                FSP_line
 .bss.g_FSP_line_buffer
                0x20001230       0x80 ./App/fsp_line_task/fsp_line_task.o
                0x20001230                g_FSP_line_buffer
 .bss.__sbrk_heap_end
                0x200012b0        0x4 ./Core/Src/sysmem.o
 .bss.defaultConfig
                0x200012b4       0x1c ./MyDRV/cli/CLI_Src/embedded_cli.o
 .bss.fsp_my_adr
                0x200012d0        0x1 ./MyDRV/fsp/fsp.o
                0x200012d0                fsp_my_adr
 *fill*         0x200012d1        0x3 
 .bss.g_ui32SchedulerTickCount
                0x200012d4        0x4 ./MyDRV/scheduler/scheduler.o
 .bss.__sf      0x200012d8      0x138 C:/ST/STM32CubeIDE_2.0.0/STM32CubeIDE/plugins/com.st.stm32cube.ide.mcu.externaltools.gnu-tools-for-stm32.13.3.rel1.win32_1.0.100.202509120712/tools/bin/../lib/gcc/arm-none-eabi/13.3.1/../../../../arm-none-eabi/lib/thumb/v7e-m+fp/hard\libc_nano.a(libc_a-findfp.o)
                0x200012d8                __sf
 .bss.errno     0x20001410        0x4 C:/ST/STM32CubeIDE_2.0.0/STM32CubeIDE/plugins/com.st.stm32cube.ide.mcu.externaltools.gnu-tools-for-stm32.13.3.rel1.win32_1.0.100.202509120712/tools/bin/../lib/gcc/arm-none-eabi/13.3.1/../../../../arm-none-eabi/lib/thumb/v7e-m+fp/hard\libc_nano.a(libc_a-reent.o)
                0x20001410                errno
 .bss.__lock___malloc_recursive_mutex
                0x20001414        0x1 C:/ST/STM32CubeIDE_2.0.0/STM32CubeIDE/plugins/com.st.stm32cube.ide.mcu.externaltools.gnu-tools-for-stm32.13.3.rel1.win32_1.0.100.202509120712/tools/bin/../lib/gcc/arm-none-eabi/13.3.1/../../../../arm-none-eabi/lib/thumb/v7e-m+fp/hard\libc_nano.a(libc_a-lock.o)
                0x20001414                __lock___malloc_recursive_mutex
 *fill*         0x20001415        0x3 
 .bss.__malloc_sbrk_start
                0x20001418        0x4 C:/ST/STM32CubeIDE_2.0.0/STM32CubeIDE/plugins/com.st.stm32cube.ide.mcu.externaltools.gnu-tools-for-stm32.13.3.rel1.win32_1.0.100.202509120712/tools/bin/../lib/gcc/arm-none-eabi/13.3.1/../../../../arm-none-eabi/lib/thumb/v7e-m+fp/hard\libc_nano.a(libc_a-mallocr.o)
                0x20001418                __malloc_sbrk_start
 .bss.__malloc_free_list
                0x2000141c        0x4 C:/ST/STM32CubeIDE_2.0.0/STM32CubeIDE/plugins/com.st.stm32cube.ide.mcu.externaltools.gnu-tools-for-stm32.13.3.rel1.win32_1.0.100.202509120712/tools/bin/../lib/gcc/arm-none-eabi/13.3.1/../../../../arm-none-eabi/lib/thumb/v7e-m+fp/hard\libc_nano.a(libc_a-mallocr.o)
                0x2000141c                __malloc_free_list
 *(COMMON)
                0x20001420                        . = ALIGN (0x4)
                0x20001420                        _ebss = .
                0x20001420                        __bss_end__ = _ebss

._user_heap_stack
                0x20001420      0x600
                0x20001420                        . = ALIGN (0x8)
                [!provide]                        PROVIDE (end = .)
                0x20001420                        PROVIDE (_end = .)
                0x20001620                        . = (. + _Min_Heap_Size)
 *fill*         0x20001420      0x200 
                0x20001a20                        . = (. + _Min_Stack_Size)
 *fill*         0x20001620      0x400 
                0x20001a20                        . = ALIGN (0x8)

/DISCARD/
 libc.a(*)
 libm.a(*)
 libgcc.a(*)

.ARM.attributes
                0x00000000       0x30
 *(.ARM.attributes)
 .ARM.attributes
                0x00000000       0x22 C:/ST/STM32CubeIDE_2.0.0/STM32CubeIDE/plugins/com.st.stm32cube.ide.mcu.externaltools.gnu-tools-for-stm32.13.3.rel1.win32_1.0.100.202509120712/tools/bin/../lib/gcc/arm-none-eabi/13.3.1/thumb/v7e-m+fp/hard/crti.o
 .ARM.attributes
                0x00000022       0x34 C:/ST/STM32CubeIDE_2.0.0/STM32CubeIDE/plugins/com.st.stm32cube.ide.mcu.externaltools.gnu-tools-for-stm32.13.3.rel1.win32_1.0.100.202509120712/tools/bin/../lib/gcc/arm-none-eabi/13.3.1/thumb/v7e-m+fp/hard/crtbegin.o
 .ARM.attributes
                0x00000056       0x34 ./App/app.o
 .ARM.attributes
                0x0000008a       0x34 ./App/cap_controller_task/cap_controller_task.o
 .ARM.attributes
                0x000000be       0x34 ./App/cmd_line_task/cli_command.o
 .ARM.attributes
                0x000000f2       0x34 ./App/cmd_line_task/debug_cmd_task.o
 .ARM.attributes
                0x00000126       0x34 ./App/database/db_cap_controller.o
 .ARM.attributes
                0x0000015a       0x34 ./App/fsp_line_task/fsp_frame.o
 .ARM.attributes
                0x0000018e       0x34 ./App/fsp_line_task/fsp_line_task.o
 .ARM.attributes
                0x000001c2       0x34 ./Core/Src/main.o
 .ARM.attributes
                0x000001f6       0x34 ./Core/Src/stm32f4xx_it.o
 .ARM.attributes
                0x0000022a       0x34 ./Core/Src/sysmem.o
 .ARM.attributes
                0x0000025e       0x34 ./Core/Src/system_stm32f4xx.o
 .ARM.attributes
                0x00000292       0x21 ./Core/Startup/startup_stm32f405rgtx.o
 .ARM.attributes
                0x000002b3       0x34 ./Drivers/STM32F4xx_HAL_Driver/Src/stm32f4xx_ll_adc.o
 .ARM.attributes
                0x000002e7       0x34 ./Drivers/STM32F4xx_HAL_Driver/Src/stm32f4xx_ll_exti.o
 .ARM.attributes
                0x0000031b       0x34 ./Drivers/STM32F4xx_HAL_Driver/Src/stm32f4xx_ll_gpio.o
 .ARM.attributes
                0x0000034f       0x34 ./Drivers/STM32F4xx_HAL_Driver/Src/stm32f4xx_ll_rcc.o
 .ARM.attributes
                0x00000383       0x34 ./Drivers/STM32F4xx_HAL_Driver/Src/stm32f4xx_ll_tim.o
 .ARM.attributes
                0x000003b7       0x34 ./Drivers/STM32F4xx_HAL_Driver/Src/stm32f4xx_ll_usart.o
 .ARM.attributes
                0x000003eb       0x34 ./Drivers/STM32F4xx_HAL_Driver/Src/stm32f4xx_ll_utils.o
 .ARM.attributes
                0x0000041f       0x34 ./MyDRV/cli/CLI_Setup/cli_setup.o
 .ARM.attributes
                0x00000453       0x34 ./MyDRV/cli/CLI_Src/embedded_cli.o
 .ARM.attributes
                0x00000487       0x34 ./MyDRV/fsp/crc16.o
 .ARM.attributes
                0x000004bb       0x34 ./MyDRV/fsp/fsp.o
 .ARM.attributes
                0x000004ef       0x34 ./MyDRV/pid/pid.o
 .ARM.attributes
                0x00000523       0x34 ./MyDRV/scheduler/scheduler.o
 .ARM.attributes
                0x00000557       0x34 ./MyDRV/uart/ring_buffer.o
 .ARM.attributes
                0x0000058b       0x34 ./MyDRV/uart/uart_driver.o
 .ARM.attributes
                0x000005bf       0x34 C:/ST/STM32CubeIDE_2.0.0/STM32CubeIDE/plugins/com.st.stm32cube.ide.mcu.externaltools.gnu-tools-for-stm32.13.3.rel1.win32_1.0.100.202509120712/tools/bin/../lib/gcc/arm-none-eabi/13.3.1/../../../../arm-none-eabi/lib/thumb/v7e-m+fp/hard\libc_nano.a(libc_a-atoi.o)
 .ARM.attributes
                0x000005f3       0x34 C:/ST/STM32CubeIDE_2.0.0/STM32CubeIDE/plugins/com.st.stm32cube.ide.mcu.externaltools.gnu-tools-for-stm32.13.3.rel1.win32_1.0.100.202509120712/tools/bin/../lib/gcc/arm-none-eabi/13.3.1/../../../../arm-none-eabi/lib/thumb/v7e-m+fp/hard\libc_nano.a(libc_a-strtol.o)
 .ARM.attributes
                0x00000627       0x34 C:/ST/STM32CubeIDE_2.0.0/STM32CubeIDE/plugins/com.st.stm32cube.ide.mcu.externaltools.gnu-tools-for-stm32.13.3.rel1.win32_1.0.100.202509120712/tools/bin/../lib/gcc/arm-none-eabi/13.3.1/../../../../arm-none-eabi/lib/thumb/v7e-m+fp/hard\libc_nano.a(libc_a-ctype_.o)
 .ARM.attributes
                0x0000065b       0x34 C:/ST/STM32CubeIDE_2.0.0/STM32CubeIDE/plugins/com.st.stm32cube.ide.mcu.externaltools.gnu-tools-for-stm32.13.3.rel1.win32_1.0.100.202509120712/tools/bin/../lib/gcc/arm-none-eabi/13.3.1/../../../../arm-none-eabi/lib/thumb/v7e-m+fp/hard\libc_nano.a(libc_a-findfp.o)
 .ARM.attributes
                0x0000068f       0x34 C:/ST/STM32CubeIDE_2.0.0/STM32CubeIDE/plugins/com.st.stm32cube.ide.mcu.externaltools.gnu-tools-for-stm32.13.3.rel1.win32_1.0.100.202509120712/tools/bin/../lib/gcc/arm-none-eabi/13.3.1/../../../../arm-none-eabi/lib/thumb/v7e-m+fp/hard\libc_nano.a(libc_a-snprintf.o)
 .ARM.attributes
                0x000006c3       0x34 C:/ST/STM32CubeIDE_2.0.0/STM32CubeIDE/plugins/com.st.stm32cube.ide.mcu.externaltools.gnu-tools-for-stm32.13.3.rel1.win32_1.0.100.202509120712/tools/bin/../lib/gcc/arm-none-eabi/13.3.1/../../../../arm-none-eabi/lib/thumb/v7e-m+fp/hard\libc_nano.a(libc_a-sprintf.o)
 .ARM.attributes
                0x000006f7       0x34 C:/ST/STM32CubeIDE_2.0.0/STM32CubeIDE/plugins/com.st.stm32cube.ide.mcu.externaltools.gnu-tools-for-stm32.13.3.rel1.win32_1.0.100.202509120712/tools/bin/../lib/gcc/arm-none-eabi/13.3.1/../../../../arm-none-eabi/lib/thumb/v7e-m+fp/hard\libc_nano.a(libc_a-memmove.o)
 .ARM.attributes
                0x0000072b       0x34 C:/ST/STM32CubeIDE_2.0.0/STM32CubeIDE/plugins/com.st.stm32cube.ide.mcu.externaltools.gnu-tools-for-stm32.13.3.rel1.win32_1.0.100.202509120712/tools/bin/../lib/gcc/arm-none-eabi/13.3.1/../../../../arm-none-eabi/lib/thumb/v7e-m+fp/hard\libc_nano.a(libc_a-memset.o)
 .ARM.attributes
                0x0000075f       0x34 C:/ST/STM32CubeIDE_2.0.0/STM32CubeIDE/plugins/com.st.stm32cube.ide.mcu.externaltools.gnu-tools-for-stm32.13.3.rel1.win32_1.0.100.202509120712/tools/bin/../lib/gcc/arm-none-eabi/13.3.1/../../../../arm-none-eabi/lib/thumb/v7e-m+fp/hard\libc_nano.a(libc_a-strchr.o)
 .ARM.attributes
                0x00000793       0x34 C:/ST/STM32CubeIDE_2.0.0/STM32CubeIDE/plugins/com.st.stm32cube.ide.mcu.externaltools.gnu-tools-for-stm32.13.3.rel1.win32_1.0.100.202509120712/tools/bin/../lib/gcc/arm-none-eabi/13.3.1/../../../../arm-none-eabi/lib/thumb/v7e-m+fp/hard\libc_nano.a(libc_a-strncpy.o)
 .ARM.attributes
                0x000007c7       0x34 C:/ST/STM32CubeIDE_2.0.0/STM32CubeIDE/plugins/com.st.stm32cube.ide.mcu.externaltools.gnu-tools-for-stm32.13.3.rel1.win32_1.0.100.202509120712/tools/bin/../lib/gcc/arm-none-eabi/13.3.1/../../../../arm-none-eabi/lib/thumb/v7e-m+fp/hard\libc_nano.a(libc_a-reent.o)
 .ARM.attributes
                0x000007fb       0x34 C:/ST/STM32CubeIDE_2.0.0/STM32CubeIDE/plugins/com.st.stm32cube.ide.mcu.externaltools.gnu-tools-for-stm32.13.3.rel1.win32_1.0.100.202509120712/tools/bin/../lib/gcc/arm-none-eabi/13.3.1/../../../../arm-none-eabi/lib/thumb/v7e-m+fp/hard\libc_nano.a(libc_a-impure.o)
 .ARM.attributes
                0x0000082f       0x34 C:/ST/STM32CubeIDE_2.0.0/STM32CubeIDE/plugins/com.st.stm32cube.ide.mcu.externaltools.gnu-tools-for-stm32.13.3.rel1.win32_1.0.100.202509120712/tools/bin/../lib/gcc/arm-none-eabi/13.3.1/../../../../arm-none-eabi/lib/thumb/v7e-m+fp/hard\libc_nano.a(libc_a-errno.o)
 .ARM.attributes
                0x00000863       0x34 C:/ST/STM32CubeIDE_2.0.0/STM32CubeIDE/plugins/com.st.stm32cube.ide.mcu.externaltools.gnu-tools-for-stm32.13.3.rel1.win32_1.0.100.202509120712/tools/bin/../lib/gcc/arm-none-eabi/13.3.1/../../../../arm-none-eabi/lib/thumb/v7e-m+fp/hard\libc_nano.a(libc_a-init.o)
 .ARM.attributes
                0x00000897       0x34 C:/ST/STM32CubeIDE_2.0.0/STM32CubeIDE/plugins/com.st.stm32cube.ide.mcu.externaltools.gnu-tools-for-stm32.13.3.rel1.win32_1.0.100.202509120712/tools/bin/../lib/gcc/arm-none-eabi/13.3.1/../../../../arm-none-eabi/lib/thumb/v7e-m+fp/hard\libc_nano.a(libc_a-lock.o)
 .ARM.attributes
                0x000008cb       0x20 C:/ST/STM32CubeIDE_2.0.0/STM32CubeIDE/plugins/com.st.stm32cube.ide.mcu.externaltools.gnu-tools-for-stm32.13.3.rel1.win32_1.0.100.202509120712/tools/bin/../lib/gcc/arm-none-eabi/13.3.1/../../../../arm-none-eabi/lib/thumb/v7e-m+fp/hard\libc_nano.a(libc_a-strcmp.o)
 .ARM.attributes
                0x000008eb       0x34 C:/ST/STM32CubeIDE_2.0.0/STM32CubeIDE/plugins/com.st.stm32cube.ide.mcu.externaltools.gnu-tools-for-stm32.13.3.rel1.win32_1.0.100.202509120712/tools/bin/../lib/gcc/arm-none-eabi/13.3.1/../../../../arm-none-eabi/lib/thumb/v7e-m+fp/hard\libc_nano.a(libc_a-memcpy-stub.o)
 .ARM.attributes
                0x0000091f       0x17 C:/ST/STM32CubeIDE_2.0.0/STM32CubeIDE/plugins/com.st.stm32cube.ide.mcu.externaltools.gnu-tools-for-stm32.13.3.rel1.win32_1.0.100.202509120712/tools/bin/../lib/gcc/arm-none-eabi/13.3.1/../../../../arm-none-eabi/lib/thumb/v7e-m+fp/hard\libc_nano.a(libc_a-strlen.o)
 .ARM.attributes
                0x00000936       0x34 C:/ST/STM32CubeIDE_2.0.0/STM32CubeIDE/plugins/com.st.stm32cube.ide.mcu.externaltools.gnu-tools-for-stm32.13.3.rel1.win32_1.0.100.202509120712/tools/bin/../lib/gcc/arm-none-eabi/13.3.1/../../../../arm-none-eabi/lib/thumb/v7e-m+fp/hard\libc_nano.a(libc_a-freer.o)
 .ARM.attributes
                0x0000096a       0x34 C:/ST/STM32CubeIDE_2.0.0/STM32CubeIDE/plugins/com.st.stm32cube.ide.mcu.externaltools.gnu-tools-for-stm32.13.3.rel1.win32_1.0.100.202509120712/tools/bin/../lib/gcc/arm-none-eabi/13.3.1/../../../../arm-none-eabi/lib/thumb/v7e-m+fp/hard\libc_nano.a(libc_a-mallocr.o)
 .ARM.attributes
                0x0000099e       0x34 C:/ST/STM32CubeIDE_2.0.0/STM32CubeIDE/plugins/com.st.stm32cube.ide.mcu.externaltools.gnu-tools-for-stm32.13.3.rel1.win32_1.0.100.202509120712/tools/bin/../lib/gcc/arm-none-eabi/13.3.1/../../../../arm-none-eabi/lib/thumb/v7e-m+fp/hard\libc_nano.a(libc_a-mlock.o)
 .ARM.attributes
                0x000009d2       0x34 C:/ST/STM32CubeIDE_2.0.0/STM32CubeIDE/plugins/com.st.stm32cube.ide.mcu.externaltools.gnu-tools-for-stm32.13.3.rel1.win32_1.0.100.202509120712/tools/bin/../lib/gcc/arm-none-eabi/13.3.1/../../../../arm-none-eabi/lib/thumb/v7e-m+fp/hard\libc_nano.a(libc_a-nano-svfprintf.o)
 .ARM.attributes
                0x00000a06       0x34 C:/ST/STM32CubeIDE_2.0.0/STM32CubeIDE/plugins/com.st.stm32cube.ide.mcu.externaltools.gnu-tools-for-stm32.13.3.rel1.win32_1.0.100.202509120712/tools/bin/../lib/gcc/arm-none-eabi/13.3.1/../../../../arm-none-eabi/lib/thumb/v7e-m+fp/hard\libc_nano.a(libc_a-nano-vfprintf_i.o)
 .ARM.attributes
                0x00000a3a       0x34 C:/ST/STM32CubeIDE_2.0.0/STM32CubeIDE/plugins/com.st.stm32cube.ide.mcu.externaltools.gnu-tools-for-stm32.13.3.rel1.win32_1.0.100.202509120712/tools/bin/../lib/gcc/arm-none-eabi/13.3.1/../../../../arm-none-eabi/lib/thumb/v7e-m+fp/hard\libc_nano.a(libc_a-sbrkr.o)
 .ARM.attributes
                0x00000a6e       0x1c C:/ST/STM32CubeIDE_2.0.0/STM32CubeIDE/plugins/com.st.stm32cube.ide.mcu.externaltools.gnu-tools-for-stm32.13.3.rel1.win32_1.0.100.202509120712/tools/bin/../lib/gcc/arm-none-eabi/13.3.1/../../../../arm-none-eabi/lib/thumb/v7e-m+fp/hard\libc_nano.a(libc_a-memchr.o)
 .ARM.attributes
                0x00000a8a       0x34 C:/ST/STM32CubeIDE_2.0.0/STM32CubeIDE/plugins/com.st.stm32cube.ide.mcu.externaltools.gnu-tools-for-stm32.13.3.rel1.win32_1.0.100.202509120712/tools/bin/../lib/gcc/arm-none-eabi/13.3.1/../../../../arm-none-eabi/lib/thumb/v7e-m+fp/hard\libc_nano.a(libc_a-reallocr.o)
 .ARM.attributes
                0x00000abe       0x34 C:/ST/STM32CubeIDE_2.0.0/STM32CubeIDE/plugins/com.st.stm32cube.ide.mcu.externaltools.gnu-tools-for-stm32.13.3.rel1.win32_1.0.100.202509120712/tools/bin/../lib/gcc/arm-none-eabi/13.3.1/../../../../arm-none-eabi/lib/thumb/v7e-m+fp/hard\libc_nano.a(libc_a-msizer.o)
 .ARM.attributes
                0x00000af2       0x22 C:/ST/STM32CubeIDE_2.0.0/STM32CubeIDE/plugins/com.st.stm32cube.ide.mcu.externaltools.gnu-tools-for-stm32.13.3.rel1.win32_1.0.100.202509120712/tools/bin/../lib/gcc/arm-none-eabi/13.3.1/thumb/v7e-m+fp/hard\libgcc.a(_arm_addsubdf3.o)
 .ARM.attributes
                0x00000b14       0x22 C:/ST/STM32CubeIDE_2.0.0/STM32CubeIDE/plugins/com.st.stm32cube.ide.mcu.externaltools.gnu-tools-for-stm32.13.3.rel1.win32_1.0.100.202509120712/tools/bin/../lib/gcc/arm-none-eabi/13.3.1/thumb/v7e-m+fp/hard\libgcc.a(_arm_muldivdf3.o)
 .ARM.attributes
                0x00000b36       0x22 C:/ST/STM32CubeIDE_2.0.0/STM32CubeIDE/plugins/com.st.stm32cube.ide.mcu.externaltools.gnu-tools-for-stm32.13.3.rel1.win32_1.0.100.202509120712/tools/bin/../lib/gcc/arm-none-eabi/13.3.1/thumb/v7e-m+fp/hard\libgcc.a(_arm_cmpdf2.o)
 .ARM.attributes
                0x00000b58       0x22 C:/ST/STM32CubeIDE_2.0.0/STM32CubeIDE/plugins/com.st.stm32cube.ide.mcu.externaltools.gnu-tools-for-stm32.13.3.rel1.win32_1.0.100.202509120712/tools/bin/../lib/gcc/arm-none-eabi/13.3.1/thumb/v7e-m+fp/hard\libgcc.a(_arm_fixunsdfsi.o)
 .ARM.attributes
                0x00000b7a       0x22 C:/ST/STM32CubeIDE_2.0.0/STM32CubeIDE/plugins/com.st.stm32cube.ide.mcu.externaltools.gnu-tools-for-stm32.13.3.rel1.win32_1.0.100.202509120712/tools/bin/../lib/gcc/arm-none-eabi/13.3.1/thumb/v7e-m+fp/hard\libgcc.a(_aeabi_uldivmod.o)
 .ARM.attributes
                0x00000b9c       0x34 C:/ST/STM32CubeIDE_2.0.0/STM32CubeIDE/plugins/com.st.stm32cube.ide.mcu.externaltools.gnu-tools-for-stm32.13.3.rel1.win32_1.0.100.202509120712/tools/bin/../lib/gcc/arm-none-eabi/13.3.1/thumb/v7e-m+fp/hard\libgcc.a(_udivmoddi4.o)
 .ARM.attributes
                0x00000bd0       0x22 C:/ST/STM32CubeIDE_2.0.0/STM32CubeIDE/plugins/com.st.stm32cube.ide.mcu.externaltools.gnu-tools-for-stm32.13.3.rel1.win32_1.0.100.202509120712/tools/bin/../lib/gcc/arm-none-eabi/13.3.1/thumb/v7e-m+fp/hard\libgcc.a(_dvmd_tls.o)
 .ARM.attributes
                0x00000bf2       0x22 C:/ST/STM32CubeIDE_2.0.0/STM32CubeIDE/plugins/com.st.stm32cube.ide.mcu.externaltools.gnu-tools-for-stm32.13.3.rel1.win32_1.0.100.202509120712/tools/bin/../lib/gcc/arm-none-eabi/13.3.1/thumb/v7e-m+fp/hard/crtn.o
OUTPUT(HVC_FIRM_V2.1.elf elf32-littlearm)
LOAD linker stubs