../Drivers/STM32F4xx_HAL_Driver/Inc/stm32f4xx_ll_adc.h:2080:22:LL_ADC_SetSequencersScanMode	16	static
../Drivers/STM32F4xx_HAL_Driver/Inc/stm32f4xx_ll_adc.h:2149:22:LL_ADC_REG_SetTriggerSource	16	static
../Drivers/STM32F4xx_HAL_Driver/Inc/stm32f4xx_ll_adc.h:2299:22:LL_ADC_REG_SetSequencerLength	16	static
../Drivers/STM32F4xx_HAL_Driver/Inc/stm32f4xx_ll_adc.h:2493:22:LL_ADC_REG_SetSequencerRanks	40	static,ignoring_inline_asm
../Drivers/STM32F4xx_HAL_Driver/Inc/stm32f4xx_ll_adc.h:2615:22:LL_ADC_REG_SetContinuousMode	16	static
../Drivers/STM32F4xx_HAL_Driver/Inc/stm32f4xx_ll_adc.h:2725:22:LL_ADC_REG_SetFlagEndOfConversion	16	static
../Drivers/STM32F4xx_HAL_Driver/Inc/stm32f4xx_ll_adc.h:3279:22:LL_ADC_SetChannelSamplingTime	64	static,ignoring_inline_asm
../Drivers/STM32F4xx_HAL_Driver/Inc/stm32f4xx_ll_adc.h:3870:22:LL_ADC_Enable	16	static
../Drivers/STM32F4xx_HAL_Driver/Inc/stm32f4xx_ll_adc.h:3881:22:LL_ADC_Disable	16	static
../Drivers/STM32F4xx_HAL_Driver/Inc/stm32f4xx_ll_adc.h:3921:22:LL_ADC_REG_StartConversionSWStart	16	static
../Drivers/STM32F4xx_HAL_Driver/Inc/stm32f4xx_ll_adc.h:3989:26:LL_ADC_REG_ReadConversionData12	16	static
../Drivers/STM32F4xx_HAL_Driver/Inc/stm32f4xx_ll_adc.h:4290:26:LL_ADC_IsActiveFlag_EOCS	16	static
../Drivers/STM32F4xx_HAL_Driver/Inc/stm32f4xx_ll_adc.h:4301:26:LL_ADC_IsActiveFlag_OVR	16	static
../Drivers/STM32F4xx_HAL_Driver/Inc/stm32f4xx_ll_adc.h:4343:22:LL_ADC_ClearFlag_EOCS	16	static
../Drivers/STM32F4xx_HAL_Driver/Inc/stm32f4xx_ll_adc.h:4354:22:LL_ADC_ClearFlag_OVR	16	static
../Drivers/STM32F4xx_HAL_Driver/Inc/stm32f4xx_ll_adc.h:4575:22:LL_ADC_EnableIT_EOCS	16	static
../Drivers/STM32F4xx_HAL_Driver/Inc/stm32f4xx_ll_adc.h:4586:22:LL_ADC_EnableIT_OVR	16	static
../Drivers/STM32F4xx_HAL_Driver/Inc/stm32f4xx_ll_gpio.h:881:22:LL_GPIO_SetOutputPin	16	static
../Drivers/STM32F4xx_HAL_Driver/Inc/stm32f4xx_ll_gpio.h:910:22:LL_GPIO_ResetOutputPin	16	static
../Drivers/STM32F4xx_HAL_Driver/Inc/stm32f4xx_ll_tim.h:1116:22:LL_TIM_EnableCounter	16	static
../Drivers/STM32F4xx_HAL_Driver/Inc/stm32f4xx_ll_tim.h:1149:22:LL_TIM_EnableUpdateEvent	16	static
../Drivers/STM32F4xx_HAL_Driver/Inc/stm32f4xx_ll_tim.h:1160:22:LL_TIM_DisableUpdateEvent	16	static
../Drivers/STM32F4xx_HAL_Driver/Inc/stm32f4xx_ll_tim.h:1296:22:LL_TIM_EnableARRPreload	16	static
../Drivers/STM32F4xx_HAL_Driver/Inc/stm32f4xx_ll_tim.h:1411:22:LL_TIM_SetPrescaler	16	static
../Drivers/STM32F4xx_HAL_Driver/Inc/stm32f4xx_ll_tim.h:1422:26:LL_TIM_GetPrescaler	16	static
../Drivers/STM32F4xx_HAL_Driver/Inc/stm32f4xx_ll_tim.h:1438:22:LL_TIM_SetAutoReload	16	static
../Drivers/STM32F4xx_HAL_Driver/Inc/stm32f4xx_ll_tim.h:1612:22:LL_TIM_CC_EnableChannel	16	static
../Drivers/STM32F4xx_HAL_Driver/Inc/stm32f4xx_ll_tim.h:1734:22:LL_TIM_OC_SetMode	32	static
../Drivers/STM32F4xx_HAL_Driver/Inc/stm32f4xx_ll_tim.h:1793:22:LL_TIM_OC_SetPolarity	32	static
../Drivers/STM32F4xx_HAL_Driver/Inc/stm32f4xx_ll_tim.h:1969:22:LL_TIM_OC_EnablePreload	24	static
../Drivers/STM32F4xx_HAL_Driver/Inc/stm32f4xx_ll_tim.h:2120:22:LL_TIM_OC_SetCompareCH1	16	static
../Drivers/STM32F4xx_HAL_Driver/Inc/stm32f4xx_ll_tim.h:2137:22:LL_TIM_OC_SetCompareCH2	16	static
../Drivers/STM32F4xx_HAL_Driver/Inc/stm32f4xx_ll_tim.h:2154:22:LL_TIM_OC_SetCompareCH3	16	static
../Drivers/STM32F4xx_HAL_Driver/Inc/stm32f4xx_ll_tim.h:2171:22:LL_TIM_OC_SetCompareCH4	16	static
../Drivers/STM32F4xx_HAL_Driver/Inc/stm32f4xx_ll_tim.h:2941:22:LL_TIM_SetOffStates	24	static
../Drivers/STM32F4xx_HAL_Driver/Inc/stm32f4xx_ll_tim.h:2967:22:LL_TIM_DisableAutomaticOutput	16	static
../Drivers/STM32F4xx_HAL_Driver/Inc/stm32f4xx_ll_tim.h:2995:22:LL_TIM_EnableAllOutputs	16	static
../Drivers/STM32F4xx_HAL_Driver/Inc/stm32f4xx_ll_tim.h:3471:22:LL_TIM_DisableIT_UPDATE	16	static
../Drivers/STM32F4xx_HAL_Driver/Inc/stm32f4xx_ll_rcc.h:3291:26:LL_RCC_GetAPB1Prescaler	4	static
../App/cap_controller_task/cap_controller_task.c:159:6:Cap_Controller_Init	160	static
../App/cap_controller_task/cap_controller_task.c:237:6:Cap_Controller_Charge_Task	168	static
../App/cap_controller_task/cap_controller_task.c:335:6:Cap_Controller_Monitor_Task	16	static
../App/cap_controller_task/cap_controller_task.c:346:6:Cap_Set_Volt	16	static
../App/cap_controller_task/cap_controller_task.c:352:6:Cap_Set_Volt_All	16	static
../App/cap_controller_task/cap_controller_task.c:360:6:Cap_Set_Charge	24	static
../App/cap_controller_task/cap_controller_task.c:411:6:Cap_Set_Charge_All	32	static
../App/cap_controller_task/cap_controller_task.c:460:6:Cap_Set_Discharge	24	static
../App/cap_controller_task/cap_controller_task.c:498:6:Cap_Set_Discharge_All	24	static
../App/cap_controller_task/cap_controller_task.c:538:10:Cap_Get_Set_Volt	24	static
../App/cap_controller_task/cap_controller_task.c:549:6:Cap_Get_is_Charge	24	static
../App/cap_controller_task/cap_controller_task.c:560:6:Cap_Get_is_Discharge	24	static
../App/cap_controller_task/cap_controller_task.c:570:10:Cap_Measure_Volt	32	static
../App/cap_controller_task/cap_controller_task.c:598:6:Cap_Controller_ADC_IRQHandler	16	static,ignoring_inline_asm
../App/cap_controller_task/cap_controller_task.c:638:13:Cap_ADC_Init	16	static
../App/cap_controller_task/cap_controller_task.c:680:13:Cap_PWM_Init	16	static
../App/cap_controller_task/cap_controller_task.c:734:13:Cap_Discharge_Init	8	static
../App/cap_controller_task/cap_controller_task.c:740:20:FlyBack_PID_Compute	40	static
../App/cap_controller_task/cap_controller_task.c:780:20:Flyback_Set_Freq	40	static
../App/cap_controller_task/cap_controller_task.c:792:20:Flyback_Set_Duty	32	static
../App/cap_controller_task/cap_controller_task.c:818:13:Cap_Controller_Charge_Monitor_300V	16	static
../App/cap_controller_task/cap_controller_task.c:898:13:Cap_Controller_Discharge_Monitor_300V	16	static
../App/cap_controller_task/cap_controller_task.c:920:13:Cap_Controller_Charge_Monitor_50V	32	static
../App/cap_controller_task/cap_controller_task.c:1008:13:Cap_Controller_Discharge_Monitor_50V	16	static
../App/cap_controller_task/cap_controller_task.c:1027:17:Cap_Calib_Calculate	16	static
../App/cap_controller_task/cap_controller_task.c:1032:17:Cap_ADC_to_Volt	16	static
../App/cap_controller_task/cap_controller_task.c:1037:13:Cap_Set_Volt_Internal	16	static
