../Drivers/STM32F4xx_HAL_Driver/Inc/stm32f4xx_ll_exti.h:834:26:LL_EXTI_IsActiveFlag_0_31	16	static
../Drivers/STM32F4xx_HAL_Driver/Inc/stm32f4xx_ll_exti.h:910:22:LL_EXTI_ClearFlag_0_31	16	static
../Core/Src/stm32f4xx_it.c:74:6:NMI_Handler	4	static
../Core/Src/stm32f4xx_it.c:89:6:HardFault_Handler	4	static
../Core/Src/stm32f4xx_it.c:104:6:MemManage_Handler	4	static
../Core/Src/stm32f4xx_it.c:119:6:BusFault_Handler	4	static
../Core/Src/stm32f4xx_it.c:134:6:UsageFault_Handler	4	static
../Core/Src/stm32f4xx_it.c:149:6:SVC_Handler	4	static
../Core/Src/stm32f4xx_it.c:162:6:DebugMon_Handler	4	static
../Core/Src/stm32f4xx_it.c:175:6:PendSV_Handler	4	static
../Core/Src/stm32f4xx_it.c:188:6:SysTick_Handler	8	static
../Core/Src/stm32f4xx_it.c:209:6:EXTI1_IRQHandler	8	static
../Core/Src/stm32f4xx_it.c:230:6:EXTI2_IRQHandler	8	static
../Core/Src/stm32f4xx_it.c:251:6:EXTI3_IRQHandler	8	static
../Core/Src/stm32f4xx_it.c:272:6:ADC_IRQHandler	8	static
../Core/Src/stm32f4xx_it.c:286:6:USART1_IRQHandler	8	static
../Core/Src/stm32f4xx_it.c:301:6:USART6_IRQHandler	8	static
