../MyDRV/device_drv/BMP390/bmp390.c:13:21:BMP390_read_raw_calibration	48	static
../MyDRV/device_drv/BMP390/bmp390.c:41:13:BMP390_convert_calibration	16	static
../MyDRV/device_drv/BMP390/bmp390.c:60:13:BMP390_compensate_temperature	24	static
../MyDRV/device_drv/BMP390/bmp390.c:67:13:BMP390_compensate_pressure	40	static
../MyDRV/device_drv/BMP390/bmp390.c:90:13:BMP390_calculate_altitude	16	static
../MyDRV/device_drv/BMP390/bmp390.c:104:14:BMP390_init	24	static
../MyDRV/device_drv/BMP390/bmp390.c:119:14:BMP390_set_mode	24	static
../MyDRV/device_drv/BMP390/bmp390.c:145:14:bmp390_temp_press_update	32	static
../MyDRV/device_drv/BMP390/bmp390.c:171:14:bmp390_temp_press_update_IT_Start	24	static
../MyDRV/device_drv/BMP390/bmp390.c:179:14:bmp390_temp_press_update_IT_Complete	16	static
../MyDRV/device_drv/BMP390/bmp390.c:208:8:bmp390_get_temperature	16	static
../MyDRV/device_drv/BMP390/bmp390.c:214:8:bmp390_get_press	16	static
../MyDRV/device_drv/BMP390/bmp390.c:220:8:bmp390_get_altitude	16	static
