../MyDRV/device_drv/BMP390/bmp390.c:21:6:BMP390_read_raw_calibration	40	static
../MyDRV/device_drv/BMP390/bmp390.c:52:6:BMP390_convert_calibration	16	static
../MyDRV/device_drv/BMP390/bmp390.c:70:6:BMP390_set_mode	24	static
../MyDRV/device_drv/BMP390/bmp390.c:94:6:BMP390_init	16	static
../MyDRV/device_drv/BMP390/bmp390.c:111:6:BMP390_read_raw_temp_press	24	static
../MyDRV/device_drv/BMP390/bmp390.c:128:6:BMP390_compensate_temperature	24	static
../MyDRV/device_drv/BMP390/bmp390.c:135:6:BMP390_compensate_pressure	40	static
../MyDRV/device_drv/BMP390/bmp390.c:158:6:BMP390_calculate_altitude	16	static
../MyDRV/device_drv/BMP390/bmp390.c:167:6:bmp390_temp_press_update	16	static
../MyDRV/device_drv/BMP390/bmp390.c:182:8:bmp390_get_temperature	8	static
../MyDRV/device_drv/BMP390/bmp390.c:188:8:bmp390_get_press	8	static
../MyDRV/device_drv/BMP390/bmp390.c:194:8:bmp390_get_altitude	8	static
