../App/sensor_task/sensor_task.c:32:6:Sensor_ADC_Init	8	static
../App/sensor_task/sensor_task.c:38:7:Sensor_I2C_Init	16	static
../App/sensor_task/sensor_task.c:65:6:Sensor_ADC_task	16	static
../App/sensor_task/sensor_task.c:135:6:Sensor_I2C_task	24	static
../App/sensor_task/sensor_task.c:179:6:Sensor_I2C_EV_ISR	8	static
../App/sensor_task/sensor_task.c:184:6:Onboard_Sensor_I2C_EV_ISR	8	static
../App/sensor_task/sensor_task.c:188:6:Sensor_I2C_ER_ISR	8	static
../App/sensor_task/sensor_task.c:192:6:Onboard_Sensor_I2C_ER_ISR	8	static
