../App/sensor_task/sensor_task.c:31:6:Sensor_ADC_Init	8	static
../App/sensor_task/sensor_task.c:39:7:Sensor_I2C_Init	24	static
../App/sensor_task/sensor_task.c:66:6:Sensor_ADC_task	16	static
../App/sensor_task/sensor_task.c:72:6:Sensor_I2C_task	32	static
../App/sensor_task/sensor_task.c:148:6:Sensor_I2C_EV_ISR	8	static
../App/sensor_task/sensor_task.c:153:6:Onboard_Sensor_I2C_EV_ISR	8	static
../App/sensor_task/sensor_task.c:157:6:Sensor_I2C_ER_ISR	8	static
../App/sensor_task/sensor_task.c:161:6:Onboard_Sensor_I2C_ER_ISR	8	static
